Microchip Technology Inc, vv1_11 (A) L

Tool Name:
  c:\program files\microchip\xc16\v1.11\bin\bin\..\bin/elf-ld.exe

Command:
  -p30F6014A \
  -o \
  dist/default/production/demoGCtronic.X.production.elf \
  -Lc:/program files/microchip/xc16/v1.11/bin/bin/.. \
  -Lc:/program files/microchip/xc16/v1.11/bin/bin/../../lib \
  -Lc:/program files/microchip/xc16/v1.11/bin/bin/../../lib/PIC24E \
  -Lc:/program files/microchip/xc16/v1.11/bin/bin/../../support/PIC24E/gld \
  -Lc:/program files/microchip/xc16/v1.11/bin/bin/../../lib/PIC24F \
  -Lc:/program files/microchip/xc16/v1.11/bin/bin/../../support/PIC24F/gld \
  -Lc:/program files/microchip/xc16/v1.11/bin/bin/../../lib/PIC24H \
  -Lc:/program files/microchip/xc16/v1.11/bin/bin/../../support/PIC24H/gld \
  -Lc:/program files/microchip/xc16/v1.11/bin/bin/../../lib/dsPIC30F \
  -Lc:/program files/microchip/xc16/v1.11/bin/bin/../../support/dsPIC30F/gld \
  -Lc:/program files/microchip/xc16/v1.11/bin/bin/../../lib/dsPIC33E \
  -Lc:/program files/microchip/xc16/v1.11/bin/bin/../../support/dsPIC33E/gld \
  -Lc:/program files/microchip/xc16/v1.11/bin/bin/../../lib/dsPIC33F \
  -Lc:/program files/microchip/xc16/v1.11/bin/bin/../../support/dsPIC33F/gld \
  build/default/production/_ext/1472/utility.o \
  build/default/production/_ext/1472/Asercom.o \
  build/default/production/_ext/1472/DataEEPROM.o \
  build/default/production/_ext/1472/main_c.o \
  build/default/production/_ext/1472/runaccelerometer.o \
  build/default/production/_ext/1472/rungrounddirection.o \
  build/default/production/_ext/1472/runlocatesound.o \
  build/default/production/_ext/1472/runshow.o \
  build/default/production/_ext/1472/runwallfollow.o \
  build/default/production/_ext/1472/translatorI2C.o \
  build/default/production/_ext/487958404/e_acc.o \
  build/default/production/_ext/487958404/e_ad_conv.o \
  build/default/production/_ext/663421589/e_bluetooth.o \
  build/default/production/_ext/930121020/e_common.o \
  build/default/production/_ext/930121020/e_interrupt.o \
  build/default/production/_ext/930121020/e_po6030k_registers.o \
  build/default/production/_ext/2015481517/e_const_sound.o \
  build/default/production/_ext/2015481517/e_init_codec_slave.o \
  build/default/production/_ext/2015481517/e_init_dci_master.o \
  build/default/production/_ext/2015481517/e_isr_dci.o \
  build/default/production/_ext/2015481517/e_sound.o \
  build/default/production/_ext/2015481517/e_sub_dci_kickoff.o \
  build/default/production/_ext/417766185/e_I2C_master_module.o \
  build/default/production/_ext/417766185/e_I2C_protocol.o \
  build/default/production/_ext/64492303/e_init_uart1.o \
  build/default/production/_ext/64492303/e_uart1_rx_char.o \
  build/default/production/_ext/64492303/e_uart1_tx_char.o \
  build/default/production/_ext/64492303/e_uart2_rx_char.o \
  build/default/production/_ext/64492303/e_uart2_tx_char.o \
  build/default/production/_ext/1259340286/e_init_port.o \
  build/default/production/_ext/1949949662/e_agenda.o \
  build/default/production/_ext/1949949662/e_remote_control.o \
  build/default/production/_ext/1514613776/e_calc_po3030k.o \
  build/default/production/_ext/1514613776/e_calc_po6030k.o \
  build/default/production/_ext/760574787/e_init_uart2.o \
  build/default/production/_ext/879901074/e_led.o \
  build/default/production/_ext/487958404/e_micro.o \
  build/default/production/_ext/879901074/e_motors.o \
  build/default/production/_ext/1514613776/e_po3030k_registers.o \
  build/default/production/_ext/487958404/e_prox.o \
  build/default/production/_ext/1514613776/e_timers.o \
  build/default/production/_ext/1472/epuckPlayer.o \
  build/default/production/_ext/1472/runbreitenberg_adv.o \
  --defsym=__MPLAB_BUILD=1 \
  -Tp30F6014A.gld.00 \
  --heap=128 \
  --stack=512 \
  --check-sections \
  --data-init \
  --pack-data \
  --handles \
  --isr \
  --no-gc-sections \
  --fill-upper=0 \
  --stackguard=16 \
  --library-path=../../../../../../../../Program Files/Microchip/MPLAB C30/lib \
  --library-path=.. \
  --no-force-link \
  --smart-io \
  -Map=dist/default/production/demoGCtronic.X.production.map \
  --report-mem \
  -start-group \
  --library=pic30-elf \
  --library=m-elf \
  --library=c-elf \
  -end-group \

Archive member included because of file (symbol)

c:/program files/microchip/xc16/v1.11/bin/bin/../../lib\libpic30-elf.a(crt0_standard.o)
                              (__resetPRI)
c:/program files/microchip/xc16/v1.11/bin/bin/../../lib\libpic30-elf.a(data_init_standard.o)
                              c:/program files/microchip/xc16/v1.11/bin/bin/../../lib\libpic30-elf.a(crt0_standard.o) (__data_init_standard)
c:/program files/microchip/xc16/v1.11/bin/bin/../../lib\libm-elf.a(addsf3.eo)
                              build/default/production/_ext/1472/runlocatesound.o (___subsf3)
c:/program files/microchip/xc16/v1.11/bin/bin/../../lib\libm-elf.a(asinf.eo)
[...]
Memory Configuration

Name             Origin             Length             Attributes
data             0x000800           0x002000           a !xr
reset            0x000000           0x000004  
ivt              0x000004           0x00007c  
_reserved        0x000080           0x000004  
aivt             0x000084           0x00007c  
program          0x000100           0x017efe           xr
eedata           0x7ff000           0x001000  
FUID0            0x8005c0           0x000002  
FUID1            0x8005c2           0x000002  
FUID2            0x8005c4           0x000002  
FUID3            0x8005c6           0x000002  
FOSC             0xf80000           0x000002  
FWDT             0xf80002           0x000002  
FBORPOR          0xf80004           0x000002  
FBS              0xf80006           0x000002  
FSS              0xf80008           0x000002  
FGS              0xf8000a           0x000002  
FICD             0xf8000c           0x000002  
*default*        0x000000           0xffffffff  

Linker script and memory map

LOAD build/default/production/_ext/1472/utility.o
LOAD build/default/production/_ext/1472/Asercom.o
LOAD build/default/production/_ext/1472/DataEEPROM.o
LOAD build/default/production/_ext/1472/main_c.o
LOAD build/default/production/_ext/1472/runaccelerometer.o
LOAD build/default/production/_ext/1472/rungrounddirection.o
LOAD build/default/production/_ext/1472/runlocatesound.o
LOAD build/default/production/_ext/1472/runshow.o
LOAD build/default/production/_ext/1472/runwallfollow.o
LOAD build/default/production/_ext/1472/translatorI2C.o
LOAD build/default/production/_ext/487958404/e_acc.o
LOAD build/default/production/_ext/487958404/e_ad_conv.o
LOAD build/default/production/_ext/663421589/e_bluetooth.o
LOAD build/default/production/_ext/930121020/e_common.o
LOAD build/default/production/_ext/930121020/e_interrupt.o
LOAD build/default/production/_ext/930121020/e_po6030k_registers.o
LOAD build/default/production/_ext/2015481517/e_const_sound.o
LOAD build/default/production/_ext/2015481517/e_init_codec_slave.o
LOAD build/default/production/_ext/2015481517/e_init_dci_master.o
LOAD build/default/production/_ext/2015481517/e_isr_dci.o
LOAD build/default/production/_ext/2015481517/e_sound.o
LOAD build/default/production/_ext/2015481517/e_sub_dci_kickoff.o
LOAD build/default/production/_ext/417766185/e_I2C_master_module.o
LOAD build/default/production/_ext/417766185/e_I2C_protocol.o
LOAD build/default/production/_ext/64492303/e_init_uart1.o
LOAD build/default/production/_ext/64492303/e_uart1_rx_char.o
LOAD build/default/production/_ext/64492303/e_uart1_tx_char.o
LOAD build/default/production/_ext/64492303/e_uart2_rx_char.o
LOAD build/default/production/_ext/64492303/e_uart2_tx_char.o
LOAD build/default/production/_ext/1259340286/e_init_port.o
LOAD build/default/production/_ext/1949949662/e_agenda.o
LOAD build/default/production/_ext/1949949662/e_remote_control.o
LOAD build/default/production/_ext/1514613776/e_calc_po3030k.o
LOAD build/default/production/_ext/1514613776/e_calc_po6030k.o
LOAD build/default/production/_ext/760574787/e_init_uart2.o
LOAD build/default/production/_ext/879901074/e_led.o
LOAD build/default/production/_ext/487958404/e_micro.o
LOAD build/default/production/_ext/879901074/e_motors.o
LOAD build/default/production/_ext/1514613776/e_po3030k_registers.o
LOAD build/default/production/_ext/487958404/e_prox.o
LOAD build/default/production/_ext/1514613776/e_timers.o
LOAD build/default/production/_ext/1472/epuckPlayer.o
LOAD build/default/production/_ext/1472/runbreitenberg_adv.o
                    0x0001                  __MPLAB_BUILD = 0x1
LOAD c:/program files/microchip/xc16/v1.11/bin/bin/../../lib/dsPIC30F\libp30F6014A-elf.a
                    0x8005c0                  __FUID0 = 0x8005c0
                    0x8005c2                  __FUID1 = 0x8005c2
                    0x8005c4                  __FUID2 = 0x8005c4
                    0x8005c6                  __FUID3 = 0x8005c6
                    0xf80000                  __FOSC = 0xf80000
                    0xf80002                  __FWDT = 0xf80002
                    0xf80004                  __FBORPOR = 0xf80004
                    0xf80006                  __FBS = 0xf80006
                    0xf80008                  __FSS = 0xf80008
                    0xf8000a                  __FGS = 0xf8000a
                    0xf8000c                  __FICD = 0xf8000c
                    0x0004                  __IVT_BASE = 0x4
                    0x0084                  __AIVT_BASE = 0x84
                    0x0800                  __DATA_BASE = 0x800
                    0x2000                  __DATA_LENGTH = 0x2000
                    0x1800                  __YDATA_BASE = 0x1800
                    0x0100                  __CODE_BASE = 0x100
                    0x17f00                  __CODE_LENGTH = 0x17f00

.reset            0x000000          0x4
                  0x000000          0x2 SHORT 0x100 ABSOLUTE (__reset)
                  0x000001          0x2 SHORT 0x4
                  0x000002          0x2 SHORT 0x0 ((ABSOLUTE (__reset) >> 0x10) & 0x7f)
                  0x000003          0x2 SHORT 0x0

.text             0x000100       0x2fc4
 *(.init)
 .init            0x000100         0x32 c:/program files/microchip/xc16/v1.11/bin/bin/../../lib\libpic30-elf.a(crt0_standard.o)
                  0x000100                  __resetPRI
                  0x000100                  __reset
                  0x000122                  __psv_init
 .init            0x000132         0x5e c:/program files/microchip/xc16/v1.11/bin/bin/../../lib\libpic30-elf.a(data_init_standard.o)
                  0x000132                  __data_init_standard
                  0x000132                  __data_init
 *(.user_init)
 *(.handle)
 .handle          0x000190         0x20 jump_table
 *(.isr*)
 .isr.text        0x0001b0        0x10e build/default/production/_ext/1514613776/e_timers.o
                  0x0001b0                  __T5Interrupt
                  0x0001fa                  _e_poxxxx_launch_capture
                  0x000212                  _e_poxxxx_apply_timer_config
                  0x0002b6                  _e_poxxxx_is_img_ready
 .isr             0x0002be          0x4 default_isr
                  0x0002be                  __DefaultInterrupt
 *(.libc)
 .libc            0x0002c2         0x14 c:/program files/microchip/xc16/v1.11/bin/bin/../../lib\libc-elf.a(isalpha.eso)
                  0x0002c2                  _isalpha
 .libc            0x0002d6         0x10 c:/program files/microchip/xc16/v1.11/bin/bin/../../lib\libc-elf.a(isspace.eso)
                  0x0002d6                  _isspace
 .libc            0x0002e6          0xc c:/program files/microchip/xc16/v1.11/bin/bin/../../lib\libc-elf.a(isupper.eso)
                  0x0002e6                  _isupper
 .libc            0x0002f2          0xe c:/program files/microchip/xc16/v1.11/bin/bin/../../lib\libc-elf.a(tolower.eso)
                  0x0002f2                  _tolower
 .libc            0x000300          0xe c:/program files/microchip/xc16/v1.11/bin/bin/../../lib\libc-elf.a(toupper.eso)
                  0x000300                  _toupper
 *(.libm)
 *(.libdsp)
 *(.lib*)
 .libm.subsf3     0x00030e         0xbc c:/program files/microchip/xc16/v1.11/bin/bin/../../lib\libm-elf.a(addsf3.eo)
                  0x00030e                  ___subsf3
                  0x000310                  ___addsf3
 .libm.asinf      0x0003ca          0x4 c:/program files/microchip/xc16/v1.11/bin/bin/../../lib\libm-elf.a(asinf.eo)
                  0x0003ca                  _asinf
 .libm.atanf      0x0003ce         0x3a c:/program files/microchip/xc16/v1.11/bin/bin/../../lib\libm-elf.a(atan2f.eo)
                  0x0003ce                  _atan2f
 .libm.atanf      0x000408         0xca c:/program files/microchip/xc16/v1.11/bin/bin/../../lib\libm-elf.a(atanf.eo)
                  0x000408                  _atanf
 .libm.divfs3     0x0004d2         0x84 c:/program files/microchip/xc16/v1.11/bin/bin/../../lib\libm-elf.a(divsf3.eo)
                  0x0004d2                  ___divsf3
 .libm.divsi3     0x000556         0x1e c:/program files/microchip/xc16/v1.11/bin/bin/../../lib\libm-elf.a(divsi3.eo)
                  0x000556                  ___divsi3
 .libm.eqsf2      0x000574          0x4 c:/program files/microchip/xc16/v1.11/bin/bin/../../lib\libm-elf.a(feqltle.eo)
                  0x000574                  ___eqsf2
                  0x000574                  ___ltsf2
                  0x000574                  ___lesf2
 .libm.gtsf2      0x000578          0x4 c:/program files/microchip/xc16/v1.11/bin/bin/../../lib\libm-elf.a(fgtge.eo)
                  0x000578                  ___gesf2
                  0x000578                  ___gtsf2
 .libm.fixsfsi    0x00057c         0x42 c:/program files/microchip/xc16/v1.11/bin/bin/../../lib\libm-elf.a(fixsfsi.eo)
                  0x00057c                  _(float, int, long long, short, float, short, int)
 .libm.floatsisf
                  0x0005be          0x6 c:/program files/microchip/xc16/v1.11/bin/bin/../../lib\libm-elf.a(floatsisf.eo)
                  0x0005be                  ___floatsisf
 .libm.floorf     0x0005c4         0x10 c:/program files/microchip/xc16/v1.11/bin/bin/../../lib\libm-elf.a(floorf.eo)
                  0x0005c4                  _floorf
 .libm.nesf2      0x0005d4          0x4 c:/program files/microchip/xc16/v1.11/bin/bin/../../lib\libm-elf.a(fne.eo)
                  0x0005d4                  ___nesf2
 .libm.fpack      0x0005d8         0x4c c:/program files/microchip/xc16/v1.11/bin/bin/../../lib\libm-elf.a(fpack.eo)
                  0x0005d8                  __fpack
 .libm.funpack    0x000624         0x2a c:/program files/microchip/xc16/v1.11/bin/bin/../../lib\libm-elf.a(funpack.eo)
                  0x000624                  __funpack
 .libm.funpack2
                  0x00064e         0x10 c:/program files/microchip/xc16/v1.11/bin/bin/../../lib\libm-elf.a(funpack2.eo)
                  0x00064e                  __funpack2
 .libm.fPropagateNaN
                  0x00065e         0x12 c:/program files/microchip/xc16/v1.11/bin/bin/../../lib\libm-elf.a(futil.eo)
                  0x00065e                  __fPropagateNaN
 .libm.fbobExit
                  0x000670          0x8 c:/program files/microchip/xc16/v1.11/bin/bin/../../lib\libm-elf.a(futil.eo)
                  0x000670                  __fbopExit
 .libm.fbopReturnNaN
                  0x000678          0x6 c:/program files/microchip/xc16/v1.11/bin/bin/../../lib\libm-elf.a(futil.eo)
                  0x000678                  __fbopReturnNaN
 .libm.mulsf3     0x00067e         0x68 c:/program files/microchip/xc16/v1.11/bin/bin/../../lib\libm-elf.a(mulsf3.eo)
                  0x00067e                  ___mulsf3
 .libm.sqrtf      0x0006e6         0x6a c:/program files/microchip/xc16/v1.11/bin/bin/../../lib\libm-elf.a(sqrtf.eo)
                  0x0006e6                  _sqrtf
 .libm.udivsi3    0x000750         0x20 c:/program files/microchip/xc16/v1.11/bin/bin/../../lib\libm-elf.a(udivsi3.eo)
                  0x000750                  ___udivsi3
 .libm.asinacosf
                  0x000770         0xce c:/program files/microchip/xc16/v1.11/bin/bin/../../lib\libm-elf.a(asinacosf.eo)
                  0x000770                  __asinacosf
 .libm.fchop      0x00083e         0x4e c:/program files/microchip/xc16/v1.11/bin/bin/../../lib\libm-elf.a(fchop.eo)
                  0x00083e                  __fchop
 .libm.fcompare
                  0x00088c         0x36 c:/program files/microchip/xc16/v1.11/bin/bin/../../lib\libm-elf.a(fcompare.eo)
                  0x00088c                  __fcompare
 .libm.floatdisf
                  0x0008c2         0x20 c:/program files/microchip/xc16/v1.11/bin/bin/../../lib\libm-elf.a(floatdisf.eo)
                  0x0008c2                  ___floatdisf
 .libm.floatundisf
                  0x0008e2         0x5e c:/program files/microchip/xc16/v1.11/bin/bin/../../lib\libm-elf.a(floatundisf.eo)
                  0x0008e2                  ___floatundisf
 .libc.atoi.atoi
                  0x000940         0x48 c:/program files/microchip/xc16/v1.11/bin/bin/../../lib\libc-elf.a(atoi.eo)
                  0x000940                  _atoi
 .libc.exit.exit
                  0x000988          0x8 c:/program files/microchip/xc16/v1.11/bin/bin/../../lib\libc-elf.a(exit.eo)
                  0x000988                  _exit
 .libc.malloc.malloc
                  0x000990        0x136 c:/program files/microchip/xc16/v1.11/bin/bin/../../lib\libc-elf.a(malloc.eo)
                  0x000990                  _malloc
 .libc.free.free
                  0x000ac6          0xc c:/program files/microchip/xc16/v1.11/bin/bin/../../lib\libc-elf.a(malloc.eo)
                  0x000ac6                  _free
 .libc.realloc.realloc
                  0x000ad2         0x5e c:/program files/microchip/xc16/v1.11/bin/bin/../../lib\libc-elf.a(malloc.eo)
                  0x000ad2                  _realloc
 .libc.memcpy.memcpy
                  0x000b30         0x10 c:/program files/microchip/xc16/v1.11/bin/bin/../../lib\libc-elf.a(memcpy.eo)
                  0x000b30                  _memcpy
 .libc.memset.memset
                  0x000b40         0x10 c:/program files/microchip/xc16/v1.11/bin/bin/../../lib\libc-elf.a(memset.eo)
                  0x000b40                  _memset
 .libc._cleanup._cleanup
                  0x000b50         0x14 c:/program files/microchip/xc16/v1.11/bin/bin/../../lib\libc-elf.a(stdclean.eo)
                  0x000b50                  __cleanup
 .libc.strlen.strlen
                  0x000b64          0xe c:/program files/microchip/xc16/v1.11/bin/bin/../../lib\libc-elf.a(strlen.eo)
                  0x000b64                  _strlen
 .libc.wspace.wspace
                  0x000b72         0x1e c:/program files/microchip/xc16/v1.11/bin/bin/../../lib\libc-elf.a(doscan_cdnopuxX.XXeo)
 .libc.range.range
                  0x000b90         0x46 c:/program files/microchip/xc16/v1.11/bin/bin/../../lib\libc-elf.a(doscan_cdnopuxX.XXeo)
 .libc._vfscanf_cdnopuxX._vfscanf_cdnopuxX
                  0x000bd6        0x2ee c:/program files/microchip/xc16/v1.11/bin/bin/../../lib\libc-elf.a(doscan_cdnopuxX.XXeo)
                  0x000bd6                  __vfscanf_cdnopuxX
 .libc._sprintf_cdfFnopsuxX._sprintf_cdfFnopsuxX
                  0x000ec4         0x2c c:/program files/microchip/xc16/v1.11/bin/bin/../../lib\libc-elf.a(sprintf_cdfFnopsuxX.XXeo)
                  0x000ec4                  __sprintf_cdfFnopuxX
                  0x000ec4                  __sprintf_cdfFnopsuxX
                  0x000ec4                  __sprintf_cdnopuxX
                  0x000ec4                  __sprintf_cdnopsuxX
 .libc.fround.fround
                  0x000ef0         0x90 c:/program files/microchip/xc16/v1.11/bin/bin/../../lib\libc-elf.a(doprnt_cdfFnopsuxX.XXeo)
 .libc.scale.scale
                  0x000f80         0xb8 c:/program files/microchip/xc16/v1.11/bin/bin/../../lib\libc-elf.a(doprnt_cdfFnopsuxX.XXeo)
 .libc._vfprintf_cdfFnopsuxX._vfprintf_cdfFnopsuxX
                  0x001038        0xd1e c:/program files/microchip/xc16/v1.11/bin/bin/../../lib\libc-elf.a(doprnt_cdfFnopsuxX.XXeo)
                  0x001038                  __vfprintf_cdnopuxX
                  0x001038                  __vfprintf_cdnopsuxX
                  0x001038                  __vfprintf_cdfFnopuxX
                  0x001038                  __vfprintf_cdfFnopsuxX
 .libc._sscanf_cdnopsuxX._sscanf_cdnopsuxX
                  0x001d56         0x1c c:/program files/microchip/xc16/v1.11/bin/bin/../../lib\libc-elf.a(sscanf_cdnopsuxX.XXeo)
                  0x001d56                  __sscanf_cdnopuxX
                  0x001d56                  __sscanf_s
                  0x001d56                  __sscanf_0
                  0x001d56                  __sscanf_cdnopsuxX
 .libc.wspace.wspace
                  0x001d72         0x1e c:/program files/microchip/xc16/v1.11/bin/bin/../../lib\libc-elf.a(doscan_cdnopsuxX.XXeo)
 .libc.range.range
                  0x001d90         0x46 c:/program files/microchip/xc16/v1.11/bin/bin/../../lib\libc-elf.a(doscan_cdnopsuxX.XXeo)
 .libc._vfscanf_cdnopsuxX._vfscanf_cdnopsuxX
                  0x001dd6        0x2ee c:/program files/microchip/xc16/v1.11/bin/bin/../../lib\libc-elf.a(doscan_cdnopsuxX.XXeo)
                  0x001dd6                  __vfscanf_cdnopsuxX
 .libc.wspace.wspace
                  0x0020c4         0x1e c:/program files/microchip/xc16/v1.11/bin/bin/../../lib\libc-elf.a(doscan_s.XXeo)
 .libc.range.range
                  0x0020e2         0x46 c:/program files/microchip/xc16/v1.11/bin/bin/../../lib\libc-elf.a(doscan_s.XXeo)
 .libc._vfscanf_s._vfscanf_s
                  0x002128        0x2ee c:/program files/microchip/xc16/v1.11/bin/bin/../../lib\libc-elf.a(doscan_s.XXeo)
                  0x002128                  __vfscanf_s
                  0x002128                  __vfscanf_0
 .libc.fclose.fclose
                  0x002416         0x76 c:/program files/microchip/xc16/v1.11/bin/bin/../../lib\libc-elf.a(fclose.eo)
                  0x002416                  _fclose
 .libc.fflush.fflush
                  0x00248c         0x54 c:/program files/microchip/xc16/v1.11/bin/bin/../../lib\libc-elf.a(fflush.eo)
                  0x00248c                  _fflush
 .libc.fgetc.fgetc
                  0x0024e0         0x66 c:/program files/microchip/xc16/v1.11/bin/bin/../../lib\libc-elf.a(fgetc.eo)
                  0x0024e0                  _fgetc
 .libc._filbuf._filbuf
                  0x002546         0x9c c:/program files/microchip/xc16/v1.11/bin/bin/../../lib\libc-elf.a(filbuf.eo)
                  0x002546                  __filbuf
 .libc.fputc.fputc
                  0x0025e2         0x8a c:/program files/microchip/xc16/v1.11/bin/bin/../../lib\libc-elf.a(fputc.eo)
                  0x0025e2                  _fputc
 .libc.ungetc.ungetc
                  0x00266c         0x3e c:/program files/microchip/xc16/v1.11/bin/bin/../../lib\libc-elf.a(ungetc.eo)
                  0x00266c                  _ungetc
 .libc._bufallo._bufallo
                  0x0026aa         0x1a c:/program files/microchip/xc16/v1.11/bin/bin/../../lib\libc-elf.a(buf.elo)
                  0x0026aa                  __bufallo
 .libc._buffree._buffree
                  0x0026c4          0x8 c:/program files/microchip/xc16/v1.11/bin/bin/../../lib\libc-elf.a(buf.elo)
                  0x0026c4                  __buffree
 .libc._flsbuf._flsbuf
                  0x0026cc         0x80 c:/program files/microchip/xc16/v1.11/bin/bin/../../lib\libc-elf.a(flsbuf.eo)
                  0x0026cc                  __flsbuf
 .libc._exit      0x00274c         0x16 c:/program files/microchip/xc16/v1.11/bin/bin/../../lib\libpic30-elf.a(_exit.eo)
                  0x00274c                  __exit
 .libc.doread.doread
                  0x002762          0x4 c:/program files/microchip/xc16/v1.11/bin/bin/../../lib\libpic30-elf.a(read.eo)
 .libc.read       0x002766         0x66 c:/program files/microchip/xc16/v1.11/bin/bin/../../lib\libpic30-elf.a(read.eo)
                  0x002766                  _read
 .libc.doclose.doclose
                  0x0027cc          0x4 c:/program files/microchip/xc16/v1.11/bin/bin/../../lib\libpic30-elf.a(close.eo)
 .libc.close      0x0027d0         0x12 c:/program files/microchip/xc16/v1.11/bin/bin/../../lib\libpic30-elf.a(close.eo)
                  0x0027d0                  _close
 .libc.dowrite.dowrite
                  0x0027e2          0x4 c:/program files/microchip/xc16/v1.11/bin/bin/../../lib\libpic30-elf.a(write.eo)
 .libc.write      0x0027e6         0x5e c:/program files/microchip/xc16/v1.11/bin/bin/../../lib\libpic30-elf.a(write.eo)
                  0x0027e6                  _write
 .libc.doremove.doremove
                  0x002844          0x4 c:/program files/microchip/xc16/v1.11/bin/bin/../../lib\libpic30-elf.a(remove.eo)
 .libc.remove     0x002848         0x12 c:/program files/microchip/xc16/v1.11/bin/bin/../../lib\libpic30-elf.a(remove.eo)
                  0x002848                  _remove
 .libc.sbrk       0x00285a         0x28 c:/program files/microchip/xc16/v1.11/bin/bin/../../lib\libpic30-elf.a(sbrk.eo)
                  0x00285a                  _sbrk
 .libc.brk        0x002882         0x1c c:/program files/microchip/xc16/v1.11/bin/bin/../../lib\libpic30-elf.a(brk.elo)
                  0x002882                  _brk
 .libm.adddf3     0x00289e         0xfa c:/program files/microchip/xc16/v1.11/bin/bin/../../lib\libm-elf.a(adddf3.eo)
                  0x00289e                  ___adddf3
 .libm.eqdf2      0x002998          0xa c:/program files/microchip/xc16/v1.11/bin/bin/../../lib\libm-elf.a(deqltle.eo)
                  0x002998                  ___eqdf2
                  0x002998                  ___ltdf2
                  0x002998                  ___ledf2
 .libm.gtdf2      0x0029a2          0xa c:/program files/microchip/xc16/v1.11/bin/bin/../../lib\libm-elf.a(dgtge.eo)
                  0x0029a2                  ___gtdf2
                  0x0029a2                  ___gedf2
 .libm.divdf3     0x0029ac         0xb4 c:/program files/microchip/xc16/v1.11/bin/bin/../../lib\libm-elf.a(divdf3.eo)
                  0x0029ac                  ___divdf3
 .libm.nedf2      0x002a60          0xa c:/program files/microchip/xc16/v1.11/bin/bin/../../lib\libm-elf.a(dne.eo)
                  0x002a60                  ___nedf2
 .libm.dpack      0x002a6a         0x58 c:/program files/microchip/xc16/v1.11/bin/bin/../../lib\libm-elf.a(dpack.eo)
                  0x002a6a                  __dpack
 .libm.dunpack2
                  0x002ac2         0x32 c:/program files/microchip/xc16/v1.11/bin/bin/../../lib\libm-elf.a(dunpack2.eo)
                  0x002ac2                  __dunpack2
                  0x002ae4                  __dreturnNaN
                  0x002aea                  __dunpack2exit
 .libm.extendsfdf2
                  0x002af4         0x3e c:/program files/microchip/xc16/v1.11/bin/bin/../../lib\libm-elf.a(extendsfdf.eo)
                  0x002af4                  ___extendsfdf2
 .libm.fixunsdfdi
                  0x002b32         0x62 c:/program files/microchip/xc16/v1.11/bin/bin/../../lib\libm-elf.a(fixunsdfdi.eo)
                  0x002b32                  ___fixunsdfdi
 .libm.floatundidf
                  0x002b94         0x56 c:/program files/microchip/xc16/v1.11/bin/bin/../../lib\libm-elf.a(floatundidf.eo)
                  0x002b94                  ___floatundidf
 .libm.frexpf     0x002bea          0x6 c:/program files/microchip/xc16/v1.11/bin/bin/../../lib\libm-elf.a(frexpf.eo)
                  0x002bea                  _frexpf
 .libm.muldf3     0x002bf0         0xea c:/program files/microchip/xc16/v1.11/bin/bin/../../lib\libm-elf.a(muldf3.eo)
                  0x002bf0                  ___muldf3
 .libm.subdf3     0x002cda          0x4 c:/program files/microchip/xc16/v1.11/bin/bin/../../lib\libm-elf.a(subdf3.eo)
                  0x002cda                  ___subdf3
 .libm.truncdfsf2
                  0x002cde         0x56 c:/program files/microchip/xc16/v1.11/bin/bin/../../lib\libm-elf.a(truncdfsf.eo)
                  0x002cde                  ___truncdfsf2
 .libm.mulsi3     0x002d34          0xc c:/program files/microchip/xc16/v1.11/bin/bin/../../lib\libm-elf.a(mulsi3.eo)
                  0x002d34                  ___mulp32peds3
                  0x002d34                  ___mulsi3
                  0x002d34                  ___mulp32eds3
 .libm.__PplusBdi.__PplusBdi
                  0x002d40         0x28 c:/program files/microchip/xc16/v1.11/bin/bin/../../lib\libm-elf.a(divmoddi3.eo)
 .libm.__PminusBdi.__PminusBdi
                  0x002d68         0x30 c:/program files/microchip/xc16/v1.11/bin/bin/../../lib\libm-elf.a(divmoddi3.eo)
 .libm.__udivmoddi3.__udivmoddi3
                  0x002d98         0xc4 c:/program files/microchip/xc16/v1.11/bin/bin/../../lib\libm-elf.a(divmoddi3.eo)
                  0x002d98                  ___udivmoddi3
 .libm.__udivdi3.__udivdi3
                  0x002e5c          0xe c:/program files/microchip/xc16/v1.11/bin/bin/../../lib\libm-elf.a(divmoddi3.eo)
                  0x002e5c                  ___udivdi3
 .libm.__umoddi3.__umoddi3
                  0x002e6a          0x8 c:/program files/microchip/xc16/v1.11/bin/bin/../../lib\libm-elf.a(divmoddi3.eo)
                  0x002e6a                  ___umoddi3
 .libm.__divdi3.__divdi3
                  0x002e72         0x66 c:/program files/microchip/xc16/v1.11/bin/bin/../../lib\libm-elf.a(divmoddi3.eo)
                  0x002e72                  ___divdi3
 .libm.__moddi3.__moddi3
                  0x002ed8         0x5c c:/program files/microchip/xc16/v1.11/bin/bin/../../lib\libm-elf.a(divmoddi3.eo)
                  0x002ed8                  ___moddi3
 .libm.__muldi3.__muldi3
                  0x002f34         0x52 c:/program files/microchip/xc16/v1.11/bin/bin/../../lib\libm-elf.a(muldi3.eo)
                  0x002f34                  ___muldi3
 .libm.frexpf     0x002f86         0x1a c:/program files/microchip/xc16/v1.11/bin/bin/../../lib\libm-elf.a(_frexpf.eo)
                  0x002f86                  __frexpf
 .libm.dcompare
                  0x002fa0         0x52 c:/program files/microchip/xc16/v1.11/bin/bin/../../lib\libm-elf.a(dcompare.eo)
                  0x002fa0                  __dcompare
 .libm.dPropagateNaN
                  0x002ff2         0x1c c:/program files/microchip/xc16/v1.11/bin/bin/../../lib\libm-elf.a(dpropagateNaN.eo)
                  0x002ff2                  __dPropagateNaN
 .libm.dtype      0x00300e         0x24 c:/program files/microchip/xc16/v1.11/bin/bin/../../lib\libm-elf.a(dtype.eo)
                  0x00300e                  __dtype
 .libm.dunpack    0x003032         0x4e c:/program files/microchip/xc16/v1.11/bin/bin/../../lib\libm-elf.a(dunpack.eo)
                  0x003032                  __dunpack
 .libm.umuldi3    0x003080         0x44 c:/program files/microchip/xc16/v1.11/bin/bin/../../lib\libm-elf.a(umuldi3.eo)
                  0x003080                  ___umuldi3

usercode
 *(usercode)

__FUID0
 *(__FUID0.sec*)

__FUID1
 *(__FUID1.sec*)

__FUID2
 *(__FUID2.sec*)

__FUID3
 *(__FUID3.sec*)

__FOSC            0xf80000          0x2
 *(__FOSC.sec*)
 __FOSC.sec       0xf80000          0x2 build/default/production/_ext/1259340286/e_init_port.o

__FWDT            0xf80002          0x2
 *(__FWDT.sec*)
 __FWDT.sec       0xf80002          0x2 build/default/production/_ext/1259340286/e_init_port.o

__FBORPOR         0xf80004          0x2
 *(__FBORPOR.sec*)
 __FBORPOR.sec    0xf80004          0x2 build/default/production/_ext/1259340286/e_init_port.o

__FBS
 *(__FBS.sec*)

__FSS
 *(__FSS.sec*)

__FGS             0xf8000a          0x2
 *(__FGS.sec*)
 __FGS.sec        0xf8000a          0x2 FGS
                  0xf8000a                  __FGS.sec

__FICD
 *(__FICD.sec*)

user_eedata
 *(user_eedata)

userdata
 *(userdata)

.comment
 *(.comment)

.debug_info       0x000000       0xccab
 *(.debug_info)
 .debug_info      0x000000        0x27d build/default/production/_ext/1472/utility.o
 .debug_info      0x00027d        0x8f5 build/default/production/_ext/1472/Asercom.o
 .debug_info      0x000b72         0xc8 build/default/production/_ext/1472/DataEEPROM.o
 .debug_info      0x000c3a        0x74b build/default/production/_ext/1472/main_c.o
 .debug_info      0x001385        0x362 build/default/production/_ext/1472/runaccelerometer.o
 .debug_info      0x0016e7        0x131 build/default/production/_ext/1472/rungrounddirection.o
 .debug_info      0x001818        0x7db build/default/production/_ext/1472/runlocatesound.o
 .debug_info      0x001ff3        0x447 build/default/production/_ext/1472/runshow.o
 .debug_info      0x00243a        0x4b9 build/default/production/_ext/1472/runwallfollow.o
 .debug_info      0x0028f3        0x1c4 build/default/production/_ext/1472/translatorI2C.o
 .debug_info      0x002ab7        0x661 build/default/production/_ext/487958404/e_acc.o
 .debug_info      0x003118       0x1233 build/default/production/_ext/487958404/e_ad_conv.o
 .debug_info      0x00434b        0xf57 build/default/production/_ext/663421589/e_bluetooth.o
 .debug_info      0x0052a2        0x4b6 build/default/production/_ext/930121020/e_common.o
 .debug_info      0x005758         0xeb build/default/production/_ext/930121020/e_interrupt.o
 .debug_info      0x005843        0x56e build/default/production/_ext/930121020/e_po6030k_registers.o
 .debug_info      0x005db1         0xe4 build/default/production/_ext/2015481517/e_init_codec_slave.o
 .debug_info      0x005e95         0xe3 build/default/production/_ext/2015481517/e_init_dci_master.o
 .debug_info      0x005f78         0xdb build/default/production/_ext/2015481517/e_isr_dci.o
 .debug_info      0x006053        0x2a0 build/default/production/_ext/2015481517/e_sound.o
 .debug_info      0x0062f3         0xe3 build/default/production/_ext/2015481517/e_sub_dci_kickoff.o
 .debug_info      0x0063d6        0xc15 build/default/production/_ext/417766185/e_I2C_master_module.o
 .debug_info      0x006feb        0x227 build/default/production/_ext/417766185/e_I2C_protocol.o
 .debug_info      0x007212         0xdd build/default/production/_ext/64492303/e_init_uart1.o
 .debug_info      0x0072ef         0xe0 build/default/production/_ext/64492303/e_uart1_rx_char.o
 .debug_info      0x0073cf         0xe0 build/default/production/_ext/64492303/e_uart1_tx_char.o
 .debug_info      0x0074af         0xe0 build/default/production/_ext/64492303/e_uart2_rx_char.o
 .debug_info      0x00758f         0xe0 build/default/production/_ext/64492303/e_uart2_tx_char.o
 .debug_info      0x00766f        0xcd9 build/default/production/_ext/1259340286/e_init_port.o
 .debug_info      0x008348        0x8cb build/default/production/_ext/1949949662/e_agenda.o
 .debug_info      0x008c13        0x88d build/default/production/_ext/1949949662/e_remote_control.o
 .debug_info      0x0094a0        0x2a4 build/default/production/_ext/1514613776/e_calc_po3030k.o
 .debug_info      0x009744        0x2ba build/default/production/_ext/1514613776/e_calc_po6030k.o
 .debug_info      0x0099fe         0xcf build/default/production/_ext/760574787/e_init_uart2.o
 .debug_info      0x009acd        0x644 build/default/production/_ext/879901074/e_led.o
 .debug_info      0x00a111        0x2e7 build/default/production/_ext/487958404/e_micro.o
 .debug_info      0x00a3f8        0x580 build/default/production/_ext/879901074/e_motors.o
 .debug_info      0x00a978        0xe4e build/default/production/_ext/1514613776/e_po3030k_registers.o
 .debug_info      0x00b7c6        0x292 build/default/production/_ext/487958404/e_prox.o
 .debug_info      0x00ba58        0x921 build/default/production/_ext/1514613776/e_timers.o
 .debug_info      0x00c379        0x52e build/default/production/_ext/1472/epuckPlayer.o
 .debug_info      0x00c8a7        0x404 build/default/production/_ext/1472/runbreitenberg_adv.o
 *(.gnu.linkonce.wi.*)

.debug_abbrev     0x000000       0x1e35
 *(.debug_abbrev)
 .debug_abbrev    0x000000         0xb2 build/default/production/_ext/1472/utility.o
 .debug_abbrev    0x0000b2        0x141 build/default/production/_ext/1472/Asercom.o
 .debug_abbrev    0x0001f3         0x14 build/default/production/_ext/1472/DataEEPROM.o
 .debug_abbrev    0x000207        0x12d build/default/production/_ext/1472/main_c.o
 .debug_abbrev    0x000334         0x88 build/default/production/_ext/1472/runaccelerometer.o
 .debug_abbrev    0x0003bc         0x34 build/default/production/_ext/1472/rungrounddirection.o
 .debug_abbrev    0x0003f0        0x1d7 build/default/production/_ext/1472/runlocatesound.o
 .debug_abbrev    0x0005c7         0xa3 build/default/production/_ext/1472/runshow.o
 .debug_abbrev    0x00066a        0x115 build/default/production/_ext/1472/runwallfollow.o
 .debug_abbrev    0x00077f         0x63 build/default/production/_ext/1472/translatorI2C.o
 .debug_abbrev    0x0007e2        0x172 build/default/production/_ext/487958404/e_acc.o
 .debug_abbrev    0x000954        0x172 build/default/production/_ext/487958404/e_ad_conv.o
 .debug_abbrev    0x000ac6        0x1ae build/default/production/_ext/663421589/e_bluetooth.o
 .debug_abbrev    0x000c74        0x11e build/default/production/_ext/930121020/e_common.o
 .debug_abbrev    0x000d92         0x14 build/default/production/_ext/930121020/e_interrupt.o
 .debug_abbrev    0x000da6         0xd3 build/default/production/_ext/930121020/e_po6030k_registers.o
 .debug_abbrev    0x000e79         0x14 build/default/production/_ext/2015481517/e_init_codec_slave.o
 .debug_abbrev    0x000e8d         0x14 build/default/production/_ext/2015481517/e_init_dci_master.o
 .debug_abbrev    0x000ea1         0x14 build/default/production/_ext/2015481517/e_isr_dci.o
 .debug_abbrev    0x000eb5         0xb2 build/default/production/_ext/2015481517/e_sound.o
 .debug_abbrev    0x000f67         0x14 build/default/production/_ext/2015481517/e_sub_dci_kickoff.o
 .debug_abbrev    0x000f7b        0x1a9 build/default/production/_ext/417766185/e_I2C_master_module.o
 .debug_abbrev    0x001124         0x91 build/default/production/_ext/417766185/e_I2C_protocol.o
 .debug_abbrev    0x0011b5         0x14 build/default/production/_ext/64492303/e_init_uart1.o
 .debug_abbrev    0x0011c9         0x14 build/default/production/_ext/64492303/e_uart1_rx_char.o
 .debug_abbrev    0x0011dd         0x14 build/default/production/_ext/64492303/e_uart1_tx_char.o
 .debug_abbrev    0x0011f1         0x14 build/default/production/_ext/64492303/e_uart2_rx_char.o
 .debug_abbrev    0x001205         0x14 build/default/production/_ext/64492303/e_uart2_tx_char.o
 .debug_abbrev    0x001219         0x8e build/default/production/_ext/1259340286/e_init_port.o
 .debug_abbrev    0x0012a7        0x194 build/default/production/_ext/1949949662/e_agenda.o
 .debug_abbrev    0x00143b        0x110 build/default/production/_ext/1949949662/e_remote_control.o
 .debug_abbrev    0x00154b         0x7c build/default/production/_ext/1514613776/e_calc_po3030k.o
 .debug_abbrev    0x0015c7         0x7c build/default/production/_ext/1514613776/e_calc_po6030k.o
 .debug_abbrev    0x001643         0x14 build/default/production/_ext/760574787/e_init_uart2.o
 .debug_abbrev    0x001657         0xfc build/default/production/_ext/879901074/e_led.o
 .debug_abbrev    0x001753         0xa8 build/default/production/_ext/487958404/e_micro.o
 .debug_abbrev    0x0017fb        0x10b build/default/production/_ext/879901074/e_motors.o
 .debug_abbrev    0x001906        0x120 build/default/production/_ext/1514613776/e_po3030k_registers.o
 .debug_abbrev    0x001a26         0x8e build/default/production/_ext/487958404/e_prox.o
 .debug_abbrev    0x001ab4        0x1a7 build/default/production/_ext/1514613776/e_timers.o
 .debug_abbrev    0x001c5b         0xf3 build/default/production/_ext/1472/epuckPlayer.o
 .debug_abbrev    0x001d4e         0xe7 build/default/production/_ext/1472/runbreitenberg_adv.o

.debug_line       0x000000       0x9136
 *(.debug_line)
 .debug_line      0x000000         0xce build/default/production/_ext/1472/utility.o
 .debug_line      0x0000ce       0x1227 build/default/production/_ext/1472/Asercom.o
 .debug_line      0x0012f5         0x92 build/default/production/_ext/1472/DataEEPROM.o
 .debug_line      0x001387        0x5b3 build/default/production/_ext/1472/main_c.o
 .debug_line      0x00193a        0x2b5 build/default/production/_ext/1472/runaccelerometer.o
 .debug_line      0x001bef         0x79 build/default/production/_ext/1472/rungrounddirection.o
 .debug_line      0x001c68        0x6b7 build/default/production/_ext/1472/runlocatesound.o
 .debug_line      0x00231f        0x532 build/default/production/_ext/1472/runshow.o
 .debug_line      0x002851        0x36a build/default/production/_ext/1472/runwallfollow.o
 .debug_line      0x002bbb        0x106 build/default/production/_ext/1472/translatorI2C.o
 .debug_line      0x002cc1        0x437 build/default/production/_ext/487958404/e_acc.o
 .debug_line      0x0030f8        0x80a build/default/production/_ext/487958404/e_ad_conv.o
 .debug_line      0x003902        0xe6e build/default/production/_ext/663421589/e_bluetooth.o
 .debug_line      0x004770        0x1d5 build/default/production/_ext/930121020/e_common.o
 .debug_line      0x004945         0x78 build/default/production/_ext/930121020/e_interrupt.o
 .debug_line      0x0049bd        0x4e2 build/default/production/_ext/930121020/e_po6030k_registers.o
 .debug_line      0x004e9f         0x1a build/default/production/_ext/2015481517/e_const_sound.o
 .debug_line      0x004eb9         0xb1 build/default/production/_ext/2015481517/e_init_codec_slave.o
 .debug_line      0x004f6a         0x75 build/default/production/_ext/2015481517/e_init_dci_master.o
 .debug_line      0x004fdf         0x85 build/default/production/_ext/2015481517/e_isr_dci.o
 .debug_line      0x005064        0x12c build/default/production/_ext/2015481517/e_sound.o
 .debug_line      0x005190         0x8d build/default/production/_ext/2015481517/e_sub_dci_kickoff.o
 .debug_line      0x00521d        0x508 build/default/production/_ext/417766185/e_I2C_master_module.o
 .debug_line      0x005725        0x1d1 build/default/production/_ext/417766185/e_I2C_protocol.o
 .debug_line      0x0058f6         0x67 build/default/production/_ext/64492303/e_init_uart1.o
 .debug_line      0x00595d         0x73 build/default/production/_ext/64492303/e_uart1_rx_char.o
 .debug_line      0x0059d0         0x85 build/default/production/_ext/64492303/e_uart1_tx_char.o
 .debug_line      0x005a55         0x73 build/default/production/_ext/64492303/e_uart2_rx_char.o
 .debug_line      0x005ac8         0x85 build/default/production/_ext/64492303/e_uart2_tx_char.o
 .debug_line      0x005b4d        0x2d0 build/default/production/_ext/1259340286/e_init_port.o
 .debug_line      0x005e1d        0x424 build/default/production/_ext/1949949662/e_agenda.o
 .debug_line      0x006241        0x2b9 build/default/production/_ext/1949949662/e_remote_control.o
 .debug_line      0x0064fa        0x32b build/default/production/_ext/1514613776/e_calc_po3030k.o
 .debug_line      0x006825        0x34d build/default/production/_ext/1514613776/e_calc_po6030k.o
 .debug_line      0x006b72         0x5a build/default/production/_ext/760574787/e_init_uart2.o
 .debug_line      0x006bcc        0x6ad build/default/production/_ext/879901074/e_led.o
 .debug_line      0x007279        0x150 build/default/production/_ext/487958404/e_micro.o
 .debug_line      0x0073c9        0x593 build/default/production/_ext/879901074/e_motors.o
 .debug_line      0x00795c        0xbf4 build/default/production/_ext/1514613776/e_po3030k_registers.o
 .debug_line      0x008550        0x18f build/default/production/_ext/487958404/e_prox.o
 .debug_line      0x0086df        0x25b build/default/production/_ext/1514613776/e_timers.o
 .debug_line      0x00893a        0x509 build/default/production/_ext/1472/epuckPlayer.o
 .debug_line      0x008e43        0x2f3 build/default/production/_ext/1472/runbreitenberg_adv.o

.debug_frame      0x000000       0x1be4
 *(.debug_frame)
 .debug_frame     0x000000         0x34 build/default/production/_ext/1472/utility.o
 .debug_frame     0x000034        0x550 build/default/production/_ext/1472/Asercom.o
 .debug_frame     0x000584        0x3dc build/default/production/_ext/1472/main_c.o
 .debug_frame     0x000960        0x150 build/default/production/_ext/1472/runaccelerometer.o
 .debug_frame     0x000ab0         0x24 build/default/production/_ext/1472/rungrounddirection.o
 .debug_frame     0x000ad4        0x120 build/default/production/_ext/1472/runlocatesound.o
 .debug_frame     0x000bf4        0x110 build/default/production/_ext/1472/runshow.o
 .debug_frame     0x000d04         0x88 build/default/production/_ext/1472/runwallfollow.o
 .debug_frame     0x000d8c         0x34 build/default/production/_ext/1472/translatorI2C.o
 .debug_frame     0x000dc0         0xf4 build/default/production/_ext/487958404/e_acc.o
 .debug_frame     0x000eb4         0x74 build/default/production/_ext/487958404/e_ad_conv.o
 .debug_frame     0x000f28        0x144 build/default/production/_ext/663421589/e_bluetooth.o
 .debug_frame     0x00106c         0x54 build/default/production/_ext/930121020/e_common.o
 .debug_frame     0x0010c0         0xe4 build/default/production/_ext/930121020/e_po6030k_registers.o
 .debug_frame     0x0011a4         0x44 build/default/production/_ext/2015481517/e_sound.o
 .debug_frame     0x0011e8         0xe4 build/default/production/_ext/417766185/e_I2C_master_module.o
 .debug_frame     0x0012cc         0x64 build/default/production/_ext/417766185/e_I2C_protocol.o
 .debug_frame     0x001330         0x24 build/default/production/_ext/1259340286/e_init_port.o
 .debug_frame     0x001354         0xa4 build/default/production/_ext/1949949662/e_agenda.o
 .debug_frame     0x0013f8         0x74 build/default/production/_ext/1949949662/e_remote_control.o
 .debug_frame     0x00146c         0x34 build/default/production/_ext/1514613776/e_calc_po3030k.o
 .debug_frame     0x0014a0         0x34 build/default/production/_ext/1514613776/e_calc_po6030k.o
 .debug_frame     0x0014d4        0x164 build/default/production/_ext/879901074/e_led.o
 .debug_frame     0x001638         0x54 build/default/production/_ext/487958404/e_micro.o
 .debug_frame     0x00168c         0xb4 build/default/production/_ext/879901074/e_motors.o
 .debug_frame     0x001740        0x274 build/default/production/_ext/1514613776/e_po3030k_registers.o
 .debug_frame     0x0019b4         0x54 build/default/production/_ext/487958404/e_prox.o
 .debug_frame     0x001a08         0x74 build/default/production/_ext/1514613776/e_timers.o
 .debug_frame     0x001a7c         0xf4 build/default/production/_ext/1472/epuckPlayer.o
 .debug_frame     0x001b70         0x74 build/default/production/_ext/1472/runbreitenberg_adv.o

.debug_str        0x000000        0x60b
 *(.debug_str)
 .debug_str       0x000000          0xa build/default/production/_ext/1472/utility.o
 .debug_str       0x00000a         0x44 build/default/production/_ext/1472/Asercom.o
 .debug_str       0x00004e         0x30 build/default/production/_ext/1472/main_c.o
 .debug_str       0x00007e         0x25 build/default/production/_ext/1472/runaccelerometer.o
 .debug_str       0x0000a3         0x79 build/default/production/_ext/1472/runlocatesound.o
 .debug_str       0x00011c         0x30 build/default/production/_ext/1472/runshow.o
 .debug_str       0x00014c         0x41 build/default/production/_ext/1472/runwallfollow.o
 .debug_str       0x00018d         0x4c build/default/production/_ext/487958404/e_acc.o
 .debug_str       0x0001d9         0xd1 build/default/production/_ext/487958404/e_ad_conv.o
 .debug_str       0x0002aa         0x95 build/default/production/_ext/663421589/e_bluetooth.o
 .debug_str       0x00033f         0x15 build/default/production/_ext/930121020/e_common.o
 .debug_str       0x000354         0x1e build/default/production/_ext/930121020/e_po6030k_registers.o
 .debug_str       0x000372          0x9 build/default/production/_ext/2015481517/e_sound.o
 .debug_str       0x00037b         0x3d build/default/production/_ext/417766185/e_I2C_master_module.o
 .debug_str       0x0003b8          0xb build/default/production/_ext/417766185/e_I2C_protocol.o
 .debug_str       0x0003c3         0x5f build/default/production/_ext/1259340286/e_init_port.o
 .debug_str       0x000422         0x29 build/default/production/_ext/1949949662/e_agenda.o
 .debug_str       0x00044b         0x32 build/default/production/_ext/1949949662/e_remote_control.o
 .debug_str       0x00047d          0xb build/default/production/_ext/1514613776/e_calc_po3030k.o
 .debug_str       0x000488          0xb build/default/production/_ext/1514613776/e_calc_po6030k.o
 .debug_str       0x000493         0x19 build/default/production/_ext/879901074/e_led.o
 .debug_str       0x0004ac         0x27 build/default/production/_ext/487958404/e_micro.o
 .debug_str       0x0004d3         0x28 build/default/production/_ext/879901074/e_motors.o
 .debug_str       0x0004fb         0x24 build/default/production/_ext/1514613776/e_po3030k_registers.o
 .debug_str       0x00051f         0x36 build/default/production/_ext/487958404/e_prox.o
 .debug_str       0x000555         0x79 build/default/production/_ext/1514613776/e_timers.o
 .debug_str       0x0005ce          0x8 build/default/production/_ext/1472/epuckPlayer.o
 .debug_str       0x0005d6         0x35 build/default/production/_ext/1472/runbreitenberg_adv.o

.debug_loc
 *(.debug_loc)

.debug_macinfo
 *(.debug_macinfo)

.debug_pubnames
                  0x000000       0x17da
 *(.debug_pubnames)
 .debug_pubnames
                  0x000000         0x2b build/default/production/_ext/1472/utility.o
 .debug_pubnames
                  0x00002b         0x22 build/default/production/_ext/1472/Asercom.o
 .debug_pubnames
                  0x00004d         0x39 build/default/production/_ext/1472/main_c.o
 .debug_pubnames
                  0x000086         0x58 build/default/production/_ext/1472/runaccelerometer.o
 .debug_pubnames
                  0x0000de         0x2a build/default/production/_ext/1472/rungrounddirection.o
 .debug_pubnames
                  0x000108        0x120 build/default/production/_ext/1472/runlocatesound.o
 .debug_pubnames
                  0x000228         0x4b build/default/production/_ext/1472/runshow.o
 .debug_pubnames
                  0x000273         0xcc build/default/production/_ext/1472/runwallfollow.o
 .debug_pubnames
                  0x00033f         0x40 build/default/production/_ext/1472/translatorI2C.o
 .debug_pubnames
                  0x00037f        0x128 build/default/production/_ext/487958404/e_acc.o
 .debug_pubnames
                  0x0004a7        0x111 build/default/production/_ext/487958404/e_ad_conv.o
 .debug_pubnames
                  0x0005b8        0x25b build/default/production/_ext/663421589/e_bluetooth.o
 .debug_pubnames
                  0x000813         0x79 build/default/production/_ext/930121020/e_common.o
 .debug_pubnames
                  0x00088c        0x12b build/default/production/_ext/930121020/e_po6030k_registers.o
 .debug_pubnames
                  0x0009b7         0x46 build/default/production/_ext/2015481517/e_sound.o
 .debug_pubnames
                  0x0009fd        0x101 build/default/production/_ext/417766185/e_I2C_master_module.o
 .debug_pubnames
                  0x000afe         0x68 build/default/production/_ext/417766185/e_I2C_protocol.o
 .debug_pubnames
                  0x000b66         0x4c build/default/production/_ext/1259340286/e_init_port.o
 .debug_pubnames
                  0x000bb2         0xdc build/default/production/_ext/1949949662/e_agenda.o
 .debug_pubnames
                  0x000c8e         0x8a build/default/production/_ext/1949949662/e_remote_control.o
 .debug_pubnames
                  0x000d18         0x4d build/default/production/_ext/1514613776/e_calc_po3030k.o
 .debug_pubnames
                  0x000d65         0x4d build/default/production/_ext/1514613776/e_calc_po6030k.o
 .debug_pubnames
                  0x000db2        0x17d build/default/production/_ext/879901074/e_led.o
 .debug_pubnames
                  0x000f2f         0x6d build/default/production/_ext/487958404/e_micro.o
 .debug_pubnames
                  0x000f9c         0xdc build/default/production/_ext/879901074/e_motors.o
 .debug_pubnames
                  0x001078        0x42b build/default/production/_ext/1514613776/e_po3030k_registers.o
 .debug_pubnames
                  0x0014a3         0x66 build/default/production/_ext/487958404/e_prox.o
 .debug_pubnames
                  0x001509         0xe0 build/default/production/_ext/1514613776/e_timers.o
 .debug_pubnames
                  0x0015e9         0xf2 build/default/production/_ext/1472/epuckPlayer.o
 .debug_pubnames
                  0x0016db         0xff build/default/production/_ext/1472/runbreitenberg_adv.o

.debug_ranges
 *(.debug_ranges)

.debug_aranges    0x000000        0x3f0
 *(.debug_aranges)
 .debug_aranges
                  0x000000         0x18 build/default/production/_ext/1472/utility.o
 .debug_aranges
                  0x000018         0x18 build/default/production/_ext/1472/Asercom.o
 .debug_aranges
                  0x000030         0x18 build/default/production/_ext/1472/DataEEPROM.o
 .debug_aranges
                  0x000048         0x18 build/default/production/_ext/1472/main_c.o
 .debug_aranges
                  0x000060         0x18 build/default/production/_ext/1472/runaccelerometer.o
 .debug_aranges
                  0x000078         0x18 build/default/production/_ext/1472/rungrounddirection.o
 .debug_aranges
                  0x000090         0x18 build/default/production/_ext/1472/runlocatesound.o
 .debug_aranges
                  0x0000a8         0x18 build/default/production/_ext/1472/runshow.o
 .debug_aranges
                  0x0000c0         0x18 build/default/production/_ext/1472/runwallfollow.o
 .debug_aranges
                  0x0000d8         0x18 build/default/production/_ext/1472/translatorI2C.o
 .debug_aranges
                  0x0000f0         0x18 build/default/production/_ext/487958404/e_acc.o
 .debug_aranges
                  0x000108         0x18 build/default/production/_ext/487958404/e_ad_conv.o
 .debug_aranges
                  0x000120         0x18 build/default/production/_ext/663421589/e_bluetooth.o
 .debug_aranges
                  0x000138         0x18 build/default/production/_ext/930121020/e_common.o
 .debug_aranges
                  0x000150         0x18 build/default/production/_ext/930121020/e_interrupt.o
 .debug_aranges
                  0x000168         0x18 build/default/production/_ext/930121020/e_po6030k_registers.o
 .debug_aranges
                  0x000180         0x18 build/default/production/_ext/2015481517/e_init_codec_slave.o
 .debug_aranges
                  0x000198         0x18 build/default/production/_ext/2015481517/e_init_dci_master.o
 .debug_aranges
                  0x0001b0         0x18 build/default/production/_ext/2015481517/e_isr_dci.o
 .debug_aranges
                  0x0001c8         0x18 build/default/production/_ext/2015481517/e_sound.o
 .debug_aranges
                  0x0001e0         0x18 build/default/production/_ext/2015481517/e_sub_dci_kickoff.o
 .debug_aranges
                  0x0001f8         0x18 build/default/production/_ext/417766185/e_I2C_master_module.o
 .debug_aranges
                  0x000210         0x18 build/default/production/_ext/417766185/e_I2C_protocol.o
 .debug_aranges
                  0x000228         0x18 build/default/production/_ext/64492303/e_init_uart1.o
 .debug_aranges
                  0x000240         0x18 build/default/production/_ext/64492303/e_uart1_rx_char.o
 .debug_aranges
                  0x000258         0x18 build/default/production/_ext/64492303/e_uart1_tx_char.o
 .debug_aranges
                  0x000270         0x18 build/default/production/_ext/64492303/e_uart2_rx_char.o
 .debug_aranges
                  0x000288         0x18 build/default/production/_ext/64492303/e_uart2_tx_char.o
 .debug_aranges
                  0x0002a0         0x18 build/default/production/_ext/1259340286/e_init_port.o
 .debug_aranges
                  0x0002b8         0x18 build/default/production/_ext/1949949662/e_agenda.o
 .debug_aranges
                  0x0002d0         0x18 build/default/production/_ext/1949949662/e_remote_control.o
 .debug_aranges
                  0x0002e8         0x18 build/default/production/_ext/1514613776/e_calc_po3030k.o
 .debug_aranges
                  0x000300         0x18 build/default/production/_ext/1514613776/e_calc_po6030k.o
 .debug_aranges
                  0x000318         0x18 build/default/production/_ext/760574787/e_init_uart2.o
 .debug_aranges
                  0x000330         0x18 build/default/production/_ext/879901074/e_led.o
 .debug_aranges
                  0x000348         0x18 build/default/production/_ext/487958404/e_micro.o
 .debug_aranges
                  0x000360         0x18 build/default/production/_ext/879901074/e_motors.o
 .debug_aranges
                  0x000378         0x18 build/default/production/_ext/1514613776/e_po3030k_registers.o
 .debug_aranges
                  0x000390         0x18 build/default/production/_ext/487958404/e_prox.o
 .debug_aranges
                  0x0003a8         0x18 build/default/production/_ext/1514613776/e_timers.o
 .debug_aranges
                  0x0003c0         0x18 build/default/production/_ext/1472/epuckPlayer.o
 .debug_aranges
                  0x0003d8         0x18 build/default/production/_ext/1472/runbreitenberg_adv.o

.ivt              0x000004         0x7c
                  0x000004          0x4 LONG 0x2be DEFINED (__ReservedTrap0)?ABSOLUTE (__ReservedTrap0):ABSOLUTE (__DefaultInterrupt)
                  0x000006          0x4 LONG 0x2be DEFINED (__OscillatorFail)?ABSOLUTE (__OscillatorFail):ABSOLUTE (__DefaultInterrupt)
                  0x000008          0x4 LONG 0x2be DEFINED (__AddressError)?ABSOLUTE (__AddressError):ABSOLUTE (__DefaultInterrupt)
                  0x00000a          0x4 LONG 0x2be DEFINED (__StackError)?ABSOLUTE (__StackError):ABSOLUTE (__DefaultInterrupt)
                  0x00000c          0x4 LONG 0x2be DEFINED (__MathError)?ABSOLUTE (__MathError):ABSOLUTE (__DefaultInterrupt)
                  0x00000e          0x4 LONG 0x2be DEFINED (__ReservedTrap5)?ABSOLUTE (__ReservedTrap5):ABSOLUTE (__DefaultInterrupt)
                  0x000010          0x4 LONG 0x2be DEFINED (__ReservedTrap6)?ABSOLUTE (__ReservedTrap6):ABSOLUTE (__DefaultInterrupt)
                  0x000012          0x4 LONG 0x2be DEFINED (__ReservedTrap7)?ABSOLUTE (__ReservedTrap7):ABSOLUTE (__DefaultInterrupt)
                  0x000014          0x4 LONG 0x14b54 DEFINED (__INT0Interrupt)?ABSOLUTE (__INT0Interrupt):ABSOLUTE (__DefaultInterrupt)
                  0x000016          0x4 LONG 0x2be DEFINED (__IC1Interrupt)?ABSOLUTE (__IC1Interrupt):ABSOLUTE (__DefaultInterrupt)
                  0x000018          0x4 LONG 0x2be DEFINED (__OC1Interrupt)?ABSOLUTE (__OC1Interrupt):ABSOLUTE (__DefaultInterrupt)
                  0x00001a          0x4 LONG 0x2be DEFINED (__T1Interrupt)?ABSOLUTE (__T1Interrupt):ABSOLUTE (__DefaultInterrupt)
                  0x00001c          0x4 LONG 0x2be DEFINED (__IC2Interrupt)?ABSOLUTE (__IC2Interrupt):ABSOLUTE (__DefaultInterrupt)
                  0x00001e          0x4 LONG 0x2be DEFINED (__OC2Interrupt)?ABSOLUTE (__OC2Interrupt):ABSOLUTE (__DefaultInterrupt)
                  0x000020          0x4 LONG 0x14806 DEFINED (__T2Interrupt)?ABSOLUTE (__T2Interrupt):ABSOLUTE (__DefaultInterrupt)
                  0x000022          0x4 LONG 0x2be DEFINED (__T3Interrupt)?ABSOLUTE (__T3Interrupt):ABSOLUTE (__DefaultInterrupt)
                  0x000024          0x4 LONG 0x2be DEFINED (__SPI1Interrupt)?ABSOLUTE (__SPI1Interrupt):ABSOLUTE (__DefaultInterrupt)
                  0x000026          0x4 LONG 0x15342 DEFINED (__U1RXInterrupt)?ABSOLUTE (__U1RXInterrupt):ABSOLUTE (__DefaultInterrupt)
                  0x000028          0x4 LONG 0x151ae DEFINED (__U1TXInterrupt)?ABSOLUTE (__U1TXInterrupt):ABSOLUTE (__DefaultInterrupt)
                  0x00002a          0x4 LONG 0x121fa DEFINED (__ADCInterrupt)?ABSOLUTE (__ADCInterrupt):ABSOLUTE (__DefaultInterrupt)
                  0x00002c          0x4 LONG 0x2be DEFINED (__NVMInterrupt)?ABSOLUTE (__NVMInterrupt):ABSOLUTE (__DefaultInterrupt)
                  0x00002e          0x4 LONG 0x2be DEFINED (__SI2CInterrupt)?ABSOLUTE (__SI2CInterrupt):ABSOLUTE (__DefaultInterrupt)
                  0x000030          0x4 LONG 0x13ba8 DEFINED (__MI2CInterrupt)?ABSOLUTE (__MI2CInterrupt):ABSOLUTE (__DefaultInterrupt)
                  0x000032          0x4 LONG 0x2be DEFINED (__CNInterrupt)?ABSOLUTE (__CNInterrupt):ABSOLUTE (__DefaultInterrupt)
                  0x000034          0x4 LONG 0x2be DEFINED (__INT1Interrupt)?ABSOLUTE (__INT1Interrupt):ABSOLUTE (__DefaultInterrupt)
                  0x000036          0x4 LONG 0x2be DEFINED (__IC7Interrupt)?ABSOLUTE (__IC7Interrupt):ABSOLUTE (__DefaultInterrupt)
                  0x000038          0x4 LONG 0x2be DEFINED (__IC8Interrupt)?ABSOLUTE (__IC8Interrupt):ABSOLUTE (__DefaultInterrupt)
                  0x00003a          0x4 LONG 0x2be DEFINED (__OC3Interrupt)?ABSOLUTE (__OC3Interrupt):ABSOLUTE (__DefaultInterrupt)
                  0x00003c          0x4 LONG 0x2be DEFINED (__OC4Interrupt)?ABSOLUTE (__OC4Interrupt):ABSOLUTE (__DefaultInterrupt)
                  0x00003e          0x4 LONG 0x153ba DEFINED (__T4Interrupt)?ABSOLUTE (__T4Interrupt):ABSOLUTE (__DefaultInterrupt)
                  0x000040          0x4 LONG 0x1b0 DEFINED (__T5Interrupt)?ABSOLUTE (__T5Interrupt):ABSOLUTE (__DefaultInterrupt)
                  0x000042          0x4 LONG 0x2be DEFINED (__INT2Interrupt)?ABSOLUTE (__INT2Interrupt):ABSOLUTE (__DefaultInterrupt)
                  0x000044          0x4 LONG 0x1537e DEFINED (__U2RXInterrupt)?ABSOLUTE (__U2RXInterrupt):ABSOLUTE (__DefaultInterrupt)
                  0x000046          0x4 LONG 0x1520e DEFINED (__U2TXInterrupt)?ABSOLUTE (__U2TXInterrupt):ABSOLUTE (__DefaultInterrupt)
                  0x000048          0x4 LONG 0x2be DEFINED (__SPI2Interrupt)?ABSOLUTE (__SPI2Interrupt):ABSOLUTE (__DefaultInterrupt)
                  0x00004a          0x4 LONG 0x2be DEFINED (__C1Interrupt)?ABSOLUTE (__C1Interrupt):ABSOLUTE (__DefaultInterrupt)
                  0x00004c          0x4 LONG 0x2be DEFINED (__IC3Interrupt)?ABSOLUTE (__IC3Interrupt):ABSOLUTE (__DefaultInterrupt)
                  0x00004e          0x4 LONG 0x2be DEFINED (__IC4Interrupt)?ABSOLUTE (__IC4Interrupt):ABSOLUTE (__DefaultInterrupt)
                  0x000050          0x4 LONG 0x2be DEFINED (__IC5Interrupt)?ABSOLUTE (__IC5Interrupt):ABSOLUTE (__DefaultInterrupt)
                  0x000052          0x4 LONG 0x2be DEFINED (__IC6Interrupt)?ABSOLUTE (__IC6Interrupt):ABSOLUTE (__DefaultInterrupt)
                  0x000054          0x4 LONG 0x2be DEFINED (__OC5Interrupt)?ABSOLUTE (__OC5Interrupt):ABSOLUTE (__DefaultInterrupt)
                  0x000056          0x4 LONG 0x2be DEFINED (__OC6Interrupt)?ABSOLUTE (__OC6Interrupt):ABSOLUTE (__DefaultInterrupt)
                  0x000058          0x4 LONG 0x2be DEFINED (__OC7Interrupt)?ABSOLUTE (__OC7Interrupt):ABSOLUTE (__DefaultInterrupt)
                  0x00005a          0x4 LONG 0x2be DEFINED (__OC8Interrupt)?ABSOLUTE (__OC8Interrupt):ABSOLUTE (__DefaultInterrupt)
                  0x00005c          0x4 LONG 0x2be DEFINED (__INT3Interrupt)?ABSOLUTE (__INT3Interrupt):ABSOLUTE (__DefaultInterrupt)
                  0x00005e          0x4 LONG 0x2be DEFINED (__INT4Interrupt)?ABSOLUTE (__INT4Interrupt):ABSOLUTE (__DefaultInterrupt)
                  0x000060          0x4 LONG 0x2be DEFINED (__C2Interrupt)?ABSOLUTE (__C2Interrupt):ABSOLUTE (__DefaultInterrupt)
                  0x000062          0x4 LONG 0x2be DEFINED (__PWMInterrupt)?ABSOLUTE (__PWMInterrupt):ABSOLUTE (__DefaultInterrupt)
                  0x000064          0x4 LONG 0x2be DEFINED (__QEIInterrupt)?ABSOLUTE (__QEIInterrupt):ABSOLUTE (__DefaultInterrupt)
                  0x000066          0x4 LONG 0x150c2 DEFINED (__DCIInterrupt)?ABSOLUTE (__DCIInterrupt):ABSOLUTE (__DefaultInterrupt)
                  0x000068          0x4 LONG 0x2be DEFINED (__LVDInterrupt)?ABSOLUTE (__LVDInterrupt):ABSOLUTE (__DefaultInterrupt)
                  0x00006a          0x4 LONG 0x2be DEFINED (__FLTAInterrupt)?ABSOLUTE (__FLTAInterrupt):ABSOLUTE (__DefaultInterrupt)
                  0x00006c          0x4 LONG 0x2be DEFINED (__FLTBInterrupt)?ABSOLUTE (__FLTBInterrupt):ABSOLUTE (__DefaultInterrupt)
                  0x00006e          0x4 LONG 0x2be DEFINED (__Interrupt45)?ABSOLUTE (__Interrupt45):ABSOLUTE (__DefaultInterrupt)
                  0x000070          0x4 LONG 0x2be DEFINED (__Interrupt46)?ABSOLUTE (__Interrupt46):ABSOLUTE (__DefaultInterrupt)
                  0x000072          0x4 LONG 0x2be DEFINED (__Interrupt47)?ABSOLUTE (__Interrupt47):ABSOLUTE (__DefaultInterrupt)
                  0x000074          0x4 LONG 0x2be DEFINED (__Interrupt48)?ABSOLUTE (__Interrupt48):ABSOLUTE (__DefaultInterrupt)
                  0x000076          0x4 LONG 0x2be DEFINED (__Interrupt49)?ABSOLUTE (__Interrupt49):ABSOLUTE (__DefaultInterrupt)
                  0x000078          0x4 LONG 0x2be DEFINED (__Interrupt50)?ABSOLUTE (__Interrupt50):ABSOLUTE (__DefaultInterrupt)
                  0x00007a          0x4 LONG 0x2be DEFINED (__Interrupt51)?ABSOLUTE (__Interrupt51):ABSOLUTE (__DefaultInterrupt)
                  0x00007c          0x4 LONG 0x2be DEFINED (__Interrupt52)?ABSOLUTE (__Interrupt52):ABSOLUTE (__DefaultInterrupt)
                  0x00007e          0x4 LONG 0x2be DEFINED (__Interrupt53)?ABSOLUTE (__Interrupt53):ABSOLUTE (__DefaultInterrupt)

.aivt             0x000084         0x7c
                  0x000084          0x4 LONG 0x2be DEFINED (__AltReservedTrap0)?ABSOLUTE (__AltReservedTrap0):DEFINED (__ReservedTrap0)?ABSOLUTE (__ReservedTrap0):ABSOLUTE (__DefaultInterrupt)
                  0x000086          0x4 LONG 0x2be DEFINED (__AltOscillatorFail)?ABSOLUTE (__AltOscillatorFail):DEFINED (__OscillatorFail)?ABSOLUTE (__OscillatorFail):ABSOLUTE (__DefaultInterrupt)
                  0x000088          0x4 LONG 0x2be DEFINED (__AltAddressError)?ABSOLUTE (__AltAddressError):DEFINED (__AddressError)?ABSOLUTE (__AddressError):ABSOLUTE (__DefaultInterrupt)
                  0x00008a          0x4 LONG 0x2be DEFINED (__AltStackError)?ABSOLUTE (__AltStackError):DEFINED (__StackError)?ABSOLUTE (__StackError):ABSOLUTE (__DefaultInterrupt)
                  0x00008c          0x4 LONG 0x2be DEFINED (__AltMathError)?ABSOLUTE (__AltMathError):DEFINED (__MathError)?ABSOLUTE (__MathError):ABSOLUTE (__DefaultInterrupt)
                  0x00008e          0x4 LONG 0x2be DEFINED (__AltReservedTrap5)?ABSOLUTE (__AltReservedTrap5):DEFINED (__ReservedTrap5)?ABSOLUTE (__ReservedTrap5):ABSOLUTE (__DefaultInterrupt)
                  0x000090          0x4 LONG 0x2be DEFINED (__AltReservedTrap6)?ABSOLUTE (__AltReservedTrap6):DEFINED (__ReservedTrap6)?ABSOLUTE (__ReservedTrap6):ABSOLUTE (__DefaultInterrupt)
                  0x000092          0x4 LONG 0x2be DEFINED (__AltReservedTrap7)?ABSOLUTE (__AltReservedTrap7):DEFINED (__ReservedTrap7)?ABSOLUTE (__ReservedTrap7):ABSOLUTE (__DefaultInterrupt)
                  0x000094          0x4 LONG 0x14b54 DEFINED (__AltINT0Interrupt)?ABSOLUTE (__AltINT0Interrupt):DEFINED (__INT0Interrupt)?ABSOLUTE (__INT0Interrupt):ABSOLUTE (__DefaultInterrupt)
                  0x000096          0x4 LONG 0x2be DEFINED (__AltIC1Interrupt)?ABSOLUTE (__AltIC1Interrupt):DEFINED (__IC1Interrupt)?ABSOLUTE (__IC1Interrupt):ABSOLUTE (__DefaultInterrupt)
                  0x000098          0x4 LONG 0x2be DEFINED (__AltOC1Interrupt)?ABSOLUTE (__AltOC1Interrupt):DEFINED (__OC1Interrupt)?ABSOLUTE (__OC1Interrupt):ABSOLUTE (__DefaultInterrupt)
                  0x00009a          0x4 LONG 0x2be DEFINED (__AltT1Interrupt)?ABSOLUTE (__AltT1Interrupt):DEFINED (__T1Interrupt)?ABSOLUTE (__T1Interrupt):ABSOLUTE (__DefaultInterrupt)
                  0x00009c          0x4 LONG 0x2be DEFINED (__AltIC2Interrupt)?ABSOLUTE (__AltIC2Interrupt):DEFINED (__IC2Interrupt)?ABSOLUTE (__IC2Interrupt):ABSOLUTE (__DefaultInterrupt)
                  0x00009e          0x4 LONG 0x2be DEFINED (__AltOC2Interrupt)?ABSOLUTE (__AltOC2Interrupt):DEFINED (__OC2Interrupt)?ABSOLUTE (__OC2Interrupt):ABSOLUTE (__DefaultInterrupt)
                  0x0000a0          0x4 LONG 0x14806 DEFINED (__AltT2Interrupt)?ABSOLUTE (__AltT2Interrupt):DEFINED (__T2Interrupt)?ABSOLUTE (__T2Interrupt):ABSOLUTE (__DefaultInterrupt)
                  0x0000a2          0x4 LONG 0x2be DEFINED (__AltT3Interrupt)?ABSOLUTE (__AltT3Interrupt):DEFINED (__T3Interrupt)?ABSOLUTE (__T3Interrupt):ABSOLUTE (__DefaultInterrupt)
                  0x0000a4          0x4 LONG 0x2be DEFINED (__AltSPI1Interrupt)?ABSOLUTE (__AltSPI1Interrupt):DEFINED (__SPI1Interrupt)?ABSOLUTE (__SPI1Interrupt):ABSOLUTE (__DefaultInterrupt)
                  0x0000a6          0x4 LONG 0x15342 DEFINED (__AltU1RXInterrupt)?ABSOLUTE (__AltU1RXInterrupt):DEFINED (__U1RXInterrupt)?ABSOLUTE (__U1RXInterrupt):ABSOLUTE (__DefaultInterrupt)
                  0x0000a8          0x4 LONG 0x151ae DEFINED (__AltU1TXInterrupt)?ABSOLUTE (__AltU1TXInterrupt):DEFINED (__U1TXInterrupt)?ABSOLUTE (__U1TXInterrupt):ABSOLUTE (__DefaultInterrupt)
                  0x0000aa          0x4 LONG 0x121fa DEFINED (__AltADCInterrupt)?ABSOLUTE (__AltADCInterrupt):DEFINED (__ADCInterrupt)?ABSOLUTE (__ADCInterrupt):ABSOLUTE (__DefaultInterrupt)
                  0x0000ac          0x4 LONG 0x2be DEFINED (__AltNVMInterrupt)?ABSOLUTE (__AltNVMInterrupt):DEFINED (__NVMInterrupt)?ABSOLUTE (__NVMInterrupt):ABSOLUTE (__DefaultInterrupt)
                  0x0000ae          0x4 LONG 0x2be DEFINED (__AltSI2CInterrupt)?ABSOLUTE (__AltSI2CInterrupt):DEFINED (__SI2CInterrupt)?ABSOLUTE (__SI2CInterrupt):ABSOLUTE (__DefaultInterrupt)
                  0x0000b0          0x4 LONG 0x13ba8 DEFINED (__AltMI2CInterrupt)?ABSOLUTE (__AltMI2CInterrupt):DEFINED (__MI2CInterrupt)?ABSOLUTE (__MI2CInterrupt):ABSOLUTE (__DefaultInterrupt)
                  0x0000b2          0x4 LONG 0x2be DEFINED (__AltCNInterrupt)?ABSOLUTE (__AltCNInterrupt):DEFINED (__CNInterrupt)?ABSOLUTE (__CNInterrupt):ABSOLUTE (__DefaultInterrupt)
                  0x0000b4          0x4 LONG 0x2be DEFINED (__AltINT1Interrupt)?ABSOLUTE (__AltINT1Interrupt):DEFINED (__INT1Interrupt)?ABSOLUTE (__INT1Interrupt):ABSOLUTE (__DefaultInterrupt)
                  0x0000b6          0x4 LONG 0x2be DEFINED (__AltIC7Interrupt)?ABSOLUTE (__AltIC7Interrupt):DEFINED (__IC7Interrupt)?ABSOLUTE (__IC7Interrupt):ABSOLUTE (__DefaultInterrupt)
                  0x0000b8          0x4 LONG 0x2be DEFINED (__AltIC8Interrupt)?ABSOLUTE (__AltIC8Interrupt):DEFINED (__IC8Interrupt)?ABSOLUTE (__IC8Interrupt):ABSOLUTE (__DefaultInterrupt)
                  0x0000ba          0x4 LONG 0x2be DEFINED (__AltOC3Interrupt)?ABSOLUTE (__AltOC3Interrupt):DEFINED (__OC3Interrupt)?ABSOLUTE (__OC3Interrupt):ABSOLUTE (__DefaultInterrupt)
                  0x0000bc          0x4 LONG 0x2be DEFINED (__AltOC4Interrupt)?ABSOLUTE (__AltOC4Interrupt):DEFINED (__OC4Interrupt)?ABSOLUTE (__OC4Interrupt):ABSOLUTE (__DefaultInterrupt)
                  0x0000be          0x4 LONG 0x153ba DEFINED (__AltT4Interrupt)?ABSOLUTE (__AltT4Interrupt):DEFINED (__T4Interrupt)?ABSOLUTE (__T4Interrupt):ABSOLUTE (__DefaultInterrupt)
                  0x0000c0          0x4 LONG 0x1b0 DEFINED (__AltT5Interrupt)?ABSOLUTE (__AltT5Interrupt):DEFINED (__T5Interrupt)?ABSOLUTE (__T5Interrupt):ABSOLUTE (__DefaultInterrupt)
                  0x0000c2          0x4 LONG 0x2be DEFINED (__AltINT2Interrupt)?ABSOLUTE (__AltINT2Interrupt):DEFINED (__INT2Interrupt)?ABSOLUTE (__INT2Interrupt):ABSOLUTE (__DefaultInterrupt)
                  0x0000c4          0x4 LONG 0x1537e DEFINED (__AltU2RXInterrupt)?ABSOLUTE (__AltU2RXInterrupt):DEFINED (__U2RXInterrupt)?ABSOLUTE (__U2RXInterrupt):ABSOLUTE (__DefaultInterrupt)
                  0x0000c6          0x4 LONG 0x1520e DEFINED (__AltU2TXInterrupt)?ABSOLUTE (__AltU2TXInterrupt):DEFINED (__U2TXInterrupt)?ABSOLUTE (__U2TXInterrupt):ABSOLUTE (__DefaultInterrupt)
                  0x0000c8          0x4 LONG 0x2be DEFINED (__AltSPI2Interrupt)?ABSOLUTE (__AltSPI2Interrupt):DEFINED (__SPI2Interrupt)?ABSOLUTE (__SPI2Interrupt):ABSOLUTE (__DefaultInterrupt)
                  0x0000ca          0x4 LONG 0x2be DEFINED (__AltC1Interrupt)?ABSOLUTE (__AltC1Interrupt):DEFINED (__C1Interrupt)?ABSOLUTE (__C1Interrupt):ABSOLUTE (__DefaultInterrupt)
                  0x0000cc          0x4 LONG 0x2be DEFINED (__AltIC3Interrupt)?ABSOLUTE (__AltIC3Interrupt):DEFINED (__IC3Interrupt)?ABSOLUTE (__IC3Interrupt):ABSOLUTE (__DefaultInterrupt)
                  0x0000ce          0x4 LONG 0x2be DEFINED (__AltIC4Interrupt)?ABSOLUTE (__AltIC4Interrupt):DEFINED (__IC4Interrupt)?ABSOLUTE (__IC4Interrupt):ABSOLUTE (__DefaultInterrupt)
                  0x0000d0          0x4 LONG 0x2be DEFINED (__AltIC5Interrupt)?ABSOLUTE (__AltIC5Interrupt):DEFINED (__IC5Interrupt)?ABSOLUTE (__IC5Interrupt):ABSOLUTE (__DefaultInterrupt)
                  0x0000d2          0x4 LONG 0x2be DEFINED (__AltIC6Interrupt)?ABSOLUTE (__AltIC6Interrupt):DEFINED (__IC6Interrupt)?ABSOLUTE (__IC6Interrupt):ABSOLUTE (__DefaultInterrupt)
                  0x0000d4          0x4 LONG 0x2be DEFINED (__AltOC5Interrupt)?ABSOLUTE (__AltOC5Interrupt):DEFINED (__OC5Interrupt)?ABSOLUTE (__OC5Interrupt):ABSOLUTE (__DefaultInterrupt)
                  0x0000d6          0x4 LONG 0x2be DEFINED (__AltOC6Interrupt)?ABSOLUTE (__AltOC6Interrupt):DEFINED (__OC6Interrupt)?ABSOLUTE (__OC6Interrupt):ABSOLUTE (__DefaultInterrupt)
                  0x0000d8          0x4 LONG 0x2be DEFINED (__AltOC7Interrupt)?ABSOLUTE (__AltOC7Interrupt):DEFINED (__OC7Interrupt)?ABSOLUTE (__OC7Interrupt):ABSOLUTE (__DefaultInterrupt)
                  0x0000da          0x4 LONG 0x2be DEFINED (__AltOC8Interrupt)?ABSOLUTE (__AltOC8Interrupt):DEFINED (__OC8Interrupt)?ABSOLUTE (__OC8Interrupt):ABSOLUTE (__DefaultInterrupt)
                  0x0000dc          0x4 LONG 0x2be DEFINED (__AltINT3Interrupt)?ABSOLUTE (__AltINT3Interrupt):DEFINED (__INT3Interrupt)?ABSOLUTE (__INT3Interrupt):ABSOLUTE (__DefaultInterrupt)
                  0x0000de          0x4 LONG 0x2be DEFINED (__AltINT4Interrupt)?ABSOLUTE (__AltINT4Interrupt):DEFINED (__INT4Interrupt)?ABSOLUTE (__INT4Interrupt):ABSOLUTE (__DefaultInterrupt)
                  0x0000e0          0x4 LONG 0x2be DEFINED (__AltC2Interrupt)?ABSOLUTE (__AltC2Interrupt):DEFINED (__C2Interrupt)?ABSOLUTE (__C2Interrupt):ABSOLUTE (__DefaultInterrupt)
                  0x0000e2          0x4 LONG 0x2be DEFINED (__AltPWMInterrupt)?ABSOLUTE (__AltPWMInterrupt):DEFINED (__PWMInterrupt)?ABSOLUTE (__PWMInterrupt):ABSOLUTE (__DefaultInterrupt)
                  0x0000e4          0x4 LONG 0x2be DEFINED (__AltQEIInterrupt)?ABSOLUTE (__AltQEIInterrupt):DEFINED (__QEIInterrupt)?ABSOLUTE (__QEIInterrupt):ABSOLUTE (__DefaultInterrupt)
                  0x0000e6          0x4 LONG 0x150c2 DEFINED (__AltDCIInterrupt)?ABSOLUTE (__AltDCIInterrupt):DEFINED (__DCIInterrupt)?ABSOLUTE (__DCIInterrupt):ABSOLUTE (__DefaultInterrupt)
                  0x0000e8          0x4 LONG 0x2be DEFINED (__AltLVDInterrupt)?ABSOLUTE (__AltLVDInterrupt):DEFINED (__LVDInterrupt)?ABSOLUTE (__LVDInterrupt):ABSOLUTE (__DefaultInterrupt)
                  0x0000ea          0x4 LONG 0x2be DEFINED (__AltFLTAInterrupt)?ABSOLUTE (__AltFLTAInterrupt):DEFINED (__FLTAInterrupt)?ABSOLUTE (__FLTAInterrupt):ABSOLUTE (__DefaultInterrupt)
                  0x0000ec          0x4 LONG 0x2be DEFINED (__AltFLTBInterrupt)?ABSOLUTE (__AltFLTBInterrupt):DEFINED (__FLTBInterrupt)?ABSOLUTE (__FLTBInterrupt):ABSOLUTE (__DefaultInterrupt)
                  0x0000ee          0x4 LONG 0x2be DEFINED (__AltInterrupt45)?ABSOLUTE (__AltInterrupt45):DEFINED (__Interrupt45)?ABSOLUTE (__Interrupt45):ABSOLUTE (__DefaultInterrupt)
                  0x0000f0          0x4 LONG 0x2be DEFINED (__AltInterrupt46)?ABSOLUTE (__AltInterrupt46):DEFINED (__Interrupt46)?ABSOLUTE (__Interrupt46):ABSOLUTE (__DefaultInterrupt)
                  0x0000f2          0x4 LONG 0x2be DEFINED (__AltInterrupt47)?ABSOLUTE (__AltInterrupt47):DEFINED (__Interrupt47)?ABSOLUTE (__Interrupt47):ABSOLUTE (__DefaultInterrupt)
                  0x0000f4          0x4 LONG 0x2be DEFINED (__AltInterrupt48)?ABSOLUTE (__AltInterrupt48):DEFINED (__Interrupt48)?ABSOLUTE (__Interrupt48):ABSOLUTE (__DefaultInterrupt)
                  0x0000f6          0x4 LONG 0x2be DEFINED (__AltInterrupt49)?ABSOLUTE (__AltInterrupt49):DEFINED (__Interrupt49)?ABSOLUTE (__Interrupt49):ABSOLUTE (__DefaultInterrupt)
                  0x0000f8          0x4 LONG 0x2be DEFINED (__AltInterrupt50)?ABSOLUTE (__AltInterrupt50):DEFINED (__Interrupt50)?ABSOLUTE (__Interrupt50):ABSOLUTE (__DefaultInterrupt)
                  0x0000fa          0x4 LONG 0x2be DEFINED (__AltInterrupt51)?ABSOLUTE (__AltInterrupt51):DEFINED (__Interrupt51)?ABSOLUTE (__Interrupt51):ABSOLUTE (__DefaultInterrupt)
                  0x0000fc          0x4 LONG 0x2be DEFINED (__AltInterrupt52)?ABSOLUTE (__AltInterrupt52):DEFINED (__Interrupt52)?ABSOLUTE (__Interrupt52):ABSOLUTE (__DefaultInterrupt)
                  0x0000fe          0x4 LONG 0x2be DEFINED (__AltInterrupt53)?ABSOLUTE (__AltInterrupt53):DEFINED (__Interrupt53)?ABSOLUTE (__Interrupt53):ABSOLUTE (__DefaultInterrupt)
                    0x0000                  WREG0 = 0x0
                    0x0000                  _WREG0 = 0x0
                    0x0002                  WREG1 = 0x2
                    0x0002                  _WREG1 = 0x2
                    0x0004                  WREG2 = 0x4
                    0x0004                  _WREG2 = 0x4
                    0x0006                  WREG3 = 0x6
                    0x0006                  _WREG3 = 0x6
                    0x0008                  WREG4 = 0x8
                    0x0008                  _WREG4 = 0x8
                    0x000a                  WREG5 = 0xa
                    0x000a                  _WREG5 = 0xa
                    0x000c                  WREG6 = 0xc
                    0x000c                  _WREG6 = 0xc
                    0x000e                  WREG7 = 0xe
                    0x000e                  _WREG7 = 0xe
                    0x0010                  WREG8 = 0x10
                    0x0010                  _WREG8 = 0x10
                    0x0012                  WREG9 = 0x12
                    0x0012                  _WREG9 = 0x12
                    0x0014                  WREG10 = 0x14
                    0x0014                  _WREG10 = 0x14
                    0x0016                  WREG11 = 0x16
                    0x0016                  _WREG11 = 0x16
                    0x0018                  WREG12 = 0x18
                    0x0018                  _WREG12 = 0x18
                    0x001a                  WREG13 = 0x1a
                    0x001a                  _WREG13 = 0x1a
                    0x001c                  WREG14 = 0x1c
                    0x001c                  _WREG14 = 0x1c
                    0x001e                  WREG15 = 0x1e
                    0x001e                  _WREG15 = 0x1e
                    0x0020                  SPLIM = 0x20
                    0x0020                  _SPLIM = 0x20
                    0x0022                  ACCAL = 0x22
                    0x0022                  _ACCAL = 0x22
                    0x0024                  ACCAH = 0x24
                    0x0024                  _ACCAH = 0x24
                    0x0026                  ACCAU = 0x26
                    0x0026                  _ACCAU = 0x26
                    0x0028                  ACCBL = 0x28
                    0x0028                  _ACCBL = 0x28
                    0x002a                  ACCBH = 0x2a
                    0x002a                  _ACCBH = 0x2a
                    0x002c                  ACCBU = 0x2c
                    0x002c                  _ACCBU = 0x2c
                    0x002e                  PCL = 0x2e
                    0x002e                  _PCL = 0x2e
                    0x0030                  PCH = 0x30
                    0x0030                  _PCH = 0x30
                    0x0032                  TBLPAG = 0x32
                    0x0032                  _TBLPAG = 0x32
                    0x0034                  PSVPAG = 0x34
                    0x0034                  _PSVPAG = 0x34
                    0x0036                  RCOUNT = 0x36
                    0x0036                  _RCOUNT = 0x36
                    0x0038                  DCOUNT = 0x38
                    0x0038                  _DCOUNT = 0x38
                    0x003a                  DOSTARTL = 0x3a
                    0x003a                  _DOSTARTL = 0x3a
                    0x003c                  DOSTARTH = 0x3c
                    0x003c                  _DOSTARTH = 0x3c
                    0x003e                  DOENDL = 0x3e
                    0x003e                  _DOENDL = 0x3e
                    0x0040                  DOENDH = 0x40
                    0x0040                  _DOENDH = 0x40
                    0x0042                  SR = 0x42
                    0x0042                  _SR = 0x42
                    0x0042                  _SRbits = 0x42
                    0x0044                  CORCON = 0x44
                    0x0044                  _CORCON = 0x44
                    0x0044                  _CORCONbits = 0x44
                    0x0046                  MODCON = 0x46
                    0x0046                  _MODCON = 0x46
                    0x0046                  _MODCONbits = 0x46
                    0x0048                  XMODSRT = 0x48
                    0x0048                  _XMODSRT = 0x48
                    0x004a                  XMODEND = 0x4a
                    0x004a                  _XMODEND = 0x4a
                    0x004c                  YMODSRT = 0x4c
                    0x004c                  _YMODSRT = 0x4c
                    0x004e                  YMODEND = 0x4e
                    0x004e                  _YMODEND = 0x4e
                    0x0050                  XBREV = 0x50
                    0x0050                  _XBREV = 0x50
                    0x0050                  _XBREVbits = 0x50
                    0x0052                  DISICNT = 0x52
                    0x0052                  _DISICNT = 0x52
                    0x0052                  _DISICNTbits = 0x52
                    0x0080                  INTCON1 = 0x80
                    0x0080                  _INTCON1 = 0x80
                    0x0080                  _INTCON1bits = 0x80
                    0x0082                  INTCON2 = 0x82
                    0x0082                  _INTCON2 = 0x82
                    0x0082                  _INTCON2bits = 0x82
                    0x0084                  IFS0 = 0x84
                    0x0084                  _IFS0 = 0x84
                    0x0084                  _IFS0bits = 0x84
                    0x0086                  IFS1 = 0x86
                    0x0086                  _IFS1 = 0x86
                    0x0086                  _IFS1bits = 0x86
                    0x0088                  IFS2 = 0x88
                    0x0088                  _IFS2 = 0x88
                    0x0088                  _IFS2bits = 0x88
                    0x008c                  IEC0 = 0x8c
                    0x008c                  _IEC0 = 0x8c
                    0x008c                  _IEC0bits = 0x8c
                    0x008e                  IEC1 = 0x8e
                    0x008e                  _IEC1 = 0x8e
                    0x008e                  _IEC1bits = 0x8e
                    0x0090                  IEC2 = 0x90
                    0x0090                  _IEC2 = 0x90
                    0x0090                  _IEC2bits = 0x90
                    0x0094                  IPC0 = 0x94
                    0x0094                  _IPC0 = 0x94
                    0x0094                  _IPC0bits = 0x94
                    0x0096                  IPC1 = 0x96
                    0x0096                  _IPC1 = 0x96
                    0x0096                  _IPC1bits = 0x96
                    0x0098                  IPC2 = 0x98
                    0x0098                  _IPC2 = 0x98
                    0x0098                  _IPC2bits = 0x98
                    0x009a                  IPC3 = 0x9a
                    0x009a                  _IPC3 = 0x9a
                    0x009a                  _IPC3bits = 0x9a
                    0x009c                  IPC4 = 0x9c
                    0x009c                  _IPC4 = 0x9c
                    0x009c                  _IPC4bits = 0x9c
                    0x009e                  IPC5 = 0x9e
                    0x009e                  _IPC5 = 0x9e
                    0x009e                  _IPC5bits = 0x9e
                    0x00a0                  IPC6 = 0xa0
                    0x00a0                  _IPC6 = 0xa0
                    0x00a0                  _IPC6bits = 0xa0
                    0x00a2                  IPC7 = 0xa2
                    0x00a2                  _IPC7 = 0xa2
                    0x00a2                  _IPC7bits = 0xa2
                    0x00a4                  IPC8 = 0xa4
                    0x00a4                  _IPC8 = 0xa4
                    0x00a4                  _IPC8bits = 0xa4
                    0x00a6                  IPC9 = 0xa6
                    0x00a6                  _IPC9 = 0xa6
                    0x00a6                  _IPC9bits = 0xa6
                    0x00a8                  IPC10 = 0xa8
                    0x00a8                  _IPC10 = 0xa8
                    0x00a8                  _IPC10bits = 0xa8
                    0x00b0                  INTTREG = 0xb0
                    0x00b0                  _INTTREG = 0xb0
                    0x00b0                  _INTTREGbits = 0xb0
                    0x00c0                  CNEN1 = 0xc0
                    0x00c0                  _CNEN1 = 0xc0
                    0x00c0                  _CNEN1bits = 0xc0
                    0x00c2                  CNEN2 = 0xc2
                    0x00c2                  _CNEN2 = 0xc2
                    0x00c2                  _CNEN2bits = 0xc2
                    0x00c4                  CNPU1 = 0xc4
                    0x00c4                  _CNPU1 = 0xc4
                    0x00c4                  _CNPU1bits = 0xc4
                    0x00c6                  CNPU2 = 0xc6
                    0x00c6                  _CNPU2 = 0xc6
                    0x00c6                  _CNPU2bits = 0xc6
                    0x0100                  TMR1 = 0x100
                    0x0100                  _TMR1 = 0x100
                    0x0102                  PR1 = 0x102
                    0x0102                  _PR1 = 0x102
                    0x0104                  T1CON = 0x104
                    0x0104                  _T1CON = 0x104
                    0x0104                  _T1CONbits = 0x104
                    0x0106                  TMR2 = 0x106
                    0x0106                  _TMR2 = 0x106
                    0x0108                  TMR3HLD = 0x108
                    0x0108                  _TMR3HLD = 0x108
                    0x010a                  TMR3 = 0x10a
                    0x010a                  _TMR3 = 0x10a
                    0x010c                  PR2 = 0x10c
                    0x010c                  _PR2 = 0x10c
                    0x010e                  PR3 = 0x10e
                    0x010e                  _PR3 = 0x10e
                    0x0110                  T2CON = 0x110
                    0x0110                  _T2CON = 0x110
                    0x0110                  _T2CONbits = 0x110
                    0x0112                  T3CON = 0x112
                    0x0112                  _T3CON = 0x112
                    0x0112                  _T3CONbits = 0x112
                    0x0114                  TMR4 = 0x114
                    0x0114                  _TMR4 = 0x114
                    0x0116                  TMR5HLD = 0x116
                    0x0116                  _TMR5HLD = 0x116
                    0x0118                  TMR5 = 0x118
                    0x0118                  _TMR5 = 0x118
                    0x011a                  PR4 = 0x11a
                    0x011a                  _PR4 = 0x11a
                    0x011c                  PR5 = 0x11c
                    0x011c                  _PR5 = 0x11c
                    0x011e                  T4CON = 0x11e
                    0x011e                  _T4CON = 0x11e
                    0x011e                  _T4CONbits = 0x11e
                    0x0120                  T5CON = 0x120
                    0x0120                  _T5CON = 0x120
                    0x0120                  _T5CONbits = 0x120
                    0x0140                  IC1BUF = 0x140
                    0x0140                  _IC1BUF = 0x140
                    0x0142                  IC1CON = 0x142
                    0x0142                  _IC1CON = 0x142
                    0x0142                  _IC1CONbits = 0x142
                    0x0144                  IC2BUF = 0x144
                    0x0144                  _IC2BUF = 0x144
                    0x0146                  IC2CON = 0x146
                    0x0146                  _IC2CON = 0x146
                    0x0146                  _IC2CONbits = 0x146
                    0x0148                  IC3BUF = 0x148
                    0x0148                  _IC3BUF = 0x148
                    0x014a                  IC3CON = 0x14a
                    0x014a                  _IC3CON = 0x14a
                    0x014a                  _IC3CONbits = 0x14a
                    0x014c                  IC4BUF = 0x14c
                    0x014c                  _IC4BUF = 0x14c
                    0x014e                  IC4CON = 0x14e
                    0x014e                  _IC4CON = 0x14e
                    0x014e                  _IC4CONbits = 0x14e
                    0x0150                  IC5BUF = 0x150
                    0x0150                  _IC5BUF = 0x150
                    0x0152                  IC5CON = 0x152
                    0x0152                  _IC5CON = 0x152
                    0x0152                  _IC5CONbits = 0x152
                    0x0154                  IC6BUF = 0x154
                    0x0154                  _IC6BUF = 0x154
                    0x0156                  IC6CON = 0x156
                    0x0156                  _IC6CON = 0x156
                    0x0156                  _IC6CONbits = 0x156
                    0x0158                  IC7BUF = 0x158
                    0x0158                  _IC7BUF = 0x158
                    0x015a                  IC7CON = 0x15a
                    0x015a                  _IC7CON = 0x15a
                    0x015a                  _IC7CONbits = 0x15a
                    0x015c                  IC8BUF = 0x15c
                    0x015c                  _IC8BUF = 0x15c
                    0x015e                  IC8CON = 0x15e
                    0x015e                  _IC8CON = 0x15e
                    0x015e                  _IC8CONbits = 0x15e
                    0x0180                  OC1RS = 0x180
                    0x0180                  _OC1RS = 0x180
                    0x0182                  OC1R = 0x182
                    0x0182                  _OC1R = 0x182
                    0x0184                  OC1CON = 0x184
                    0x0184                  _OC1CON = 0x184
                    0x0184                  _OC1CONbits = 0x184
                    0x0186                  OC2RS = 0x186
                    0x0186                  _OC2RS = 0x186
                    0x0188                  OC2R = 0x188
                    0x0188                  _OC2R = 0x188
                    0x018a                  OC2CON = 0x18a
                    0x018a                  _OC2CON = 0x18a
                    0x018a                  _OC2CONbits = 0x18a
                    0x018c                  OC3RS = 0x18c
                    0x018c                  _OC3RS = 0x18c
                    0x018e                  OC3R = 0x18e
                    0x018e                  _OC3R = 0x18e
                    0x0190                  OC3CON = 0x190
                    0x0190                  _OC3CON = 0x190
                    0x0190                  _OC3CONbits = 0x190
                    0x0192                  OC4RS = 0x192
                    0x0192                  _OC4RS = 0x192
                    0x0194                  OC4R = 0x194
                    0x0194                  _OC4R = 0x194
                    0x0196                  OC4CON = 0x196
                    0x0196                  _OC4CON = 0x196
                    0x0196                  _OC4CONbits = 0x196
                    0x0198                  OC5RS = 0x198
                    0x0198                  _OC5RS = 0x198
                    0x019a                  OC5R = 0x19a
                    0x019a                  _OC5R = 0x19a
                    0x019c                  OC5CON = 0x19c
                    0x019c                  _OC5CON = 0x19c
                    0x019c                  _OC5CONbits = 0x19c
                    0x019e                  OC6RS = 0x19e
                    0x019e                  _OC6RS = 0x19e
                    0x01a0                  OC6R = 0x1a0
                    0x01a0                  _OC6R = 0x1a0
                    0x01a2                  OC6CON = 0x1a2
                    0x01a2                  _OC6CON = 0x1a2
                    0x01a2                  _OC6CONbits = 0x1a2
                    0x01a4                  OC7RS = 0x1a4
                    0x01a4                  _OC7RS = 0x1a4
                    0x01a6                  OC7R = 0x1a6
                    0x01a6                  _OC7R = 0x1a6
                    0x01a8                  OC7CON = 0x1a8
                    0x01a8                  _OC7CON = 0x1a8
                    0x01a8                  _OC7CONbits = 0x1a8
                    0x01aa                  OC8RS = 0x1aa
                    0x01aa                  _OC8RS = 0x1aa
                    0x01ac                  OC8R = 0x1ac
                    0x01ac                  _OC8R = 0x1ac
                    0x01ae                  OC8CON = 0x1ae
                    0x01ae                  _OC8CON = 0x1ae
                    0x01ae                  _OC8CONbits = 0x1ae
                    0x0200                  I2CRCV = 0x200
                    0x0200                  _I2CRCV = 0x200
                    0x0200                  _I2CRCVbits = 0x200
                    0x0202                  I2CTRN = 0x202
                    0x0202                  _I2CTRN = 0x202
                    0x0202                  _I2CTRNbits = 0x202
                    0x0204                  I2CBRG = 0x204
                    0x0204                  _I2CBRG = 0x204
                    0x0204                  _I2CBRGbits = 0x204
                    0x0206                  I2CCON = 0x206
                    0x0206                  _I2CCON = 0x206
                    0x0206                  _I2CCONbits = 0x206
                    0x0208                  I2CSTAT = 0x208
                    0x0208                  _I2CSTAT = 0x208
                    0x0208                  _I2CSTATbits = 0x208
                    0x020a                  I2CADD = 0x20a
                    0x020a                  _I2CADD = 0x20a
                    0x020a                  _I2CADDbits = 0x20a
                    0x020c                  U1MODE = 0x20c
                    0x020c                  _U1MODE = 0x20c
                    0x020c                  _U1MODEbits = 0x20c
                    0x020e                  U1STA = 0x20e
                    0x020e                  _U1STA = 0x20e
                    0x020e                  _U1STAbits = 0x20e
                    0x0210                  U1TXREG = 0x210
                    0x0210                  _U1TXREG = 0x210
                    0x0210                  _U1TXREGbits = 0x210
                    0x0212                  U1RXREG = 0x212
                    0x0212                  _U1RXREG = 0x212
                    0x0212                  _U1RXREGbits = 0x212
                    0x0214                  U1BRG = 0x214
                    0x0214                  _U1BRG = 0x214
                    0x0216                  U2MODE = 0x216
                    0x0216                  _U2MODE = 0x216
                    0x0216                  _U2MODEbits = 0x216
                    0x0218                  U2STA = 0x218
                    0x0218                  _U2STA = 0x218
                    0x0218                  _U2STAbits = 0x218
                    0x021a                  U2TXREG = 0x21a
                    0x021a                  _U2TXREG = 0x21a
                    0x021a                  _U2TXREGbits = 0x21a
                    0x021c                  U2RXREG = 0x21c
                    0x021c                  _U2RXREG = 0x21c
                    0x021c                  _U2RXREGbits = 0x21c
                    0x021e                  U2BRG = 0x21e
                    0x021e                  _U2BRG = 0x21e
                    0x0220                  SPI1STAT = 0x220
                    0x0220                  _SPI1STAT = 0x220
                    0x0220                  _SPI1STATbits = 0x220
                    0x0222                  SPI1CON = 0x222
                    0x0222                  _SPI1CON = 0x222
                    0x0222                  _SPI1CONbits = 0x222
                    0x0224                  SPI1BUF = 0x224
                    0x0224                  _SPI1BUF = 0x224
                    0x0226                  SPI2STAT = 0x226