Microchip Technology Inc, vv3_31 (A) a

Tool Name:
  c:\program files\microchip\mplab c30\bin\bin\..\bin/pic30-elf-ld.exe

Command:
  -p30F6014A \
  -o \
  dist/default/production/demoGCtronic.X.production.elf \
  -Lc:/program files/microchip/mplab c30/bin/bin/.. \
  -Lc:/program files/microchip/mplab c30/bin/bin/../../lib \
  -Lc:/program files/microchip/mplab c30/bin/bin/../../lib/PIC24E \
  -Lc:/program files/microchip/mplab c30/bin/bin/../../support/PIC24E/gld \
  -Lc:/program files/microchip/mplab c30/bin/bin/../../lib/PIC24F \
  -Lc:/program files/microchip/mplab c30/bin/bin/../../support/PIC24F/gld \
  -Lc:/program files/microchip/mplab c30/bin/bin/../../lib/PIC24H \
  -Lc:/program files/microchip/mplab c30/bin/bin/../../support/PIC24H/gld \
  -Lc:/program files/microchip/mplab c30/bin/bin/../../lib/dsPIC30F \
  -Lc:/program files/microchip/mplab c30/bin/bin/../../support/dsPIC30F/gld \
  -Lc:/program files/microchip/mplab c30/bin/bin/../../lib/dsPIC33E \
  -Lc:/program files/microchip/mplab c30/bin/bin/../../support/dsPIC33E/gld \
  -Lc:/program files/microchip/mplab c30/bin/bin/../../lib/dsPIC33F \
  -Lc:/program files/microchip/mplab c30/bin/bin/../../support/dsPIC33F/gld \
  build/default/production/_ext/1472/utility.o \
  build/default/production/_ext/1472/Asercom.o \
  build/default/production/_ext/1472/DataEEPROM.o \
  build/default/production/_ext/1472/main_c.o \
  build/default/production/_ext/1472/runaccelerometer.o \
  build/default/production/_ext/1472/runbreitenberg_adv.o \
  build/default/production/_ext/1472/rungrounddirection.o \
  build/default/production/_ext/1472/runlocatesound.o \
  build/default/production/_ext/1472/runshow.o \
  build/default/production/_ext/1472/runwallfollow.o \
  build/default/production/_ext/1472/translatorI2C.o \
  build/default/production/_ext/487958404/e_acc.o \
  build/default/production/_ext/487958404/e_ad_conv.o \
  build/default/production/_ext/663421589/e_bluetooth.o \
  build/default/production/_ext/930121020/e_common.o \
  build/default/production/_ext/930121020/e_interrupt.o \
  build/default/production/_ext/930121020/e_po6030k_registers.o \
  build/default/production/_ext/2015481517/e_const_sound.o \
  build/default/production/_ext/2015481517/e_init_codec_slave.o \
  build/default/production/_ext/2015481517/e_init_dci_master.o \
  build/default/production/_ext/2015481517/e_isr_dci.o \
  build/default/production/_ext/2015481517/e_sound.o \
  build/default/production/_ext/2015481517/e_sub_dci_kickoff.o \
  build/default/production/_ext/417766185/e_I2C_master_module.o \
  build/default/production/_ext/417766185/e_I2C_protocol.o \
  build/default/production/_ext/64492303/e_init_uart1.o \
  build/default/production/_ext/64492303/e_uart1_rx_char.o \
  build/default/production/_ext/64492303/e_uart1_tx_char.o \
  build/default/production/_ext/64492303/e_uart2_rx_char.o \
  build/default/production/_ext/64492303/e_uart2_tx_char.o \
  build/default/production/_ext/1259340286/e_init_port.o \
  build/default/production/_ext/1949949662/e_agenda.o \
  build/default/production/_ext/1949949662/e_remote_control.o \
  build/default/production/_ext/1514613776/e_calc_po3030k.o \
  build/default/production/_ext/1514613776/e_calc_po6030k.o \
  build/default/production/_ext/760574787/e_init_uart2.o \
  build/default/production/_ext/879901074/e_led.o \
  build/default/production/_ext/487958404/e_micro.o \
  build/default/production/_ext/879901074/e_motors.o \
  build/default/production/_ext/1514613776/e_po3030k_registers.o \
  build/default/production/_ext/487958404/e_prox.o \
  build/default/production/_ext/1514613776/e_timers.o \
  build/default/production/_ext/1472/epuckPlayer.o \
  --defsym=__MPLAB_BUILD=1 \
  --heap=50 \
  --stack=512 \
  -LC:/Program Files/Microchip/MPLAB C30/lib \
  -LC:/Program Files (x86)/Microchip/MPLAB C30/support/dsPIC30F/gld \
  -Map=dist/default/production/demoGCtronic.X.production.map \
  --report-mem \
  -Tp30F6014A.gld.00 \
  -start-group \
  --library=pic30-elf \
  --library=m-elf \
  --library=c-elf \
  -end-group \

Archive member included because of file (symbol)

c:/program files/microchip/mplab c30/bin/bin/../../lib\libpic30-elf.a(crt0_standard.o)
                              (__resetPRI)
c:/program files/microchip/mplab c30/bin/bin/../../lib\libpic30-elf.a(data_init_standard.o)
                              c:/program files/microchip/mplab c30/bin/bin/../../lib\libpic30-elf.a(crt0_standard.o) (__data_init_standard)
c:/program files/microchip/mplab c30/bin/bin/../../lib\libm-elf.a(addsf3.eo)
                              build/default/production/_ext/1472/runlocatesound.o (___subsf3)
c:/program files/microchip/mplab c30/bin/bin/../../lib\libm-elf.a(asinf.eo)
                              build/default/production/_ext/1472/runlocatesound.o (_asinf)
c:/program files/microchip/mplab c30/bin/bin/../../lib\libm-elf.a(atan2f.eo)
                              build/default/production/_ext/1472/runaccelerometer.o (_atan2f)
[...]
Memory Configuration

Name             Origin             Length             Attributes
data             0x000800           0x002000           a !xr
reset            0x000000           0x000004  
ivt              0x000004           0x00007c  
_reserved        0x000080           0x000004  
aivt             0x000084           0x00007c  
program          0x000100           0x017efe           xr
eedata           0x7ff000           0x001000  
FUID0            0x8005c0           0x000002  
FUID1            0x8005c2           0x000002  
FUID2            0x8005c4           0x000002  
FUID3            0x8005c6           0x000002  
FOSC             0xf80000           0x000002  
FWDT             0xf80002           0x000002  
FBORPOR          0xf80004           0x000002  
FBS              0xf80006           0x000002  
FSS              0xf80008           0x000002  
FGS              0xf8000a           0x000002  
FICD             0xf8000c           0x000002  
*default*        0x000000           0xffffffff  

Linker script and memory map

LOAD build/default/production/_ext/1472/utility.o
LOAD build/default/production/_ext/1472/Asercom.o
LOAD build/default/production/_ext/1472/DataEEPROM.o
LOAD build/default/production/_ext/1472/main_c.o
LOAD build/default/production/_ext/1472/runaccelerometer.o
LOAD build/default/production/_ext/1472/runbreitenberg_adv.o
LOAD build/default/production/_ext/1472/rungrounddirection.o
LOAD build/default/production/_ext/1472/runlocatesound.o
LOAD build/default/production/_ext/1472/runshow.o
LOAD build/default/production/_ext/1472/runwallfollow.o
LOAD build/default/production/_ext/1472/translatorI2C.o
LOAD build/default/production/_ext/487958404/e_acc.o
LOAD build/default/production/_ext/487958404/e_ad_conv.o
LOAD build/default/production/_ext/663421589/e_bluetooth.o
LOAD build/default/production/_ext/930121020/e_common.o
LOAD build/default/production/_ext/930121020/e_interrupt.o
LOAD build/default/production/_ext/930121020/e_po6030k_registers.o
LOAD build/default/production/_ext/2015481517/e_const_sound.o
LOAD build/default/production/_ext/2015481517/e_init_codec_slave.o
LOAD build/default/production/_ext/2015481517/e_init_dci_master.o
LOAD build/default/production/_ext/2015481517/e_isr_dci.o
LOAD build/default/production/_ext/2015481517/e_sound.o
LOAD build/default/production/_ext/2015481517/e_sub_dci_kickoff.o
LOAD build/default/production/_ext/417766185/e_I2C_master_module.o
LOAD build/default/production/_ext/417766185/e_I2C_protocol.o
LOAD build/default/production/_ext/64492303/e_init_uart1.o
LOAD build/default/production/_ext/64492303/e_uart1_rx_char.o
LOAD build/default/production/_ext/64492303/e_uart1_tx_char.o
LOAD build/default/production/_ext/64492303/e_uart2_rx_char.o
LOAD build/default/production/_ext/64492303/e_uart2_tx_char.o
LOAD build/default/production/_ext/1259340286/e_init_port.o
LOAD build/default/production/_ext/1949949662/e_agenda.o
LOAD build/default/production/_ext/1949949662/e_remote_control.o
LOAD build/default/production/_ext/1514613776/e_calc_po3030k.o
LOAD build/default/production/_ext/1514613776/e_calc_po6030k.o
LOAD build/default/production/_ext/760574787/e_init_uart2.o
LOAD build/default/production/_ext/879901074/e_led.o
LOAD build/default/production/_ext/487958404/e_micro.o
LOAD build/default/production/_ext/879901074/e_motors.o
LOAD build/default/production/_ext/1514613776/e_po3030k_registers.o
LOAD build/default/production/_ext/487958404/e_prox.o
LOAD build/default/production/_ext/1514613776/e_timers.o
LOAD build/default/production/_ext/1472/epuckPlayer.o
                    0x0001                  __MPLAB_BUILD = 0x1
LOAD c:/program files/microchip/mplab c30/bin/bin/../../lib/dsPIC30F\libp30F6014A-elf.a
                    0x8005c0                  __FUID0 = 0x8005c0
                    0x8005c2                  __FUID1 = 0x8005c2
                    0x8005c4                  __FUID2 = 0x8005c4
                    0x8005c6                  __FUID3 = 0x8005c6
                    0xf80000                  __FOSC = 0xf80000
                    0xf80002                  __FWDT = 0xf80002
                    0xf80004                  __FBORPOR = 0xf80004
                    0xf80006                  __FBS = 0xf80006
                    0xf80008                  __FSS = 0xf80008
                    0xf8000a                  __FGS = 0xf8000a
                    0xf8000c                  __FICD = 0xf8000c
                    0x0004                  __IVT_BASE = 0x4
                    0x0084                  __AIVT_BASE = 0x84
                    0x0800                  __DATA_BASE = 0x800
                    0x2000                  __DATA_LENGTH = 0x2000
                    0x1800                  __YDATA_BASE = 0x1800
                    0x0100                  __CODE_BASE = 0x100
                    0x17f00                  __CODE_LENGTH = 0x17f00

.reset            0x000000          0x4
                  0x000000          0x2 SHORT 0x100 ABSOLUTE (__reset)
                  0x000001          0x2 SHORT 0x4
                  0x000002          0x2 SHORT 0x0 ((ABSOLUTE (__reset) >> 0x10) & 0x7f)
                  0x000003          0x2 SHORT 0x0

.text             0x000100       0x25fa
 *(.init)
 .init            0x000100         0x32 c:/program files/microchip/mplab c30/bin/bin/../../lib\libpic30-elf.a(crt0_standard.o)
                  0x000100                  __resetPRI
                  0x000100                  __reset
                  0x000122                  __psv_init
 .init            0x000132         0x5e c:/program files/microchip/mplab c30/bin/bin/../../lib\libpic30-elf.a(data_init_standard.o)
                  0x000132                  __data_init_standard
                  0x000132                  __data_init
 *(.user_init)
 *(.handle)
 .handle          0x000190         0x20 jump_table
 *(.isr*)
 .isr             0x0001b0          0x4 default_isr
                  0x0001b0                  __DefaultInterrupt
 *(.libc)
 *(.libm)
 *(.libdsp)
 *(.lib*)
 .libm.subsf3     0x0001b4         0xbc c:/program files/microchip/mplab c30/bin/bin/../../lib\libm-elf.a(addsf3.eo)
                  0x0001b4                  ___subsf3
                  0x0001b6                  ___addsf3
 .libm.asinf      0x000270          0x4 c:/program files/microchip/mplab c30/bin/bin/../../lib\libm-elf.a(asinf.eo)
                  0x000270                  _asinf
 .libm.atanf      0x000274         0x3a c:/program files/microchip/mplab c30/bin/bin/../../lib\libm-elf.a(atan2f.eo)
                  0x000274                  _atan2f
 .libm.atanf      0x0002ae         0xca c:/program files/microchip/mplab c30/bin/bin/../../lib\libm-elf.a(atanf.eo)
                  0x0002ae                  _atanf
 .libm.divfs3     0x000378         0x84 c:/program files/microchip/mplab c30/bin/bin/../../lib\libm-elf.a(divsf3.eo)
                  0x000378                  ___divsf3
 .libm.divsi3     0x0003fc         0x1e c:/program files/microchip/mplab c30/bin/bin/../../lib\libm-elf.a(divsi3.eo)
                  0x0003fc                  ___divsi3
 .libm.eqsf2      0x00041a          0x4 c:/program files/microchip/mplab c30/bin/bin/../../lib\libm-elf.a(feqltle.eo)
                  0x00041a                  ___eqsf2
                  0x00041a                  ___ltsf2
                  0x00041a                  ___lesf2
 .libm.gtsf2      0x00041e          0x4 c:/program files/microchip/mplab c30/bin/bin/../../lib\libm-elf.a(fgtge.eo)
                  0x00041e                  ___gesf2
                  0x00041e                  ___gtsf2
 .libm.fixsfsi    0x000422         0x42 c:/program files/microchip/mplab c30/bin/bin/../../lib\libm-elf.a(fixsfsi.eo)
                  0x000422                  _(float, int, long long, short, float, short, int)
 .libm.floatsisf
                  0x000464         0x56 c:/program files/microchip/mplab c30/bin/bin/../../lib\libm-elf.a(floatsisf.eo)
                  0x000464                  ___floatsisf
 .libm.floorf     0x0004ba         0x10 c:/program files/microchip/mplab c30/bin/bin/../../lib\libm-elf.a(floorf.eo)
                  0x0004ba                  _floorf
 .libm.nesf2      0x0004ca          0x4 c:/program files/microchip/mplab c30/bin/bin/../../lib\libm-elf.a(fne.eo)
                  0x0004ca                  ___nesf2
 .libm.fpack      0x0004ce         0x4c c:/program files/microchip/mplab c30/bin/bin/../../lib\libm-elf.a(fpack.eo)
                  0x0004ce                  __fpack
 .libm.funpack    0x00051a         0x2a c:/program files/microchip/mplab c30/bin/bin/../../lib\libm-elf.a(funpack.eo)
                  0x00051a                  __funpack
 .libm.funpack2
                  0x000544         0x10 c:/program files/microchip/mplab c30/bin/bin/../../lib\libm-elf.a(funpack2.eo)
                  0x000544                  __funpack2
 .libm.fPropagateNaN
                  0x000554         0x12 c:/program files/microchip/mplab c30/bin/bin/../../lib\libm-elf.a(futil.eo)
                  0x000554                  __fPropagateNaN
 .libm.fbobExit
                  0x000566          0x8 c:/program files/microchip/mplab c30/bin/bin/../../lib\libm-elf.a(futil.eo)
                  0x000566                  __fbopExit
 .libm.fbopReturnNaN
                  0x00056e          0x6 c:/program files/microchip/mplab c30/bin/bin/../../lib\libm-elf.a(futil.eo)
                  0x00056e                  __fbopReturnNaN
 .libm.mulsf3     0x000574         0x68 c:/program files/microchip/mplab c30/bin/bin/../../lib\libm-elf.a(mulsf3.eo)
                  0x000574                  ___mulsf3
 .libm.sqrtf      0x0005dc         0x6a c:/program files/microchip/mplab c30/bin/bin/../../lib\libm-elf.a(sqrtf.eo)
                  0x0005dc                  _sqrtf
 .libm.udivsi3    0x000646         0x20 c:/program files/microchip/mplab c30/bin/bin/../../lib\libm-elf.a(udivsi3.eo)
                  0x000646                  ___udivsi3
 .libm.asinacosf
                  0x000666         0xce c:/program files/microchip/mplab c30/bin/bin/../../lib\libm-elf.a(asinacosf.eo)
                  0x000666                  __asinacosf
 .libm.fchop      0x000734         0x4e c:/program files/microchip/mplab c30/bin/bin/../../lib\libm-elf.a(fchop.eo)
                  0x000734                  __fchop
 .libm.fcompare
                  0x000782         0x36 c:/program files/microchip/mplab c30/bin/bin/../../lib\libm-elf.a(fcompare.eo)
                  0x000782                  __fcompare
 .libc.toupper    0x0007b8          0xe c:/program files/microchip/mplab c30/bin/bin/../../lib\libc-elf.a(toupper.XXeo)
                  0x0007b8                  _toupper
 .libc.atoi       0x0007c6         0x48 c:/program files/microchip/mplab c30/bin/bin/../../lib\libc-elf.a(atoi.XXeo)
                  0x0007c6                  _atoi
 .libc.exit       0x00080e          0x8 c:/program files/microchip/mplab c30/bin/bin/../../lib\libc-elf.a(exit.XXeo)
                  0x00080e                  _exit
 .libc.memset     0x000816          0xe c:/program files/microchip/mplab c30/bin/bin/../../lib\libc-elf.a(memset.XXeo)
                  0x000816                  _memset
 .libc._cleanup
                  0x000824         0x1c c:/program files/microchip/mplab c30/bin/bin/../../lib\libc-elf.a(stdclean.XXeo)
                  0x000824                  __cleanup
 .libc.strlen     0x000840          0xc c:/program files/microchip/mplab c30/bin/bin/../../lib\libc-elf.a(strlen.XXeo)
                  0x000840                  _strlen
 .libc._sscanf_cdnopuxX
                  0x00084c         0x1c c:/program files/microchip/mplab c30/bin/bin/../../lib\libc-elf.a(sscanf_cdnopuxX.XXeo)
                  0x00084c                  __sscanf_cdnopuxX
 .libc.range      0x000868         0x3c c:/program files/microchip/mplab c30/bin/bin/../../lib\libc-elf.a(doscan_cdnopuxX.XXeo)
 .libc.wspace     0x0008a4         0x1c c:/program files/microchip/mplab c30/bin/bin/../../lib\libc-elf.a(doscan_cdnopuxX.XXeo)
 .libc._vfscanf_cdnopuxX
                  0x0008c0        0x242 c:/program files/microchip/mplab c30/bin/bin/../../lib\libc-elf.a(doscan_cdnopuxX.XXeo)
                  0x0008c0                  __vfscanf_cdnopuxX
 .libc._sprintf_cdfFnopsuxX
                  0x000b02         0x2e c:/program files/microchip/mplab c30/bin/bin/../../lib\libc-elf.a(sprintf_cdfFnopsuxX.XXeo)
                  0x000b02                  __sprintf_cdfFnopuxX
                  0x000b02                  __sprintf_cdfFnopsuxX
                  0x000b02                  __sprintf_cdnopuxX
                  0x000b02                  __sprintf_cdnopsuxX
 .libc.scale      0x000b30         0xae c:/program files/microchip/mplab c30/bin/bin/../../lib\libc-elf.a(doprnt_cdfFnopsuxX.XXeo)
 .libc._vfprintf_cdfFnopsuxX
                  0x000bde        0x9fc c:/program files/microchip/mplab c30/bin/bin/../../lib\libc-elf.a(doprnt_cdfFnopsuxX.XXeo)
                  0x000bde                  __vfprintf_cdnopuxX
                  0x000bde                  __vfprintf_cdnopsuxX
                  0x000bde                  __vfprintf_cdfFnopuxX
                  0x000bde                  __vfprintf_cdfFnopsuxX
 .libc._sscanf_s
                  0x0015da         0x1c c:/program files/microchip/mplab c30/bin/bin/../../lib\libc-elf.a(sscanf_s.XXeo)
                  0x0015da                  __sscanf_0
                  0x0015da                  __sscanf_s
 .libc.range      0x0015f6         0x3c c:/program files/microchip/mplab c30/bin/bin/../../lib\libc-elf.a(doscan_s.XXeo)
 .libc.wspace     0x001632         0x1c c:/program files/microchip/mplab c30/bin/bin/../../lib\libc-elf.a(doscan_s.XXeo)
 .libc._vfscanf_s
                  0x00164e        0x242 c:/program files/microchip/mplab c30/bin/bin/../../lib\libc-elf.a(doscan_s.XXeo)
                  0x00164e                  __vfscanf_s
                  0x00164e                  __vfscanf_0
 .libc.malloc     0x001890        0x124 c:/program files/microchip/mplab c30/bin/bin/../../lib\libc-elf.a(malloc.XXeo)
                  0x001890                  _malloc
 .libc.free       0x0019b4          0xc c:/program files/microchip/mplab c30/bin/bin/../../lib\libc-elf.a(malloc.XXeo)
                  0x0019b4                  _free
 .libc.realloc    0x0019c0         0x5a c:/program files/microchip/mplab c30/bin/bin/../../lib\libc-elf.a(malloc.XXeo)
                  0x0019c0                  _realloc
 .libc.isalpha    0x001a1a         0x14 c:/program files/microchip/mplab c30/bin/bin/../../lib\libc-elf.a(isalpha.XXelo)
                  0x001a1a                  _isalpha
 .libc.isspace    0x001a2e         0x10 c:/program files/microchip/mplab c30/bin/bin/../../lib\libc-elf.a(isspace.XXelo)
                  0x001a2e                  _isspace
 .libc.isupper    0x001a3e          0xc c:/program files/microchip/mplab c30/bin/bin/../../lib\libc-elf.a(isupper.XXelo)
                  0x001a3e                  _isupper
 .libc.tolower    0x001a4a          0xe c:/program files/microchip/mplab c30/bin/bin/../../lib\libc-elf.a(tolower.XXelo)
                  0x001a4a                  _tolower
 .libc.fclose     0x001a58         0x70 c:/program files/microchip/mplab c30/bin/bin/../../lib\libc-elf.a(fclose.XXelo)
                  0x001a58                  _fclose
 .libc.fgetc      0x001ac8         0x68 c:/program files/microchip/mplab c30/bin/bin/../../lib\libc-elf.a(fgetc.XXelo)
                  0x001ac8                  _fgetc
 .libc.fputc      0x001b30         0x94 c:/program files/microchip/mplab c30/bin/bin/../../lib\libc-elf.a(fputc.XXelo)
                  0x001b30                  _fputc
 .libc.ungetc     0x001bc4         0x42 c:/program files/microchip/mplab c30/bin/bin/../../lib\libc-elf.a(ungetc.XXelo)
                  0x001bc4                  _ungetc
 .libc._bufallo
                  0x001c06         0x1e c:/program files/microchip/mplab c30/bin/bin/../../lib\libc-elf.a(buf.XXeo)
                  0x001c06                  __bufallo
 .libc._buffree
                  0x001c24          0x8 c:/program files/microchip/mplab c30/bin/bin/../../lib\libc-elf.a(buf.XXeo)
                  0x001c24                  __buffree
 .libc.fflush     0x001c2c         0x54 c:/program files/microchip/mplab c30/bin/bin/../../lib\libc-elf.a(fflush.XXeo)
                  0x001c2c                  _fflush
 .libc._filbuf    0x001c80         0x9c c:/program files/microchip/mplab c30/bin/bin/../../lib\libc-elf.a(filbuf.XXeo)
                  0x001c80                  __filbuf
 .libc._flsbuf    0x001d1c         0x86 c:/program files/microchip/mplab c30/bin/bin/../../lib\libc-elf.a(flsbuf.XXeo)
                  0x001d1c                  __flsbuf
 .libc.memcpy     0x001da2          0xe c:/program files/microchip/mplab c30/bin/bin/../../lib\libc-elf.a(memcpy.XXeo)
                  0x001da2                  _memcpy
 .libc._exit      0x001db0         0x10 c:/program files/microchip/mplab c30/bin/bin/../../lib\libpic30-elf.a(_exit.eo)
                  0x001db0                  __exit
 .libc.read       0x001dc0         0x72 c:/program files/microchip/mplab c30/bin/bin/../../lib\libpic30-elf.a(read.eo)
                  0x001dc0                  _read
 .libc.close      0x001e32         0x12 c:/program files/microchip/mplab c30/bin/bin/../../lib\libpic30-elf.a(close.eo)
                  0x001e32                  _close
 .libc.write      0x001e44         0x6e c:/program files/microchip/mplab c30/bin/bin/../../lib\libpic30-elf.a(write.eo)
                  0x001e44                  _write
 .libc.remove     0x001eb2         0x12 c:/program files/microchip/mplab c30/bin/bin/../../lib\libpic30-elf.a(remove.eo)
                  0x001eb2                  _remove
 .libc.sbrk       0x001ec4         0x2c c:/program files/microchip/mplab c30/bin/bin/../../lib\libpic30-elf.a(sbrk.eo)
                  0x001ec4                  _sbrk
 .libc.brk        0x001ef0         0x1e c:/program files/microchip/mplab c30/bin/bin/../../lib\libpic30-elf.a(brk.elo)
                  0x001ef0                  _brk
 .libm.adddf3     0x001f0e         0xfa c:/program files/microchip/mplab c30/bin/bin/../../lib\libm-elf.a(adddf3.eo)
                  0x001f0e                  ___adddf3
 .libm.eqdf2      0x002008          0xa c:/program files/microchip/mplab c30/bin/bin/../../lib\libm-elf.a(deqltle.eo)
                  0x002008                  ___eqdf2
                  0x002008                  ___ltdf2
                  0x002008                  ___ledf2
 .libm.gtdf2      0x002012          0xa c:/program files/microchip/mplab c30/bin/bin/../../lib\libm-elf.a(dgtge.eo)
                  0x002012                  ___gtdf2
                  0x002012                  ___gedf2
 .libm.divdf3     0x00201c         0xb4 c:/program files/microchip/mplab c30/bin/bin/../../lib\libm-elf.a(divdf3.eo)
                  0x00201c                  ___divdf3
 .libm.nedf2      0x0020d0          0xa c:/program files/microchip/mplab c30/bin/bin/../../lib\libm-elf.a(dne.eo)
                  0x0020d0                  ___nedf2
 .libm.dpack      0x0020da         0x58 c:/program files/microchip/mplab c30/bin/bin/../../lib\libm-elf.a(dpack.eo)
                  0x0020da                  __dpack
 .libm.dunpack2
                  0x002132         0x32 c:/program files/microchip/mplab c30/bin/bin/../../lib\libm-elf.a(dunpack2.eo)
                  0x002132                  __dunpack2
                  0x002154                  __dreturnNaN
                  0x00215a                  __dunpack2exit
 .libm.extendsfdf2
                  0x002164         0x3e c:/program files/microchip/mplab c30/bin/bin/../../lib\libm-elf.a(extendsfdf.eo)
                  0x002164                  ___extendsfdf2
 .libm.fixunsdfdi
                  0x0021a2         0x62 c:/program files/microchip/mplab c30/bin/bin/../../lib\libm-elf.a(fixunsdfdi.eo)
                  0x0021a2                  ___fixunsdfdi
 .libm.floatdidf
                  0x002204         0x6e c:/program files/microchip/mplab c30/bin/bin/../../lib\libm-elf.a(floatdidf.eo)
                  0x002204                  ___floatdidf
 .libm.frexpf     0x002272          0x6 c:/program files/microchip/mplab c30/bin/bin/../../lib\libm-elf.a(frexpf.eo)
                  0x002272                  _frexpf
 .libm.muldf3     0x002278         0xea c:/program files/microchip/mplab c30/bin/bin/../../lib\libm-elf.a(muldf3.eo)
                  0x002278                  ___muldf3
 .libm.subdf3     0x002362          0x4 c:/program files/microchip/mplab c30/bin/bin/../../lib\libm-elf.a(subdf3.eo)
                  0x002362                  ___subdf3
 .libm.truncdfsf2
                  0x002366         0x56 c:/program files/microchip/mplab c30/bin/bin/../../lib\libm-elf.a(truncdfsf.eo)
                  0x002366                  ___truncdfsf2
 .libc.mulsi3     0x0023bc          0xc c:/program files/microchip/mplab c30/bin/bin/../../lib\libm-elf.a(mulsi3.eo)
                  0x0023bc                  ___mulp32peds3
                  0x0023bc                  ___mulsi3
                  0x0023bc                  ___mulp32eds3
 .libm.__PplusBdi
                  0x0023c8         0x26 c:/program files/microchip/mplab c30/bin/bin/../../lib\libm-elf.a(divmoddi3.eo)
 .libm.__udivmoddi3
                  0x0023ee        0x128 c:/program files/microchip/mplab c30/bin/bin/../../lib\libm-elf.a(divmoddi3.eo)
                  0x0023ee                  ___udivmoddi3
 .libm.__udivdi3
                  0x002516          0xe c:/program files/microchip/mplab c30/bin/bin/../../lib\libm-elf.a(divmoddi3.eo)
                  0x002516                  ___udivdi3
 .libm.__umoddi3
                  0x002524          0x8 c:/program files/microchip/mplab c30/bin/bin/../../lib\libm-elf.a(divmoddi3.eo)
                  0x002524                  ___umoddi3
 .libm.__divdi3
                  0x00252c         0x6c c:/program files/microchip/mplab c30/bin/bin/../../lib\libm-elf.a(divmoddi3.eo)
                  0x00252c                  ___divdi3
 .libm.__moddi3
                  0x002598         0x68 c:/program files/microchip/mplab c30/bin/bin/../../lib\libm-elf.a(divmoddi3.eo)
                  0x002598                  ___moddi3
 .libm.frexpf     0x002600         0x1a c:/program files/microchip/mplab c30/bin/bin/../../lib\libm-elf.a(_frexpf.eo)
                  0x002600                  __frexpf
 .libm.dcompare
                  0x00261a         0x52 c:/program files/microchip/mplab c30/bin/bin/../../lib\libm-elf.a(dcompare.eo)
                  0x00261a                  __dcompare
 .libm.dPropagateNaN
                  0x00266c         0x1c c:/program files/microchip/mplab c30/bin/bin/../../lib\libm-elf.a(dpropagateNaN.eo)
                  0x00266c                  __dPropagateNaN
 .libm.dtype      0x002688         0x24 c:/program files/microchip/mplab c30/bin/bin/../../lib\libm-elf.a(dtype.eo)
                  0x002688                  __dtype
 .libm.dunpack    0x0026ac         0x4e c:/program files/microchip/mplab c30/bin/bin/../../lib\libm-elf.a(dunpack.eo)
                  0x0026ac                  __dunpack

usercode
 *(usercode)

__FUID0
 *(__FUID0.sec*)

__FUID1
 *(__FUID1.sec*)

__FUID2
 *(__FUID2.sec*)

__FUID3
 *(__FUID3.sec*)

__FOSC            0xf80000          0x2
 *(__FOSC.sec*)
 __FOSC.sec       0xf80000          0x2 build/default/production/_ext/1259340286/e_init_port.o

__FWDT            0xf80002          0x2
 *(__FWDT.sec*)
 __FWDT.sec       0xf80002          0x2 build/default/production/_ext/1259340286/e_init_port.o

__FBORPOR         0xf80004          0x2
 *(__FBORPOR.sec*)
 __FBORPOR.sec    0xf80004          0x2 build/default/production/_ext/1259340286/e_init_port.o

__FBS
 *(__FBS.sec*)

__FSS
 *(__FSS.sec*)

__FGS             0xf8000a          0x2
 *(__FGS.sec*)
 __FGS.sec        0xf8000a          0x2 FGS
                  0xf8000a                  __FGS.sec

__FICD
 *(__FICD.sec*)

user_eedata
 *(user_eedata)

userdata
 *(userdata)

.comment
 *(.comment)

.debug_info       0x000000       0xde4a
 *(.debug_info)
 .debug_info      0x000000        0x24f build/default/production/_ext/1472/utility.o
 .debug_info      0x00024f        0x88f build/default/production/_ext/1472/Asercom.o
 .debug_info      0x000ade         0xa1 build/default/production/_ext/1472/DataEEPROM.o
 .debug_info      0x000b7f        0x6bf build/default/production/_ext/1472/main_c.o
 .debug_info      0x00123e        0x2f4 build/default/production/_ext/1472/runaccelerometer.o
 .debug_info      0x001532        0x39d build/default/production/_ext/1472/runbreitenberg_adv.o
 .debug_info      0x0018cf        0x10b build/default/production/_ext/1472/rungrounddirection.o
 .debug_info      0x0019da        0x746 build/default/production/_ext/1472/runlocatesound.o
 .debug_info      0x002120        0x390 build/default/production/_ext/1472/runshow.o
 .debug_info      0x0024b0        0x47f build/default/production/_ext/1472/runwallfollow.o
 .debug_info      0x00292f        0x1a1 build/default/production/_ext/1472/translatorI2C.o
 .debug_info      0x002ad0        0x62e build/default/production/_ext/487958404/e_acc.o
 .debug_info      0x0030fe       0x114e build/default/production/_ext/487958404/e_ad_conv.o
 .debug_info      0x00424c        0xf22 build/default/production/_ext/663421589/e_bluetooth.o
 .debug_info      0x00516e        0x473 build/default/production/_ext/930121020/e_common.o
 .debug_info      0x0055e1         0xc4 build/default/production/_ext/930121020/e_interrupt.o
 .debug_info      0x0056a5        0x554 build/default/production/_ext/930121020/e_po6030k_registers.o
 .debug_info      0x005bf9         0xbd build/default/production/_ext/2015481517/e_init_codec_slave.o
 .debug_info      0x005cb6         0xbc build/default/production/_ext/2015481517/e_init_dci_master.o
 .debug_info      0x005d72         0xb4 build/default/production/_ext/2015481517/e_isr_dci.o
 .debug_info      0x005e26        0x271 build/default/production/_ext/2015481517/e_sound.o
 .debug_info      0x006097         0xbc build/default/production/_ext/2015481517/e_sub_dci_kickoff.o
 .debug_info      0x006153        0xb8f build/default/production/_ext/417766185/e_I2C_master_module.o
 .debug_info      0x006ce2        0x201 build/default/production/_ext/417766185/e_I2C_protocol.o
 .debug_info      0x006ee3         0xb6 build/default/production/_ext/64492303/e_init_uart1.o
 .debug_info      0x006f99         0xb9 build/default/production/_ext/64492303/e_uart1_rx_char.o
 .debug_info      0x007052         0xb9 build/default/production/_ext/64492303/e_uart1_tx_char.o
 .debug_info      0x00710b         0xb9 build/default/production/_ext/64492303/e_uart2_rx_char.o
 .debug_info      0x0071c4         0xb9 build/default/production/_ext/64492303/e_uart2_tx_char.o
 .debug_info      0x00727d        0xc5a build/default/production/_ext/1259340286/e_init_port.o
 .debug_info      0x007ed7        0x85f build/default/production/_ext/1949949662/e_agenda.o
 .debug_info      0x008736        0x841 build/default/production/_ext/1949949662/e_remote_control.o
 .debug_info      0x008f77        0x27e build/default/production/_ext/1514613776/e_calc_po3030k.o
 .debug_info      0x0091f5        0x294 build/default/production/_ext/1514613776/e_calc_po6030k.o
 .debug_info      0x009489         0xa8 build/default/production/_ext/760574787/e_init_uart2.o
 .debug_info      0x009531        0x60c build/default/production/_ext/879901074/e_led.o
 .debug_info      0x009b3d        0x2bd build/default/production/_ext/487958404/e_micro.o
 .debug_info      0x009dfa        0x551 build/default/production/_ext/879901074/e_motors.o
 .debug_info      0x00a34b        0xe28 build/default/production/_ext/1514613776/e_po3030k_registers.o
 .debug_info      0x00b173        0x272 build/default/production/_ext/487958404/e_prox.o
 .debug_info      0x00b3e5        0x87e build/default/production/_ext/1514613776/e_timers.o
 .debug_info      0x00bc63        0x516 build/default/production/_ext/1472/epuckPlayer.o
 .debug_info      0x00c179        0x10e c:/program files/microchip/mplab c30/bin/bin/../../lib\libpic30-elf.a(_exit.eo)
 .debug_info      0x00c287        0x7e3 c:/program files/microchip/mplab c30/bin/bin/../../lib\libpic30-elf.a(read.eo)
 .debug_info      0x00ca6a        0x4b7 c:/program files/microchip/mplab c30/bin/bin/../../lib\libpic30-elf.a(close.eo)
 .debug_info      0x00cf21        0x7c6 c:/program files/microchip/mplab c30/bin/bin/../../lib\libpic30-elf.a(write.eo)
 .debug_info      0x00d6e7        0x4b5 c:/program files/microchip/mplab c30/bin/bin/../../lib\libpic30-elf.a(remove.eo)
 .debug_info      0x00db9c         0xeb c:/program files/microchip/mplab c30/bin/bin/../../lib\libpic30-elf.a(sbrk.eo)
 .debug_info      0x00dc87         0xc1 c:/program files/microchip/mplab c30/bin/bin/../../lib\libpic30-elf.a(c30_uart.eo)
 .debug_info      0x00dd48        0x102 c:/program files/microchip/mplab c30/bin/bin/../../lib\libpic30-elf.a(brk.elo)
 *(.gnu.linkonce.wi.*)

.debug_abbrev     0x000000       0x2475
 *(.debug_abbrev)
 .debug_abbrev    0x000000         0xbd build/default/production/_ext/1472/utility.o
 .debug_abbrev    0x0000bd        0x13b build/default/production/_ext/1472/Asercom.o
 .debug_abbrev    0x0001f8         0x14 build/default/production/_ext/1472/DataEEPROM.o
 .debug_abbrev    0x00020c         0xe6 build/default/production/_ext/1472/main_c.o
 .debug_abbrev    0x0002f2         0x82 build/default/production/_ext/1472/runaccelerometer.o
 .debug_abbrev    0x000374         0xbf build/default/production/_ext/1472/runbreitenberg_adv.o
 .debug_abbrev    0x000433         0x3f build/default/production/_ext/1472/rungrounddirection.o
 .debug_abbrev    0x000472        0x1af build/default/production/_ext/1472/runlocatesound.o
 .debug_abbrev    0x000621         0x92 build/default/production/_ext/1472/runshow.o
 .debug_abbrev    0x0006b3        0x10f build/default/production/_ext/1472/runwallfollow.o
 .debug_abbrev    0x0007c2         0x61 build/default/production/_ext/1472/translatorI2C.o
 .debug_abbrev    0x000823        0x17d build/default/production/_ext/487958404/e_acc.o
 .debug_abbrev    0x0009a0        0x16c build/default/production/_ext/487958404/e_ad_conv.o
 .debug_abbrev    0x000b0c        0x1a8 build/default/production/_ext/663421589/e_bluetooth.o
 .debug_abbrev    0x000cb4        0x118 build/default/production/_ext/930121020/e_common.o
 .debug_abbrev    0x000dcc         0x14 build/default/production/_ext/930121020/e_interrupt.o
 .debug_abbrev    0x000de0         0xd1 build/default/production/_ext/930121020/e_po6030k_registers.o
 .debug_abbrev    0x000eb1         0x14 build/default/production/_ext/2015481517/e_init_codec_slave.o
 .debug_abbrev    0x000ec5         0x14 build/default/production/_ext/2015481517/e_init_dci_master.o
 .debug_abbrev    0x000ed9         0x14 build/default/production/_ext/2015481517/e_isr_dci.o
 .debug_abbrev    0x000eed         0xbd build/default/production/_ext/2015481517/e_sound.o
 .debug_abbrev    0x000faa         0x14 build/default/production/_ext/2015481517/e_sub_dci_kickoff.o
 .debug_abbrev    0x000fbe        0x192 build/default/production/_ext/417766185/e_I2C_master_module.o
 .debug_abbrev    0x001150         0x9c build/default/production/_ext/417766185/e_I2C_protocol.o
 .debug_abbrev    0x0011ec         0x14 build/default/production/_ext/64492303/e_init_uart1.o
 .debug_abbrev    0x001200         0x14 build/default/production/_ext/64492303/e_uart1_rx_char.o
 .debug_abbrev    0x001214         0x14 build/default/production/_ext/64492303/e_uart1_tx_char.o
 .debug_abbrev    0x001228         0x14 build/default/production/_ext/64492303/e_uart2_rx_char.o
 .debug_abbrev    0x00123c         0x14 build/default/production/_ext/64492303/e_uart2_tx_char.o
 .debug_abbrev    0x001250         0x99 build/default/production/_ext/1259340286/e_init_port.o
 .debug_abbrev    0x0012e9        0x18e build/default/production/_ext/1949949662/e_agenda.o
 .debug_abbrev    0x001477        0x11b build/default/production/_ext/1949949662/e_remote_control.o
 .debug_abbrev    0x001592         0x87 build/default/production/_ext/1514613776/e_calc_po3030k.o
 .debug_abbrev    0x001619         0x87 build/default/production/_ext/1514613776/e_calc_po6030k.o
 .debug_abbrev    0x0016a0         0x14 build/default/production/_ext/760574787/e_init_uart2.o
 .debug_abbrev    0x0016b4        0x107 build/default/production/_ext/879901074/e_led.o
 .debug_abbrev    0x0017bb         0xb3 build/default/production/_ext/487958404/e_micro.o
 .debug_abbrev    0x00186e        0x116 build/default/production/_ext/879901074/e_motors.o
 .debug_abbrev    0x001984        0x12b build/default/production/_ext/1514613776/e_po3030k_registers.o
 .debug_abbrev    0x001aaf         0x99 build/default/production/_ext/487958404/e_prox.o
 .debug_abbrev    0x001b48        0x1a1 build/default/production/_ext/1514613776/e_timers.o
 .debug_abbrev    0x001ce9         0xfb build/default/production/_ext/1472/epuckPlayer.o
 .debug_abbrev    0x001de4         0x59 c:/program files/microchip/mplab c30/bin/bin/../../lib\libpic30-elf.a(_exit.eo)
 .debug_abbrev    0x001e3d        0x181 c:/program files/microchip/mplab c30/bin/bin/../../lib\libpic30-elf.a(read.eo)
 .debug_abbrev    0x001fbe        0x117 c:/program files/microchip/mplab c30/bin/bin/../../lib\libpic30-elf.a(close.eo)
 .debug_abbrev    0x0020d5        0x176 c:/program files/microchip/mplab c30/bin/bin/../../lib\libpic30-elf.a(write.eo)
 .debug_abbrev    0x00224b        0x117 c:/program files/microchip/mplab c30/bin/bin/../../lib\libpic30-elf.a(remove.eo)
 .debug_abbrev    0x002362         0x6a c:/program files/microchip/mplab c30/bin/bin/../../lib\libpic30-elf.a(sbrk.eo)
 .debug_abbrev    0x0023cc         0x30 c:/program files/microchip/mplab c30/bin/bin/../../lib\libpic30-elf.a(c30_uart.eo)
 .debug_abbrev    0x0023fc         0x79 c:/program files/microchip/mplab c30/bin/bin/../../lib\libpic30-elf.a(brk.elo)

.debug_line       0x000000       0x94f8
 *(.debug_line)
 .debug_line      0x000000         0xbb build/default/production/_ext/1472/utility.o
 .debug_line      0x0000bb       0x11aa build/default/production/_ext/1472/Asercom.o
 .debug_line      0x001265         0x92 build/default/production/_ext/1472/DataEEPROM.o
 .debug_line      0x0012f7        0x668 build/default/production/_ext/1472/main_c.o
 .debug_line      0x00195f        0x36f build/default/production/_ext/1472/runaccelerometer.o
 .debug_line      0x001cce        0x2d9 build/default/production/_ext/1472/runbreitenberg_adv.o
 .debug_line      0x001fa7         0xf3 build/default/production/_ext/1472/rungrounddirection.o
 .debug_line      0x00209a        0x662 build/default/production/_ext/1472/runlocatesound.o
 .debug_line      0x0026fc        0x620 build/default/production/_ext/1472/runshow.o
 .debug_line      0x002d1c        0x387 build/default/production/_ext/1472/runwallfollow.o
 .debug_line      0x0030a3        0x19f build/default/production/_ext/1472/translatorI2C.o
 .debug_line      0x003242        0x42b build/default/production/_ext/487958404/e_acc.o
 .debug_line      0x00366d        0x751 build/default/production/_ext/487958404/e_ad_conv.o
 .debug_line      0x003dbe        0xdf4 build/default/production/_ext/663421589/e_bluetooth.o
 .debug_line      0x004bb2        0x196 build/default/production/_ext/930121020/e_common.o
 .debug_line      0x004d48         0x78 build/default/production/_ext/930121020/e_interrupt.o
 .debug_line      0x004dc0        0x4b1 build/default/production/_ext/930121020/e_po6030k_registers.o
 .debug_line      0x005271         0x1a build/default/production/_ext/2015481517/e_const_sound.o
 .debug_line      0x00528b         0xb1 build/default/production/_ext/2015481517/e_init_codec_slave.o
 .debug_line      0x00533c         0x75 build/default/production/_ext/2015481517/e_init_dci_master.o
 .debug_line      0x0053b1         0x85 build/default/production/_ext/2015481517/e_isr_dci.o
 .debug_line      0x005436        0x10f build/default/production/_ext/2015481517/e_sound.o
 .debug_line      0x005545         0x8d build/default/production/_ext/2015481517/e_sub_dci_kickoff.o
 .debug_line      0x0055d2        0x481 build/default/production/_ext/417766185/e_I2C_master_module.o
 .debug_line      0x005a53        0x1e6 build/default/production/_ext/417766185/e_I2C_protocol.o
 .debug_line      0x005c39         0x67 build/default/production/_ext/64492303/e_init_uart1.o
 .debug_line      0x005ca0         0x73 build/default/production/_ext/64492303/e_uart1_rx_char.o
 .debug_line      0x005d13         0x85 build/default/production/_ext/64492303/e_uart1_tx_char.o
 .debug_line      0x005d98         0x73 build/default/production/_ext/64492303/e_uart2_rx_char.o
 .debug_line      0x005e0b         0x85 build/default/production/_ext/64492303/e_uart2_tx_char.o
 .debug_line      0x005e90        0x2c7 build/default/production/_ext/1259340286/e_init_port.o
 .debug_line      0x006157        0x41b build/default/production/_ext/1949949662/e_agenda.o
 .debug_line      0x006572        0x28c build/default/production/_ext/1949949662/e_remote_control.o
 .debug_line      0x0067fe        0x356 build/default/production/_ext/1514613776/e_calc_po3030k.o
 .debug_line      0x006b54        0x376 build/default/production/_ext/1514613776/e_calc_po6030k.o
 .debug_line      0x006eca         0x5a build/default/production/_ext/760574787/e_init_uart2.o
 .debug_line      0x006f24        0x593 build/default/production/_ext/879901074/e_led.o
 .debug_line      0x0074b7        0x177 build/default/production/_ext/487958404/e_micro.o
 .debug_line      0x00762e        0x561 build/default/production/_ext/879901074/e_motors.o
 .debug_line      0x007b8f        0xa5b build/default/production/_ext/1514613776/e_po3030k_registers.o
 .debug_line      0x0085ea        0x1ae build/default/production/_ext/487958404/e_prox.o
 .debug_line      0x008798        0x220 build/default/production/_ext/1514613776/e_timers.o
 .debug_line      0x0089b8        0x507 build/default/production/_ext/1472/epuckPlayer.o
 .debug_line      0x008ebf         0x74 c:/program files/microchip/mplab c30/bin/bin/../../lib\libpic30-elf.a(_exit.eo)
 .debug_line      0x008f33        0x179 c:/program files/microchip/mplab c30/bin/bin/../../lib\libpic30-elf.a(read.eo)
 .debug_line      0x0090ac         0xe5 c:/program files/microchip/mplab c30/bin/bin/../../lib\libpic30-elf.a(close.eo)
 .debug_line      0x009191        0x170 c:/program files/microchip/mplab c30/bin/bin/../../lib\libpic30-elf.a(write.eo)
 .debug_line      0x009301         0xe6 c:/program files/microchip/mplab c30/bin/bin/../../lib\libpic30-elf.a(remove.eo)
 .debug_line      0x0093e7         0x78 c:/program files/microchip/mplab c30/bin/bin/../../lib\libpic30-elf.a(sbrk.eo)
 .debug_line      0x00945f         0x32 c:/program files/microchip/mplab c30/bin/bin/../../lib\libpic30-elf.a(c30_uart.eo)
 .debug_line      0x009491         0x67 c:/program files/microchip/mplab c30/bin/bin/../../lib\libpic30-elf.a(brk.elo)

.debug_frame      0x000000       0x21fd
 *(.debug_frame)
 .debug_frame     0x000000         0x37 build/default/production/_ext/1472/utility.o
 .debug_frame     0x000037        0x77e build/default/production/_ext/1472/Asercom.o
 .debug_frame     0x0007b5        0x577 build/default/production/_ext/1472/main_c.o
 .debug_frame     0x000d2c        0x1c7 build/default/production/_ext/1472/runaccelerometer.o
 .debug_frame     0x000ef3         0x77 build/default/production/_ext/1472/runbreitenberg_adv.o
 .debug_frame     0x000f6a         0x27 build/default/production/_ext/1472/rungrounddirection.o
 .debug_frame     0x000f91        0x144 build/default/production/_ext/1472/runlocatesound.o
 .debug_frame     0x0010d5        0x15e build/default/production/_ext/1472/runshow.o
 .debug_frame     0x001233         0x96 build/default/production/_ext/1472/runwallfollow.o
 .debug_frame     0x0012c9         0x37 build/default/production/_ext/1472/translatorI2C.o
 .debug_frame     0x001300         0xf7 build/default/production/_ext/487958404/e_acc.o
 .debug_frame     0x0013f7         0x77 build/default/production/_ext/487958404/e_ad_conv.o
 .debug_frame     0x00146e        0x147 build/default/production/_ext/663421589/e_bluetooth.o
 .debug_frame     0x0015b5         0x57 build/default/production/_ext/930121020/e_common.o
 .debug_frame     0x00160c         0xe7 build/default/production/_ext/930121020/e_po6030k_registers.o
 .debug_frame     0x0016f3         0x47 build/default/production/_ext/2015481517/e_sound.o
 .debug_frame     0x00173a         0xe7 build/default/production/_ext/417766185/e_I2C_master_module.o
 .debug_frame     0x001821         0x67 build/default/production/_ext/417766185/e_I2C_protocol.o
 .debug_frame     0x001888         0x27 build/default/production/_ext/1259340286/e_init_port.o
 .debug_frame     0x0018af         0xa7 build/default/production/_ext/1949949662/e_agenda.o
 .debug_frame     0x001956         0x77 build/default/production/_ext/1949949662/e_remote_control.o
 .debug_frame     0x0019cd         0x37 build/default/production/_ext/1514613776/e_calc_po3030k.o
 .debug_frame     0x001a04         0x37 build/default/production/_ext/1514613776/e_calc_po6030k.o
 .debug_frame     0x001a3b        0x167 build/default/production/_ext/879901074/e_led.o
 .debug_frame     0x001ba2         0x57 build/default/production/_ext/487958404/e_micro.o
 .debug_frame     0x001bf9         0xb7 build/default/production/_ext/879901074/e_motors.o
 .debug_frame     0x001cb0        0x277 build/default/production/_ext/1514613776/e_po3030k_registers.o
 .debug_frame     0x001f27         0x57 build/default/production/_ext/487958404/e_prox.o
 .debug_frame     0x001f7e         0x77 build/default/production/_ext/1514613776/e_timers.o
 .debug_frame     0x001ff5         0xf7 build/default/production/_ext/1472/epuckPlayer.o
 .debug_frame     0x0020ec         0x27 c:/program files/microchip/mplab c30/bin/bin/../../lib\libpic30-elf.a(_exit.eo)
 .debug_frame     0x002113         0x27 c:/program files/microchip/mplab c30/bin/bin/../../lib\libpic30-elf.a(read.eo)
 .debug_frame     0x00213a         0x27 c:/program files/microchip/mplab c30/bin/bin/../../lib\libpic30-elf.a(close.eo)
 .debug_frame     0x002161         0x27 c:/program files/microchip/mplab c30/bin/bin/../../lib\libpic30-elf.a(write.eo)
 .debug_frame     0x002188         0x27 c:/program files/microchip/mplab c30/bin/bin/../../lib\libpic30-elf.a(remove.eo)
 .debug_frame     0x0021af         0x27 c:/program files/microchip/mplab c30/bin/bin/../../lib\libpic30-elf.a(sbrk.eo)
 .debug_frame     0x0021d6         0x27 c:/program files/microchip/mplab c30/bin/bin/../../lib\libpic30-elf.a(brk.elo)

.debug_str        0x000000        0x363
 *(.debug_str)
 .debug_str       0x000000          0xd build/default/production/_ext/1472/utility.o
 .debug_str       0x00000d          0xd build/default/production/_ext/1472/Asercom.o
 .debug_str       0x00001a          0xd build/default/production/_ext/1472/main_c.o
 .debug_str       0x000027          0xd build/default/production/_ext/1472/runaccelerometer.o
 .debug_str       0x000034         0x2c build/default/production/_ext/1472/runbreitenberg_adv.o
 .debug_str       0x000060          0xd build/default/production/_ext/1472/rungrounddirection.o
 .debug_str       0x00006d         0x30 build/default/production/_ext/1472/runlocatesound.o
 .debug_str       0x00009d         0x3d build/default/production/_ext/1472/runshow.o
 .debug_str       0x0000da          0xd build/default/production/_ext/1472/runwallfollow.o
 .debug_str       0x0000e7          0xd build/default/production/_ext/1472/translatorI2C.o
 .debug_str       0x0000f4         0x32 build/default/production/_ext/487958404/e_acc.o
 .debug_str       0x000126          0xd build/default/production/_ext/487958404/e_ad_conv.o
 .debug_str       0x000133         0x37 build/default/production/_ext/663421589/e_bluetooth.o
 .debug_str       0x00016a          0xd build/default/production/_ext/930121020/e_common.o
 .debug_str       0x000177         0x2b build/default/production/_ext/930121020/e_po6030k_registers.o
 .debug_str       0x0001a2          0xd build/default/production/_ext/2015481517/e_sound.o
 .debug_str       0x0001af          0xd build/default/production/_ext/417766185/e_I2C_master_module.o
 .debug_str       0x0001bc         0x18 build/default/production/_ext/417766185/e_I2C_protocol.o
 .debug_str       0x0001d4          0xd build/default/production/_ext/1259340286/e_init_port.o
 .debug_str       0x0001e1         0x1a build/default/production/_ext/1949949662/e_agenda.o
 .debug_str       0x0001fb          0xd build/default/production/_ext/1949949662/e_remote_control.o
 .debug_str       0x000208         0x18 build/default/production/_ext/1514613776/e_calc_po3030k.o
 .debug_str       0x000220         0x18 build/default/production/_ext/1514613776/e_calc_po6030k.o
 .debug_str       0x000238         0x14 build/default/production/_ext/879901074/e_led.o
 .debug_str       0x00024c         0x16 build/default/production/_ext/487958404/e_micro.o
 .debug_str       0x000262         0x2c build/default/production/_ext/879901074/e_motors.o
 .debug_str       0x00028e         0x31 build/default/production/_ext/1514613776/e_po3030k_registers.o
 .debug_str       0x0002bf         0x1b build/default/production/_ext/487958404/e_prox.o
 .debug_str       0x0002da          0xd build/default/production/_ext/1514613776/e_timers.o
 .debug_str       0x0002e7         0x15 build/default/production/_ext/1472/epuckPlayer.o
 .debug_str       0x0002fc         0x1b c:/program files/microchip/mplab c30/bin/bin/../../lib\libpic30-elf.a(read.eo)
 .debug_str       0x000317         0x14 c:/program files/microchip/mplab c30/bin/bin/../../lib\libpic30-elf.a(close.eo)
 .debug_str       0x00032b         0x1b c:/program files/microchip/mplab c30/bin/bin/../../lib\libpic30-elf.a(write.eo)
 .debug_str       0x000346         0x1d c:/program files/microchip/mplab c30/bin/bin/../../lib\libpic30-elf.a(remove.eo)

.debug_loc
 *(.debug_loc)

.debug_macinfo
 *(.debug_macinfo)

.debug_pubnames
                  0x000000       0x18e0
 *(.debug_pubnames)
 .debug_pubnames
                  0x000000         0x2b build/default/production/_ext/1472/utility.o
 .debug_pubnames
                  0x00002b         0x22 build/default/production/_ext/1472/Asercom.o
 .debug_pubnames
                  0x00004d         0x39 build/default/production/_ext/1472/main_c.o
 .debug_pubnames
                  0x000086         0x58 build/default/production/_ext/1472/runaccelerometer.o
 .debug_pubnames
                  0x0000de         0xff build/default/production/_ext/1472/runbreitenberg_adv.o
 .debug_pubnames
                  0x0001dd         0x2a build/default/production/_ext/1472/rungrounddirection.o
 .debug_pubnames
                  0x000207        0x120 build/default/production/_ext/1472/runlocatesound.o
 .debug_pubnames
                  0x000327         0x4b build/default/production/_ext/1472/runshow.o
 .debug_pubnames
                  0x000372         0xcc build/default/production/_ext/1472/runwallfollow.o
 .debug_pubnames
                  0x00043e         0x40 build/default/production/_ext/1472/translatorI2C.o
 .debug_pubnames
                  0x00047e        0x128 build/default/production/_ext/487958404/e_acc.o
 .debug_pubnames
                  0x0005a6        0x111 build/default/production/_ext/487958404/e_ad_conv.o
 .debug_pubnames
                  0x0006b7        0x25b build/default/production/_ext/663421589/e_bluetooth.o
 .debug_pubnames
                  0x000912         0x79 build/default/production/_ext/930121020/e_common.o
 .debug_pubnames
                  0x00098b        0x12b build/default/production/_ext/930121020/e_po6030k_registers.o
 .debug_pubnames
                  0x000ab6         0x46 build/default/production/_ext/2015481517/e_sound.o
 .debug_pubnames
                  0x000afc        0x101 build/default/production/_ext/417766185/e_I2C_master_module.o
 .debug_pubnames
                  0x000bfd         0x68 build/default/production/_ext/417766185/e_I2C_protocol.o
 .debug_pubnames
                  0x000c65         0x4c build/default/production/_ext/1259340286/e_init_port.o
 .debug_pubnames
                  0x000cb1         0xdc build/default/production/_ext/1949949662/e_agenda.o
 .debug_pubnames
                  0x000d8d         0x8a build/default/production/_ext/1949949662/e_remote_control.o
 .debug_pubnames
                  0x000e17         0x4d build/default/production/_ext/1514613776/e_calc_po3030k.o
 .debug_pubnames
                  0x000e64         0x4d build/default/production/_ext/1514613776/e_calc_po6030k.o
 .debug_pubnames
                  0x000eb1        0x17d build/default/production/_ext/879901074/e_led.o
 .debug_pubnames
                  0x00102e         0x6d build/default/production/_ext/487958404/e_micro.o
 .debug_pubnames
                  0x00109b         0xdc build/default/production/_ext/879901074/e_motors.o
 .debug_pubnames
                  0x001177        0x42b build/default/production/_ext/1514613776/e_po3030k_registers.o
 .debug_pubnames
                  0x0015a2         0x66 build/default/production/_ext/487958404/e_prox.o
 .debug_pubnames
                  0x001608         0xe0 build/default/production/_ext/1514613776/e_timers.o
 .debug_pubnames
                  0x0016e8        0x109 build/default/production/_ext/1472/epuckPlayer.o
 .debug_pubnames
                  0x0017f1         0x1c c:/program files/microchip/mplab c30/bin/bin/../../lib\libpic30-elf.a(_exit.eo)
 .debug_pubnames
                  0x00180d         0x1b c:/program files/microchip/mplab c30/bin/bin/../../lib\libpic30-elf.a(read.eo)
 .debug_pubnames
                  0x001828         0x1c c:/program files/microchip/mplab c30/bin/bin/../../lib\libpic30-elf.a(close.eo)
 .debug_pubnames
                  0x001844         0x1c c:/program files/microchip/mplab c30/bin/bin/../../lib\libpic30-elf.a(write.eo)
 .debug_pubnames
                  0x001860         0x1d c:/program files/microchip/mplab c30/bin/bin/../../lib\libpic30-elf.a(remove.eo)
 .debug_pubnames
                  0x00187d         0x1b c:/program files/microchip/mplab c30/bin/bin/../../lib\libpic30-elf.a(sbrk.eo)
 .debug_pubnames
                  0x001898         0x21 c:/program files/microchip/mplab c30/bin/bin/../../lib\libpic30-elf.a(c30_uart.eo)
 .debug_pubnames
                  0x0018b9         0x27 c:/program files/microchip/mplab c30/bin/bin/../../lib\libpic30-elf.a(brk.elo)

.debug_ranges
 *(.debug_ranges)

.debug_aranges    0x000000        0x5f8
 *(.debug_aranges)
 .debug_aranges
                  0x000000         0x20 build/default/production/_ext/1472/utility.o
 .debug_aranges
                  0x000020         0x20 build/default/production/_ext/1472/Asercom.o
 .debug_aranges
                  0x000040         0x18 build/default/production/_ext/1472/DataEEPROM.o
 .debug_aranges
                  0x000058         0x20 build/default/production/_ext/1472/main_c.o
 .debug_aranges
                  0x000078         0x20 build/default/production/_ext/1472/runaccelerometer.o
 .debug_aranges
                  0x000098         0x20 build/default/production/_ext/1472/runbreitenberg_adv.o
 .debug_aranges
                  0x0000b8         0x20 build/default/production/_ext/1472/rungrounddirection.o
 .debug_aranges
                  0x0000d8         0x20 build/default/production/_ext/1472/runlocatesound.o
 .debug_aranges
                  0x0000f8         0x20 build/default/production/_ext/1472/runshow.o
 .debug_aranges
                  0x000118         0x20 build/default/production/_ext/1472/runwallfollow.o
 .debug_aranges
                  0x000138         0x20 build/default/production/_ext/1472/translatorI2C.o
 .debug_aranges
                  0x000158         0x20 build/default/production/_ext/487958404/e_acc.o
 .debug_aranges
                  0x000178         0x20 build/default/production/_ext/487958404/e_ad_conv.o
 .debug_aranges
                  0x000198         0x20 build/default/production/_ext/663421589/e_bluetooth.o
 .debug_aranges
                  0x0001b8         0x20 build/default/production/_ext/930121020/e_common.o
 .debug_aranges
                  0x0001d8         0x18 build/default/production/_ext/930121020/e_interrupt.o
 .debug_aranges
                  0x0001f0         0x20 build/default/production/_ext/930121020/e_po6030k_registers.o
 .debug_aranges
                  0x000210         0x18 build/default/production/_ext/2015481517/e_init_codec_slave.o
 .debug_aranges
                  0x000228         0x18 build/default/production/_ext/2015481517/e_init_dci_master.o
 .debug_aranges
                  0x000240         0x18 build/default/production/_ext/2015481517/e_isr_dci.o
 .debug_aranges
                  0x000258         0x20 build/default/production/_ext/2015481517/e_sound.o
 .debug_aranges
                  0x000278         0x18 build/default/production/_ext/2015481517/e_sub_dci_kickoff.o
 .debug_aranges
                  0x000290         0x20 build/default/production/_ext/417766185/e_I2C_master_module.o
 .debug_aranges
                  0x0002b0         0x20 build/default/production/_ext/417766185/e_I2C_protocol.o
 .debug_aranges
                  0x0002d0         0x18 build/default/production/_ext/64492303/e_init_uart1.o
 .debug_aranges
                  0x0002e8         0x18 build/default/production/_ext/64492303/e_uart1_rx_char.o
 .debug_aranges
                  0x000300         0x18 build/default/production/_ext/64492303/e_uart1_tx_char.o
 .debug_aranges
                  0x000318         0x18 build/default/production/_ext/64492303/e_uart2_rx_char.o
 .debug_aranges
                  0x000330         0x18 build/default/production/_ext/64492303/e_uart2_tx_char.o
 .debug_aranges
                  0x000348         0x20 build/default/production/_ext/1259340286/e_init_port.o
 .debug_aranges
                  0x000368         0x20 build/default/production/_ext/1949949662/e_agenda.o
 .debug_aranges
                  0x000388         0x20 build/default/production/_ext/1949949662/e_remote_control.o
 .debug_aranges
                  0x0003a8         0x20 build/default/production/_ext/1514613776/e_calc_po3030k.o
 .debug_aranges
                  0x0003c8         0x20 build/default/production/_ext/1514613776/e_calc_po6030k.o
 .debug_aranges
                  0x0003e8         0x18 build/default/production/_ext/760574787/e_init_uart2.o
 .debug_aranges
                  0x000400         0x20 build/default/production/_ext/879901074/e_led.o
 .debug_aranges
                  0x000420         0x20 build/default/production/_ext/487958404/e_micro.o
 .debug_aranges
                  0x000440         0x20 build/default/production/_ext/879901074/e_motors.o
 .debug_aranges
                  0x000460         0x20 build/default/production/_ext/1514613776/e_po3030k_registers.o
 .debug_aranges
                  0x000480         0x20 build/default/production/_ext/487958404/e_prox.o
 .debug_aranges
                  0x0004a0         0x20 build/default/production/_ext/1514613776/e_timers.o
 .debug_aranges
                  0x0004c0         0x20 build/default/production/_ext/1472/epuckPlayer.o
 .debug_aranges
                  0x0004e0         0x28 c:/program files/microchip/mplab c30/bin/bin/../../lib\libpic30-elf.a(_exit.eo)
 .debug_aranges
                  0x000508         0x28 c:/program files/microchip/mplab c30/bin/bin/../../lib\libpic30-elf.a(read.eo)
 .debug_aranges
                  0x000530         0x28 c:/program files/microchip/mplab c30/bin/bin/../../lib\libpic30-elf.a(close.eo)
 .debug_aranges
                  0x000558         0x28 c:/program files/microchip/mplab c30/bin/bin/../../lib\libpic30-elf.a(write.eo)
 .debug_aranges
                  0x000580         0x28 c:/program files/microchip/mplab c30/bin/bin/../../lib\libpic30-elf.a(remove.eo)
 .debug_aranges
                  0x0005a8         0x28 c:/program files/microchip/mplab c30/bin/bin/../../lib\libpic30-elf.a(sbrk.eo)
 .debug_aranges
                  0x0005d0         0x28 c:/program files/microchip/mplab c30/bin/bin/../../lib\libpic30-elf.a(brk.elo)

.ivt              0x000004         0x7c
                  0x000004          0x4 LONG 0x1b0 DEFINED (__ReservedTrap0)?ABSOLUTE (__ReservedTrap0):ABSOLUTE (__DefaultInterrupt)
                  0x000006          0x4 LONG 0x1b0 DEFINED (__OscillatorFail)?ABSOLUTE (__OscillatorFail):ABSOLUTE (__DefaultInterrupt)
                  0x000008          0x4 LONG 0x1b0 DEFINED (__AddressError)?ABSOLUTE (__AddressError):ABSOLUTE (__DefaultInterrupt)
                  0x00000a          0x4 LONG 0x1b0 DEFINED (__StackError)?ABSOLUTE (__StackError):ABSOLUTE (__DefaultInterrupt)
                  0x00000c          0x4 LONG 0x1b0 DEFINED (__MathError)?ABSOLUTE (__MathError):ABSOLUTE (__DefaultInterrupt)
                  0x00000e          0x4 LONG 0x1b0 DEFINED (__ReservedTrap5)?ABSOLUTE (__ReservedTrap5):ABSOLUTE (__DefaultInterrupt)
                  0x000010          0x4 LONG 0x1b0 DEFINED (__ReservedTrap6)?ABSOLUTE (__ReservedTrap6):ABSOLUTE (__DefaultInterrupt)
                  0x000012          0x4 LONG 0x1b0 DEFINED (__ReservedTrap7)?ABSOLUTE (__ReservedTrap7):ABSOLUTE (__DefaultInterrupt)
                  0x000014          0x4 LONG 0x1451c DEFINED (__INT0Interrupt)?ABSOLUTE (__INT0Interrupt):ABSOLUTE (__DefaultInterrupt)
                  0x000016          0x4 LONG 0x1b0 DEFINED (__IC1Interrupt)?ABSOLUTE (__IC1Interrupt):ABSOLUTE (__DefaultInterrupt)
                  0x000018          0x4 LONG 0x1b0 DEFINED (__OC1Interrupt)?ABSOLUTE (__OC1Interrupt):ABSOLUTE (__DefaultInterrupt)
                  0x00001a          0x4 LONG 0x1b0 DEFINED (__T1Interrupt)?ABSOLUTE (__T1Interrupt):ABSOLUTE (__DefaultInterrupt)
                  0x00001c          0x4 LONG 0x1b0 DEFINED (__IC2Interrupt)?ABSOLUTE (__IC2Interrupt):ABSOLUTE (__DefaultInterrupt)
                  0x00001e          0x4 LONG 0x1b0 DEFINED (__OC2Interrupt)?ABSOLUTE (__OC2Interrupt):ABSOLUTE (__DefaultInterrupt)
                  0x000020          0x4 LONG 0x144a4 DEFINED (__T2Interrupt)?ABSOLUTE (__T2Interrupt):ABSOLUTE (__DefaultInterrupt)
                  0x000022          0x4 LONG 0x1b0 DEFINED (__T3Interrupt)?ABSOLUTE (__T3Interrupt):ABSOLUTE (__DefaultInterrupt)
                  0x000024          0x4 LONG 0x1b0 DEFINED (__SPI1Interrupt)?ABSOLUTE (__SPI1Interrupt):ABSOLUTE (__DefaultInterrupt)
                  0x000026          0x4 LONG 0x1512e DEFINED (__U1RXInterrupt)?ABSOLUTE (__U1RXInterrupt):ABSOLUTE (__DefaultInterrupt)
                  0x000028          0x4 LONG 0x14f9a DEFINED (__U1TXInterrupt)?ABSOLUTE (__U1TXInterrupt):ABSOLUTE (__DefaultInterrupt)
                  0x00002a          0x4 LONG 0x116b4 DEFINED (__ADCInterrupt)?ABSOLUTE (__ADCInterrupt):ABSOLUTE (__DefaultInterrupt)
                  0x00002c          0x4 LONG 0x1b0 DEFINED (__NVMInterrupt)?ABSOLUTE (__NVMInterrupt):ABSOLUTE (__DefaultInterrupt)
                  0x00002e          0x4 LONG 0x1b0 DEFINED (__SI2CInterrupt)?ABSOLUTE (__SI2CInterrupt):ABSOLUTE (__DefaultInterrupt)
                  0x000030          0x4 LONG 0x130f6 DEFINED (__MI2CInterrupt)?ABSOLUTE (__MI2CInterrupt):ABSOLUTE (__DefaultInterrupt)
                  0x000032          0x4 LONG 0x1b0 DEFINED (__CNInterrupt)?ABSOLUTE (__CNInterrupt):ABSOLUTE (__DefaultInterrupt)
                  0x000034          0x4 LONG 0x1b0 DEFINED (__INT1Interrupt)?ABSOLUTE (__INT1Interrupt):ABSOLUTE (__DefaultInterrupt)
                  0x000036          0x4 LONG 0x1b0 DEFINED (__IC7Interrupt)?ABSOLUTE (__IC7Interrupt):ABSOLUTE (__DefaultInterrupt)
                  0x000038          0x4 LONG 0x1b0 DEFINED (__IC8Interrupt)?ABSOLUTE (__IC8Interrupt):ABSOLUTE (__DefaultInterrupt)
                  0x00003a          0x4 LONG 0x1b0 DEFINED (__OC3Interrupt)?ABSOLUTE (__OC3Interrupt):ABSOLUTE (__DefaultInterrupt)
                  0x00003c          0x4 LONG 0x1b0 DEFINED (__OC4Interrupt)?ABSOLUTE (__OC4Interrupt):ABSOLUTE (__DefaultInterrupt)
                  0x00003e          0x4 LONG 0x151a6 DEFINED (__T4Interrupt)?ABSOLUTE (__T4Interrupt):ABSOLUTE (__DefaultInterrupt)
                  0x000040          0x4 LONG 0x14a76 DEFINED (__T5Interrupt)?ABSOLUTE (__T5Interrupt):ABSOLUTE (__DefaultInterrupt)
                  0x000042          0x4 LONG 0x1b0 DEFINED (__INT2Interrupt)?ABSOLUTE (__INT2Interrupt):ABSOLUTE (__DefaultInterrupt)
                  0x000044          0x4 LONG 0x1516a DEFINED (__U2RXInterrupt)?ABSOLUTE (__U2RXInterrupt):ABSOLUTE (__DefaultInterrupt)
                  0x000046          0x4 LONG 0x14ffa DEFINED (__U2TXInterrupt)?ABSOLUTE (__U2TXInterrupt):ABSOLUTE (__DefaultInterrupt)
                  0x000048          0x4 LONG 0x1b0 DEFINED (__SPI2Interrupt)?ABSOLUTE (__SPI2Interrupt):ABSOLUTE (__DefaultInterrupt)
                  0x00004a          0x4 LONG 0x1b0 DEFINED (__C1Interrupt)?ABSOLUTE (__C1Interrupt):ABSOLUTE (__DefaultInterrupt)
                  0x00004c          0x4 LONG 0x1b0 DEFINED (__IC3Interrupt)?ABSOLUTE (__IC3Interrupt):ABSOLUTE (__DefaultInterrupt)
                  0x00004e          0x4 LONG 0x1b0 DEFINED (__IC4Interrupt)?ABSOLUTE (__IC4Interrupt):ABSOLUTE (__DefaultInterrupt)
                  0x000050          0x4 LONG 0x1b0 DEFINED (__IC5Interrupt)?ABSOLUTE (__IC5Interrupt):ABSOLUTE (__DefaultInterrupt)
                  0x000052          0x4 LONG 0x1b0 DEFINED (__IC6Interrupt)?ABSOLUTE (__IC6Interrupt):ABSOLUTE (__DefaultInterrupt)
                  0x000054          0x4 LONG 0x1b0 DEFINED (__OC5Interrupt)?ABSOLUTE (__OC5Interrupt):ABSOLUTE (__DefaultInterrupt)
                  0x000056          0x4 LONG 0x1b0 DEFINED (__OC6Interrupt)?ABSOLUTE (__OC6Interrupt):ABSOLUTE (__DefaultInterrupt)
                  0x000058          0x4 LONG 0x1b0 DEFINED (__OC7Interrupt)?ABSOLUTE (__OC7Interrupt):ABSOLUTE (__DefaultInterrupt)
                  0x00005a          0x4 LONG 0x1b0 DEFINED (__OC8Interrupt)?ABSOLUTE (__OC8Interrupt):ABSOLUTE (__DefaultInterrupt)
                  0x00005c          0x4 LONG 0x1b0 DEFINED (__INT3Interrupt)?ABSOLUTE (__INT3Interrupt):ABSOLUTE (__DefaultInterrupt)
                  0x00005e          0x4 LONG 0x1b0 DEFINED (__INT4Interrupt)?ABSOLUTE (__INT4Interrupt):ABSOLUTE (__DefaultInterrupt)
                  0x000060          0x4 LONG 0x1b0 DEFINED (__C2Interrupt)?ABSOLUTE (__C2Interrupt):ABSOLUTE (__DefaultInterrupt)
                  0x000062          0x4 LONG 0x1b0 DEFINED (__PWMInterrupt)?ABSOLUTE (__PWMInterrupt):ABSOLUTE (__DefaultInterrupt)
                  0x000064          0x4 LONG 0x1b0 DEFINED (__QEIInterrupt)?ABSOLUTE (__QEIInterrupt):ABSOLUTE (__DefaultInterrupt)
                  0x000066          0x4 LONG 0x14eae DEFINED (__DCIInterrupt)?ABSOLUTE (__DCIInterrupt):ABSOLUTE (__DefaultInterrupt)
                  0x000068          0x4 LONG 0x1b0 DEFINED (__LVDInterrupt)?ABSOLUTE (__LVDInterrupt):ABSOLUTE (__DefaultInterrupt)
                  0x00006a          0x4 LONG 0x1b0 DEFINED (__FLTAInterrupt)?ABSOLUTE (__FLTAInterrupt):ABSOLUTE (__DefaultInterrupt)
                  0x00006c          0x4 LONG 0x1b0 DEFINED (__FLTBInterrupt)?ABSOLUTE (__FLTBInterrupt):ABSOLUTE (__DefaultInterrupt)
                  0x00006e          0x4 LONG 0x1b0 DEFINED (__Interrupt45)?ABSOLUTE (__Interrupt45):ABSOLUTE (__DefaultInterrupt)
                  0x000070          0x4 LONG 0x1b0 DEFINED (__Interrupt46)?ABSOLUTE (__Interrupt46):ABSOLUTE (__DefaultInterrupt)
                  0x000072          0x4 LONG 0x1b0 DEFINED (__Interrupt47)?ABSOLUTE (__Interrupt47):ABSOLUTE (__DefaultInterrupt)
                  0x000074          0x4 LONG 0x1b0 DEFINED (__Interrupt48)?ABSOLUTE (__Interrupt48):ABSOLUTE (__DefaultInterrupt)
                  0x000076          0x4 LONG 0x1b0 DEFINED (__Interrupt49)?ABSOLUTE (__Interrupt49):ABSOLUTE (__DefaultInterrupt)
                  0x000078          0x4 LONG 0x1b0 DEFINED (__Interrupt50)?ABSOLUTE (__Interrupt50):ABSOLUTE (__DefaultInterrupt)
                  0x00007a          0x4 LONG 0x1b0 DEFINED (__Interrupt51)?ABSOLUTE (__Interrupt51):ABSOLUTE (__DefaultInterrupt)
                  0x00007c          0x4 LONG 0x1b0 DEFINED (__Interrupt52)?ABSOLUTE (__Interrupt52):ABSOLUTE (__DefaultInterrupt)
                  0x00007e          0x4 LONG 0x1b0 DEFINED (__Interrupt53)?ABSOLUTE (__Interrupt53):ABSOLUTE (__DefaultInterrupt)

.aivt             0x000084         0x7c
                  0x000084          0x4 LONG 0x1b0 DEFINED (__AltReservedTrap0)?ABSOLUTE (__AltReservedTrap0):DEFINED (__ReservedTrap0)?ABSOLUTE (__ReservedTrap0):ABSOLUTE (__DefaultInterrupt)
                  0x000086          0x4 LONG 0x1b0 DEFINED (__AltOscillatorFail)?ABSOLUTE (__AltOscillatorFail):DEFINED (__OscillatorFail)?ABSOLUTE (__OscillatorFail):ABSOLUTE (__DefaultInterrupt)
                  0x000088          0x4 LONG 0x1b0 DEFINED (__AltAddressError)?ABSOLUTE (__AltAddressError):DEFINED (__AddressError)?ABSOLUTE (__AddressError):ABSOLUTE (__DefaultInterrupt)
                  0x00008a          0x4 LONG 0x1b0 DEFINED (__AltStackError)?ABSOLUTE (__AltStackError):DEFINED (__StackError)?ABSOLUTE (__StackError):ABSOLUTE (__DefaultInterrupt)
                  0x00008c          0x4 LONG 0x1b0 DEFINED (__AltMathError)?ABSOLUTE (__AltMathError):DEFINED (__MathError)?ABSOLUTE (__MathError):ABSOLUTE (__DefaultInterrupt)
                  0x00008e          0x4 LONG 0x1b0 DEFINED (__AltReservedTrap5)?ABSOLUTE (__AltReservedTrap5):DEFINED (__ReservedTrap5)?ABSOLUTE (__ReservedTrap5):ABSOLUTE (__DefaultInterrupt)
                  0x000090          0x4 LONG 0x1b0 DEFINED (__AltReservedTrap6)?ABSOLUTE (__AltReservedTrap6):DEFINED (__ReservedTrap6)?ABSOLUTE (__ReservedTrap6):ABSOLUTE (__DefaultInterrupt)
                  0x000092          0x4 LONG 0x1b0 DEFINED (__AltReservedTrap7)?ABSOLUTE (__AltReservedTrap7):DEFINED (__ReservedTrap7)?ABSOLUTE (__ReservedTrap7):ABSOLUTE (__DefaultInterrupt)
                  0x000094          0x4 LONG 0x1451c DEFINED (__AltINT0Interrupt)?ABSOLUTE (__AltINT0Interrupt):DEFINED (__INT0Interrupt)?ABSOLUTE (__INT0Interrupt):ABSOLUTE (__DefaultInterrupt)
                  0x000096          0x4 LONG 0x1b0 DEFINED (__AltIC1Interrupt)?ABSOLUTE (__AltIC1Interrupt):DEFINED (__IC1Interrupt)?ABSOLUTE (__IC1Interrupt):ABSOLUTE (__DefaultInterrupt)
                  0x000098          0x4 LONG 0x1b0 DEFINED (__AltOC1Interrupt)?ABSOLUTE (__AltOC1Interrupt):DEFINED (__OC1Interrupt)?ABSOLUTE (__OC1Interrupt):ABSOLUTE (__DefaultInterrupt)
                  0x00009a          0x4 LONG 0x1b0 DEFINED (__AltT1Interrupt)?ABSOLUTE (__AltT1Interrupt):DEFINED (__T1Interrupt)?ABSOLUTE (__T1Interrupt):ABSOLUTE (__DefaultInterrupt)
                  0x00009c          0x4 LONG 0x1b0 DEFINED (__AltIC2Interrupt)?ABSOLUTE (__AltIC2Interrupt):DEFINED (__IC2Interrupt)?ABSOLUTE (__IC2Interrupt):ABSOLUTE (__DefaultInterrupt)
                  0x00009e          0x4 LONG 0x1b0 DEFINED (__AltOC2Interrupt)?ABSOLUTE (__AltOC2Interrupt):DEFINED (__OC2Interrupt)?ABSOLUTE (__OC2Interrupt):ABSOLUTE (__DefaultInterrupt)
                  0x0000a0          0x4 LONG 0x144a4 DEFINED (__AltT2Interrupt)?ABSOLUTE (__AltT2Interrupt):DEFINED (__T2Interrupt)?ABSOLUTE (__T2Interrupt):ABSOLUTE (__DefaultInterrupt)
                  0x0000a2          0x4 LONG 0x1b0 DEFINED (__AltT3Interrupt)?ABSOLUTE (__AltT3Interrupt):DEFINED (__T3Interrupt)?ABSOLUTE (__T3Interrupt):ABSOLUTE (__DefaultInterrupt)
                  0x0000a4          0x4 LONG 0x1b0 DEFINED (__AltSPI1Interrupt)?ABSOLUTE (__AltSPI1Interrupt):DEFINED (__SPI1Interrupt)?ABSOLUTE (__SPI1Interrupt):ABSOLUTE (__DefaultInterrupt)
                  0x0000a6          0x4 LONG 0x1512e DEFINED (__AltU1RXInterrupt)?ABSOLUTE (__AltU1RXInterrupt):DEFINED (__U1RXInterrupt)?ABSOLUTE (__U1RXInterrupt):ABSOLUTE (__DefaultInterrupt)
                  0x0000a8          0x4 LONG 0x14f9a DEFINED (__AltU1TXInterrupt)?ABSOLUTE (__AltU1TXInterrupt):DEFINED (__U1TXInterrupt)?ABSOLUTE (__U1TXInterrupt):ABSOLUTE (__DefaultInterrupt)
                  0x0000aa          0x4 LONG 0x116b4 DEFINED (__AltADCInterrupt)?ABSOLUTE (__AltADCInterrupt):DEFINED (__ADCInterrupt)?ABSOLUTE (__ADCInterrupt):ABSOLUTE (__DefaultInterrupt)
                  0x0000ac          0x4 LONG 0x1b0 DEFINED (__AltNVMInterrupt)?ABSOLUTE (__AltNVMInterrupt):DEFINED (__NVMInterrupt)?ABSOLUTE (__NVMInterrupt):ABSOLUTE (__DefaultInterrupt)
                  0x0000ae          0x4 LONG 0x1b0 DEFINED (__AltSI2CInterrupt)?ABSOLUTE (__AltSI2CInterrupt):DEFINED (__SI2CInterrupt)?ABSOLUTE (__SI2CInterrupt):ABSOLUTE (__DefaultInterrupt)
                  0x0000b0          0x4 LONG 0x130f6 DEFINED (__AltMI2CInterrupt)?ABSOLUTE (__AltMI2CInterrupt):DEFINED (__MI2CInterrupt)?ABSOLUTE (__MI2CInterrupt):ABSOLUTE (__DefaultInterrupt)
                  0x0000b2          0x4 LONG 0x1b0 DEFINED (__AltCNInterrupt)?ABSOLUTE (__AltCNInterrupt):DEFINED (__CNInterrupt)?ABSOLUTE (__CNInterrupt):ABSOLUTE (__DefaultInterrupt)
                  0x0000b4          0x4 LONG 0x1b0 DEFINED (__AltINT1Interrupt)?ABSOLUTE (__AltINT1Interrupt):DEFINED (__INT1Interrupt)?ABSOLUTE (__INT1Interrupt):ABSOLUTE (__DefaultInterrupt)
                  0x0000b6          0x4 LONG 0x1b0 DEFINED (__AltIC7Interrupt)?ABSOLUTE (__AltIC7Interrupt):DEFINED (__IC7Interrupt)?ABSOLUTE (__IC7Interrupt):ABSOLUTE (__DefaultInterrupt)
                  0x0000b8          0x4 LONG 0x1b0 DEFINED (__AltIC8Interrupt)?ABSOLUTE (__AltIC8Interrupt):DEFINED (__IC8Interrupt)?ABSOLUTE (__IC8Interrupt):ABSOLUTE (__DefaultInterrupt)
                  0x0000ba          0x4 LONG 0x1b0 DEFINED (__AltOC3Interrupt)?ABSOLUTE (__AltOC3Interrupt):DEFINED (__OC3Interrupt)?ABSOLUTE (__OC3Interrupt):ABSOLUTE (__DefaultInterrupt)
                  0x0000bc          0x4 LONG 0x1b0 DEFINED (__AltOC4Interrupt)?ABSOLUTE (__AltOC4Interrupt):DEFINED (__OC4Interrupt)?ABSOLUTE (__OC4Interrupt):ABSOLUTE (__DefaultInterrupt)
                  0x0000be          0x4 LONG 0x151a6 DEFINED (__AltT4Interrupt)?ABSOLUTE (__AltT4Interrupt):DEFINED (__T4Interrupt)?ABSOLUTE (__T4Interrupt):ABSOLUTE (__DefaultInterrupt)
                  0x0000c0          0x4 LONG 0x14a76 DEFINED (__AltT5Interrupt)?ABSOLUTE (__AltT5Interrupt):DEFINED (__T5Interrupt)?ABSOLUTE (__T5Interrupt):ABSOLUTE (__DefaultInterrupt)
                  0x0000c2          0x4 LONG 0x1b0 DEFINED (__AltINT2Interrupt)?ABSOLUTE (__AltINT2Interrupt):DEFINED (__INT2Interrupt)?ABSOLUTE (__INT2Interrupt):ABSOLUTE (__DefaultInterrupt)
                  0x0000c4          0x4 LONG 0x1516a DEFINED (__AltU2RXInterrupt)?ABSOLUTE (__AltU2RXInterrupt):DEFINED (__U2RXInterrupt)?ABSOLUTE (__U2RXInterrupt):ABSOLUTE (__DefaultInterrupt)
                  0x0000c6          0x4 LONG 0x14ffa DEFINED (__AltU2TXInterrupt)?ABSOLUTE (__AltU2TXInterrupt):DEFINED (__U2TXInterrupt)?ABSOLUTE (__U2TXInterrupt):ABSOLUTE (__DefaultInterrupt)
                  0x0000c8          0x4 LONG 0x1b0 DEFINED (__AltSPI2Interrupt)?ABSOLUTE (__AltSPI2Interrupt):DEFINED (__SPI2Interrupt)?ABSOLUTE (__SPI2Interrupt):ABSOLUTE (__DefaultInterrupt)
                  0x0000ca          0x4 LONG 0x1b0 DEFINED (__AltC1Interrupt)?ABSOLUTE (__AltC1Interrupt):DEFINED (__C1Interrupt)?ABSOLUTE (__C1Interrupt):ABSOLUTE (__DefaultInterrupt)
                  0x0000cc          0x4 LONG 0x1b0 DEFINED (__AltIC3Interrupt)?ABSOLUTE (__AltIC3Interrupt):DEFINED (__IC3Interrupt)?ABSOLUTE (__IC3Interrupt):ABSOLUTE (__DefaultInterrupt)
                  0x0000ce          0x4 LONG 0x1b0 DEFINED (__AltIC4Interrupt)?ABSOLUTE (__AltIC4Interrupt):DEFINED (__IC4Interrupt)?ABSOLUTE (__IC4Interrupt):ABSOLUTE (__DefaultInterrupt)
                  0x0000d0          0x4 LONG 0x1b0 DEFINED (__AltIC5Interrupt)?ABSOLUTE (__AltIC5Interrupt):DEFINED (__IC5Interrupt)?ABSOLUTE (__IC5Interrupt):ABSOLUTE (__DefaultInterrupt)
                  0x0000d2          0x4 LONG 0x1b0 DEFINED (__AltIC6Interrupt)?ABSOLUTE (__AltIC6Interrupt):DEFINED (__IC6Interrupt)?ABSOLUTE (__IC6Interrupt):ABSOLUTE (__DefaultInterrupt)
                  0x0000d4          0x4 LONG 0x1b0 DEFINED (__AltOC5Interrupt)?ABSOLUTE (__AltOC5Interrupt):DEFINED (__OC5Interrupt)?ABSOLUTE (__OC5Interrupt):ABSOLUTE (__DefaultInterrupt)
                  0x0000d6          0x4 LONG 0x1b0 DEFINED (__AltOC6Interrupt)?ABSOLUTE (__AltOC6Interrupt):DEFINED (__OC6Interrupt)?ABSOLUTE (__OC6Interrupt):ABSOLUTE (__DefaultInterrupt)
                  0x0000d8          0x4 LONG 0x1b0 DEFINED (__AltOC7Interrupt)?ABSOLUTE (__AltOC7Interrupt):DEFINED (__OC7Interrupt)?ABSOLUTE (__OC7Interrupt):ABSOLUTE (__DefaultInterrupt)
                  0x0000da          0x4 LONG 0x1b0 DEFINED (__AltOC8Interrupt)?ABSOLUTE (__AltOC8Interrupt):DEFINED (__OC8Interrupt)?ABSOLUTE (__OC8Interrupt):ABSOLUTE (__DefaultInterrupt)
                  0x0000dc          0x4 LONG 0x1b0 DEFINED (__AltINT3Interrupt)?ABSOLUTE (__AltINT3Interrupt):DEFINED (__INT3Interrupt)?ABSOLUTE (__INT3Interrupt):ABSOLUTE (__DefaultInterrupt)
                  0x0000de          0x4 LONG 0x1b0 DEFINED (__AltINT4Interrupt)?ABSOLUTE (__AltINT4Interrupt):DEFINED (__INT4Interrupt)?ABSOLUTE (__INT4Interrupt):ABSOLUTE (__DefaultInterrupt)
                  0x0000e0          0x4 LONG 0x1b0 DEFINED (__AltC2Interrupt)?ABSOLUTE (__AltC2Interrupt):DEFINED (__C2Interrupt)?ABSOLUTE (__C2Interrupt):ABSOLUTE (__DefaultInterrupt)
                  0x0000e2          0x4 LONG 0x1b0 DEFINED (__AltPWMInterrupt)?ABSOLUTE (__AltPWMInterrupt):DEFINED (__PWMInterrupt)?ABSOLUTE (__PWMInterrupt):ABSOLUTE (__DefaultInterrupt)
                  0x0000e4          0x4 LONG 0x1b0 DEFINED (__AltQEIInterrupt)?ABSOLUTE (__AltQEIInterrupt):DEFINED (__QEIInterrupt)?ABSOLUTE (__QEIInterrupt):ABSOLUTE (__DefaultInterrupt)
                  0x0000e6          0x4 LONG 0x14eae DEFINED (__AltDCIInterrupt)?ABSOLUTE (__AltDCIInterrupt):DEFINED (__DCIInterrupt)?ABSOLUTE (__DCIInterrupt):ABSOLUTE (__DefaultInterrupt)
                  0x0000e8          0x4 LONG 0x1b0 DEFINED (__AltLVDInterrupt)?ABSOLUTE (__AltLVDInterrupt):DEFINED (__LVDInterrupt)?ABSOLUTE (__LVDInterrupt):ABSOLUTE (__DefaultInterrupt)
                  0x0000ea          0x4 LONG 0x1b0 DEFINED (__AltFLTAInterrupt)?ABSOLUTE (__AltFLTAInterrupt):DEFINED (__FLTAInterrupt)?ABSOLUTE (__FLTAInterrupt):ABSOLUTE (__DefaultInterrupt)
                  0x0000ec          0x4 LONG 0x1b0 DEFINED (__AltFLTBInterrupt)?ABSOLUTE (__AltFLTBInterrupt):DEFINED (__FLTBInterrupt)?ABSOLUTE (__FLTBInterrupt):ABSOLUTE (__DefaultInterrupt)
                  0x0000ee          0x4 LONG 0x1b0 DEFINED (__AltInterrupt45)?ABSOLUTE (__AltInterrupt45):DEFINED (__Interrupt45)?ABSOLUTE (__Interrupt45):ABSOLUTE (__DefaultInterrupt)
                  0x0000f0          0x4 LONG 0x1b0 DEFINED (__AltInterrupt46)?ABSOLUTE (__AltInterrupt46):DEFINED (__Interrupt46)?ABSOLUTE (__Interrupt46):ABSOLUTE (__DefaultInterrupt)
                  0x0000f2          0x4 LONG 0x1b0 DEFINED (__AltInterrupt47)?ABSOLUTE (__AltInterrupt47):DEFINED (__Interrupt47)?ABSOLUTE (__Interrupt47):ABSOLUTE (__DefaultInterrupt)
                  0x0000f4          0x4 LONG 0x1b0 DEFINED (__AltInterrupt48)?ABSOLUTE (__AltInterrupt48):DEFINED (__Interrupt48)?ABSOLUTE (__Interrupt48):ABSOLUTE (__DefaultInterrupt)
                  0x0000f6          0x4 LONG 0x1b0 DEFINED (__AltInterrupt49)?ABSOLUTE (__AltInterrupt49):DEFINED (__Interrupt49)?ABSOLUTE (__Interrupt49):ABSOLUTE (__DefaultInterrupt)
                  0x0000f8          0x4 LONG 0x1b0 DEFINED (__AltInterrupt50)?ABSOLUTE (__AltInterrupt50):DEFINED (__Interrupt50)?ABSOLUTE (__Interrupt50):ABSOLUTE (__DefaultInterrupt)
                  0x0000fa          0x4 LONG 0x1b0 DEFINED (__AltInterrupt51)?ABSOLUTE (__AltInterrupt51):DEFINED (__Interrupt51)?ABSOLUTE (__Interrupt51):ABSOLUTE (__DefaultInterrupt)
                  0x0000fc          0x4 LONG 0x1b0 DEFINED (__AltInterrupt52)?ABSOLUTE (__AltInterrupt52):DEFINED (__Interrupt52)?ABSOLUTE (__Interrupt52):ABSOLUTE (__DefaultInterrupt)
                  0x0000fe          0x4 LONG 0x1b0 DEFINED (__AltInterrupt53)?ABSOLUTE (__AltInterrupt53):DEFINED (__Interrupt53)?ABSOLUTE (__Interrupt53):ABSOLUTE (__DefaultInterrupt)
                    0x0000                  WREG0 = 0x0
                    0x0000                  _WREG0 = 0x0
                    0x0002                  WREG1 = 0x2
                    0x0002                  _WREG1 = 0x2
                    0x0004                  WREG2 = 0x4
                    0x0004                  _WREG2 = 0x4
                    0x0006                  WREG3 = 0x6
                    0x0006                  _WREG3 = 0x6
                    0x0008                  WREG4 = 0x8
                    0x0008                  _WREG4 = 0x8
                    0x000a                  WREG5 = 0xa
                    0x000a                  _WREG5 = 0xa
                    0x000c                  WREG6 = 0xc
                    0x000c                  _WREG6 = 0xc
                    0x000e                  WREG7 = 0xe
                    0x000e                  _WREG7 = 0xe
                    0x0010                  WREG8 = 0x10
                    0x0010                  _WREG8 = 0x10
                    0x0012                  WREG9 = 0x12
                    0x0012                  _WREG9 = 0x12
                    0x0014                  WREG10 = 0x14
                    0x0014                  _WREG10 = 0x14
                    0x0016                  WREG11 = 0x16
                    0x0016                  _WREG11 = 0x16
                    0x0018                  WREG12 = 0x18
                    0x0018                  _WREG12 = 0x18
                    0x001a                  WREG13 = 0x1a
                    0x001a                  _WREG13 = 0x1a
                    0x001c                  WREG14 = 0x1c
                    0x001c                  _WREG14 = 0x1c
                    0x001e                  WREG15 = 0x1e
                    0x001e                  _WREG15 = 0x1e
                    0x0020                  SPLIM = 0x20
                    0x0020                  _SPLIM = 0x20
                    0x0022                  ACCAL = 0x22
                    0x0022                  _ACCAL = 0x22
                    0x0024                  ACCAH = 0x24
                    0x0024                  _ACCAH = 0x24
                    0x0026                  ACCAU = 0x26
                    0x0026                  _ACCAU = 0x26
                    0x0028                  ACCBL = 0x28
                    0x0028                  _ACCBL = 0x28
                    0x002a                  ACCBH = 0x2a
                    0x002a                  _ACCBH = 0x2a
                    0x002c                  ACCBU = 0x2c
                    0x002c                  _ACCBU = 0x2c
                    0x002e                  PCL = 0x2e
                    0x002e                  _PCL = 0x2e
                    0x0030                  PCH = 0x30
                    0x0030                  _PCH = 0x30
                    0x0032                  TBLPAG = 0x32
                    0x0032                  _TBLPAG = 0x32
                    0x0034                  PSVPAG = 0x34
                    0x0034                  _PSVPAG = 0x34
                    0x0036                  RCOUNT = 0x36
                    0x0036                  _RCOUNT = 0x36
                    0x0038                  DCOUNT = 0x38
                    0x0038                  _DCOUNT = 0x38
                    0x003a                  DOSTARTL = 0x3a
                    0x003a                  _DOSTARTL = 0x3a
                    0x003c                  DOSTARTH = 0x3c
                    0x003c                  _DOSTARTH = 0x3c
                    0x003e                  DOENDL = 0x3e
                    0x003e                  _DOENDL = 0x3e
                    0x0040                  DOENDH = 0x40
                    0x0040                  _DOENDH = 0x40
                    0x0042                  SR = 0x42
                    0x0042                  _SR = 0x42
                    0x0042                  _SRbits = 0x42
                    0x0044                  CORCON = 0x44
                    0x0044                  _CORCON = 0x44
                    0x0044                  _CORCONbits = 0x44
                    0x0046                  MODCON = 0x46
                    0x0046                  _MODCON = 0x46
                    0x0046                  _MODCONbits = 0x46
                    0x0048                  XMODSRT = 0x48
                    0x0048                  _XMODSRT = 0x48
                    0x004a                  XMODEND = 0x4a
                    0x004a                  _XMODEND = 0x4a
                    0x004c                  YMODSRT = 0x4c
                    0x004c                  _YMODSRT = 0x4c
                    0x004e                  YMODEND = 0x4e
                    0x004e                  _YMODEND = 0x4e
                    0x0050                  XBREV = 0x50
                    0x0050                  _XBREV = 0x50
                    0x0050                  _XBREVbits = 0x50
                    0x0052                  DISICNT = 0x52
                    0x0052                  _DISICNT = 0x52
                    0x0052                  _DISICNTbits = 0x52
                    0x0080                  INTCON1 = 0x80
                    0x0080                  _INTCON1 = 0x80
                    0x0080                  _INTCON1bits = 0x80
                    0x0082                  INTCON2 = 0x82
                    0x0082                  _INTCON2 = 0x82
                    0x0082                  _INTCON2bits = 0x82
                    0x0084                  IFS0 = 0x84
                    0x0084                  _IFS0 = 0x84
                    0x0084                  _IFS0bits = 0x84
                    0x0086                  IFS1 = 0x86
                    0x0086                  _IFS1 = 0x86
                    0x0086                  _IFS1bits = 0x86
                    0x0088                  IFS2 = 0x88
                    0x0088                  _IFS2 = 0x88
                    0x0088                  _IFS2bits = 0x88
                    0x008c                  IEC0 = 0x8c
                    0x008c                  _IEC0 = 0x8c
                    0x008c                  _IEC0bits = 0x8c
                    0x008e                  IEC1 = 0x8e
                    0x008e                  _IEC1 = 0x8e
                    0x008e                  _IEC1bits = 0x8e
                    0x0090                  IEC2 = 0x90
                    0x0090                  _IEC2 = 0x90
                    0x0090                  _IEC2bits = 0x90
                    0x0094                  IPC0 = 0x94
                    0x0094                  _IPC0 = 0x94
                    0x0094                  _IPC0bits = 0x94
                    0x0096                  IPC1 = 0x96
                    0x0096                  _IPC1 = 0x96
                    0x0096                  _IPC1bits = 0x96
                    0x0098                  IPC2 = 0x98
                    0x0098                  _IPC2 = 0x98
                    0x0098                  _IPC2bits = 0x98
                    0x009a                  IPC3 = 0x9a
                    0x009a                  _IPC3 = 0x9a
                    0x009a                  _IPC3bits = 0x9a
                    0x009c                  IPC4 = 0x9c
                    0x009c                  _IPC4 = 0x9c
                    0x009c                  _IPC4bits = 0x9c
                    0x009e                  IPC5 = 0x9e
                    0x009e                  _IPC5 = 0x9e
                    0x009e                  _IPC5bits = 0x9e
                    0x00a0                  IPC6 = 0xa0
                    0x00a0                  _IPC6 = 0xa0
                    0x00a0                  _IPC6bits = 0xa0
                    0x00a2                  IPC7 = 0xa2
                    0x00a2                  _IPC7 = 0xa2
                    0x00a2                  _IPC7bits = 0xa2
                    0x00a4                  IPC8 = 0xa4
                    0x00a4                  _IPC8 = 0xa4
                    0x00a4                  _IPC8bits = 0xa4
                    0x00a6                  IPC9 = 0xa6
                    0x00a6                  _IPC9 = 0xa6
                    0x00a6                  _IPC9bits = 0xa6
                    0x00a8                  IPC10 = 0xa8
                    0x00a8                  _IPC10 = 0xa8
                    0x00a8                  _IPC10bits = 0xa8
                    0x00b0                  INTTREG = 0xb0
                    0x00b0                  _INTTREG = 0xb0
                    0x00b0                  _INTTREGbits = 0xb0
                    0x00c0                  CNEN1 = 0xc0
                    0x00c0                  _CNEN1 = 0xc0
                    0x00c0                  _CNEN1bits = 0xc0
                    0x00c2                  CNEN2 = 0xc2
                    0x00c2                  _CNEN2 = 0xc2
                    0x00c2                  _CNEN2bits = 0xc2
                    0x00c4                  CNPU1 = 0xc4
                    0x00c4                  _CNPU1 = 0xc4
                    0x00c4                  _CNPU1bits = 0xc4
                    0x00c6                  CNPU2 = 0xc6
                    0x00c6                  _CNPU2 = 0xc6
                    0x00c6                  _CNPU2bits = 0xc6
                    0x0100                  TMR1 = 0x100
                    0x0100                  _TMR1 = 0x100
                    0x0102                  PR1 = 0x102
                    0x0102                  _PR1 = 0x102
                    0x0104                  T1CON = 0x104
                    0x0104                  _T1CON = 0x104
                    0x0104                  _T1CONbits = 0x104
                    0x0106                  TMR2 = 0x106
                    0x0106                  _TMR2 = 0x106
                    0x0108                  TMR3HLD = 0x108
                    0x0108                  _TMR3HLD = 0x108
                    0x010a                  TMR3 = 0x10a
                    0x010a                  _TMR3 = 0x10a
                    0x010c                  PR2 = 0x10c
                    0x010c                  _PR2 = 0x10c
                    0x010e                  PR3 = 0x10e
                    0x010e                  _PR3 = 0x10e
                    0x0110                  T2CON = 0x110
                    0x0110                  _T2CON = 0x110
                    0x0110                  _T2CONbits = 0x110
                    0x0112                  T3CON = 0x112
                    0x0112                  _T3CON = 0x112
                    0x0112                  _T3CONbits = 0x112
                    0x0114                  TMR4 = 0x114
                    0x0114                  _TMR4 = 0x114
                    0x0116                  TMR5HLD = 0x116
                    0x0116                  _TMR5HLD = 0x116
                    0x0118                  TMR5 = 0x118
                    0x0118                  _TMR5 = 0x118
                    0x011a                  PR4 = 0x11a
                    0x011a                  _PR4 = 0x11a
                    0x011c                  PR5 = 0x11c
                    0x011c                  _PR5 = 0x11c
                    0x011e                  T4CON = 0x11e
                    0x011e                  _T4CON = 0x11e
                    0x011e                  _T4CONbits = 0x11e
                    0x0120                  T5CON = 0x120
                    0x0120                  _T5CON = 0x120
                    0x0120                  _T5CONbits = 0x120
                    0x0140                  IC1BUF = 0x140
                    0x0140                  _IC1BUF = 0x140
                    0x0142                  IC1CON = 0x142
                    0x0142                  _IC1CON = 0x142
                    0x0142                  _IC1CONbits = 0x142
                    0x0144                  IC2BUF = 0x144
                    0x0144                  _IC2BUF = 0x144
                    0x0146                  IC2CON = 0x146
                    0x0146                  _IC2CON = 0x146
                    0x0146                  _IC2CONbits = 0x146
                    0x0148                  IC3BUF = 0x148
                    0x0148                  _IC3BUF = 0x148
                    0x014a                  IC3CON = 0x14a
                    0x014a                  _IC3CON = 0x14a
                    0x014a                  _IC3CONbits = 0x14a
                    0x014c                  IC4BUF = 0x14c
                    0x014c                  _IC4BUF = 0x14c
                    0x014e                  IC4CON = 0x14e
                    0x014e                  _IC4CON = 0x14e
                    0x014e                  _IC4CONbits = 0x14e
                    0x0150                  IC5BUF = 0x150
                    0x0150                  _IC5BUF = 0x150
                    0x0152                  IC5CON = 0x152
                    0x0152                  _IC5CON = 0x152
                    0x0152                  _IC5CONbits = 0x152
                    0x0154                  IC6BUF = 0x154
                    0x0154                  _IC6BUF = 0x154
                    0x0156                  IC6CON = 0x156
                    0x0156                  _IC6CON = 0x156
                    0x0156                  _IC6CONbits = 0x156
                    0x0158                  IC7BUF = 0x158
                    0x0158                  _IC7BUF = 0x158
                    0x015a                  IC7CON = 0x15a
                    0x015a                  _IC7CON = 0x15a
                    0x015a                  _IC7CONbits = 0x15a
                    0x015c                  IC8BUF = 0x15c
                    0x015c                  _IC8BUF = 0x15c
                    0x015e                  IC8CON = 0x15e
                    0x015e                  _IC8CON = 0x15e
                    0x015e                  _IC8CONbits = 0x15e
                    0x0180                  OC1RS = 0x180
                    0x0180                  _OC1RS = 0x180
                    0x0182                  OC1R = 0x182
                    0x0182                  _OC1R = 0x182
                    0x0184                  OC1CON = 0x184
                    0x0184                  _OC1CON = 0x184
                    0x0184                  _OC1CONbits = 0x184
                    0x0186                  OC2RS = 0x186
                    0x0186                  _OC2RS = 0x186
                    0x0188                  OC2R = 0x188
                    0x0188                  _OC2R = 0x188
                    0x018a                  OC2CON = 0x18a
                    0x018a                  _OC2CON = 0x18a
                    0x018a                  _OC2CONbits = 0x18a
                    0x018c                  OC3RS = 0x18c
                    0x018c                  _OC3RS = 0x18c
                    0x018e                  OC3R = 0x18e
                    0x018e                  _OC3R = 0x18e
                    0x0190                  OC3CON = 0x190
                    0x0190                  _OC3CON = 0x190
                    0x0190                  _OC3CONbits = 0x190
                    0x0192                  OC4RS = 0x192
                    0x0192                  _OC4RS = 0x192
                    0x0194                  OC4R = 0x194
                    0x0194                  _OC4R = 0x194
                    0x0196                  OC4CON = 0x196
                    0x0196                  _OC4CON = 0x196
                    0x0196                  _OC4CONbits = 0x196
                    0x0198                  OC5RS = 0x198
                    0x0198                  _OC5RS = 0x198
                    0x019a                  OC5R = 0x19a
                    0x019a                  _OC5R = 0x19a
                    0x019c                  OC5CON = 0x19c
                    0x019c                  _OC5CON = 0x19c
                    0x019c                  _OC5CONbits = 0x19c
                    0x019e                  OC6RS = 0x19e
                    0x019e                  _OC6RS = 0x19e
                    0x01a0                  OC6R = 0x1a0
                    0x01a0                  _OC6R = 0x1a0
                    0x01a2                  OC6CON = 0x1a2
                    0x01a2                  _OC6CON = 0x1a2
                    0x01a2                  _OC6CONbits = 0x1a2
                    0x01a4                  OC7RS = 0x1a4
                    0x01a4                  _OC7RS = 0x1a4
                    0x01a6                  OC7R = 0x1a6
                    0x01a6                  _OC7R = 0x1a6
                    0x01a8                  OC7CON = 0x1a8
                    0x01a8                  _OC7CON = 0x1a8
                    0x01a8                  _OC7CONbits = 0x1a8
                    0x01aa                  OC8RS = 0x1aa
                    0x01aa                  _OC8RS = 0x1aa
                    0x01ac                  OC8R = 0x1ac
                    0x01ac                  _OC8R = 0x1ac
                    0x01ae                  OC8CON = 0x1ae
                    0x01ae                  _OC8CON = 0x1ae
                    0x01ae                  _OC8CONbits = 0x1ae
                    0x0200                  I2CRCV = 0x200
                    0x0200                  _I2CRCV = 0x200
                    0x0200                  _I2CRCVbits = 0x200
                    0x0202                  I2CTRN = 0x202
                    0x0202                  _I2CTRN = 0x202
                    0x0202                  _I2CTRNbits = 0x202
                    0x0204                  I2CBRG = 0x204
                    0x0204                  _I2CBRG = 0x204
                    0x0204                  _I2CBRGbits = 0x204
                    0x0206                  I2CCON = 0x206
                    0x0206                  _I2CCON = 0x206
                    0x0206                  _I2CCONbits = 0x206
                    0x0208                  I2CSTAT = 0x208
                    0x0208                  _I2CSTAT = 0x208
                    0x0208                  _I2CSTATbits = 0x208
                    0x020a                  I2CADD = 0x20a
                    0x020a                  _I2CADD = 0x20a
                    0x020a                  _I2CADDbits = 0x20a
                    0x020c                  U1MODE = 0x20c
                    0x020c                  _U1MODE = 0x20c
                    0x020c                  _U1MODEbits = 0x20c
                    0x020e                  U1STA = 0x20e